Archive member included because of file (symbol)

/opt/Freescale/KDS_v3/toolchain/bin/../lib/gcc/arm-none-eabi/4.8.4/../../../../arm-none-eabi/lib/armv7e-m/fpu/libm.a(lib_a-s_floor.o)
                              ./WHEEL/wheel.o (floor)
/opt/Freescale/KDS_v3/toolchain/bin/../lib/gcc/arm-none-eabi/4.8.4/../../../../arm-none-eabi/lib/armv7e-m/fpu/libm.a(lib_a-w_pow.o)
                              ./ACCEL/accel.o (pow)
/opt/Freescale/KDS_v3/toolchain/bin/../lib/gcc/arm-none-eabi/4.8.4/../../../../arm-none-eabi/lib/armv7e-m/fpu/libm.a(lib_a-w_sqrt.o)
                              ./ACCEL/accel.o (sqrt)
/opt/Freescale/KDS_v3/toolchain/bin/../lib/gcc/arm-none-eabi/4.8.4/../../../../arm-none-eabi/lib/armv7e-m/fpu/libm.a(lib_a-e_pow.o)
                              /opt/Freescale/KDS_v3/toolchain/bin/../lib/gcc/arm-none-eabi/4.8.4/../../../../arm-none-eabi/lib/armv7e-m/fpu/libm.a(lib_a-w_pow.o) (__ieee754_pow)
/opt/Freescale/KDS_v3/toolchain/bin/../lib/gcc/arm-none-eabi/4.8.4/../../../../arm-none-eabi/lib/armv7e-m/fpu/libm.a(lib_a-e_sqrt.o)
                              /opt/Freescale/KDS_v3/toolchain/bin/../lib/gcc/arm-none-eabi/4.8.4/../../../../arm-none-eabi/lib/armv7e-m/fpu/libm.a(lib_a-w_sqrt.o) (__ieee754_sqrt)
/opt/Freescale/KDS_v3/toolchain/bin/../lib/gcc/arm-none-eabi/4.8.4/../../../../arm-none-eabi/lib/armv7e-m/fpu/libm.a(lib_a-s_fabs.o)
                              /opt/Freescale/KDS_v3/toolchain/bin/../lib/gcc/arm-none-eabi/4.8.4/../../../../arm-none-eabi/lib/armv7e-m/fpu/libm.a(lib_a-e_pow.o) (fabs)
/opt/Freescale/KDS_v3/toolchain/bin/../lib/gcc/arm-none-eabi/4.8.4/../../../../arm-none-eabi/lib/armv7e-m/fpu/libm.a(lib_a-s_finite.o)
                              /opt/Freescale/KDS_v3/toolchain/bin/../lib/gcc/arm-none-eabi/4.8.4/../../../../arm-none-eabi/lib/armv7e-m/fpu/libm.a(lib_a-w_pow.o) (finite)
/opt/Freescale/KDS_v3/toolchain/bin/../lib/gcc/arm-none-eabi/4.8.4/../../../../arm-none-eabi/lib/armv7e-m/fpu/libm.a(lib_a-s_fpclassify.o)
                              /opt/Freescale/KDS_v3/toolchain/bin/../lib/gcc/arm-none-eabi/4.8.4/../../../../arm-none-eabi/lib/armv7e-m/fpu/libm.a(lib_a-w_pow.o) (__fpclassifyd)
/opt/Freescale/KDS_v3/toolchain/bin/../lib/gcc/arm-none-eabi/4.8.4/../../../../arm-none-eabi/lib/armv7e-m/fpu/libm.a(lib_a-s_lib_ver.o)
                              /opt/Freescale/KDS_v3/toolchain/bin/../lib/gcc/arm-none-eabi/4.8.4/../../../../arm-none-eabi/lib/armv7e-m/fpu/libm.a(lib_a-w_pow.o) (__fdlib_version)
/opt/Freescale/KDS_v3/toolchain/bin/../lib/gcc/arm-none-eabi/4.8.4/../../../../arm-none-eabi/lib/armv7e-m/fpu/libm.a(lib_a-s_matherr.o)
                              /opt/Freescale/KDS_v3/toolchain/bin/../lib/gcc/arm-none-eabi/4.8.4/../../../../arm-none-eabi/lib/armv7e-m/fpu/libm.a(lib_a-w_pow.o) (matherr)
/opt/Freescale/KDS_v3/toolchain/bin/../lib/gcc/arm-none-eabi/4.8.4/../../../../arm-none-eabi/lib/armv7e-m/fpu/libm.a(lib_a-s_nan.o)
                              /opt/Freescale/KDS_v3/toolchain/bin/../lib/gcc/arm-none-eabi/4.8.4/../../../../arm-none-eabi/lib/armv7e-m/fpu/libm.a(lib_a-e_pow.o) (nan)
/opt/Freescale/KDS_v3/toolchain/bin/../lib/gcc/arm-none-eabi/4.8.4/../../../../arm-none-eabi/lib/armv7e-m/fpu/libm.a(lib_a-s_rint.o)
                              /opt/Freescale/KDS_v3/toolchain/bin/../lib/gcc/arm-none-eabi/4.8.4/../../../../arm-none-eabi/lib/armv7e-m/fpu/libm.a(lib_a-w_pow.o) (rint)
/opt/Freescale/KDS_v3/toolchain/bin/../lib/gcc/arm-none-eabi/4.8.4/../../../../arm-none-eabi/lib/armv7e-m/fpu/libm.a(lib_a-s_scalbn.o)
                              /opt/Freescale/KDS_v3/toolchain/bin/../lib/gcc/arm-none-eabi/4.8.4/../../../../arm-none-eabi/lib/armv7e-m/fpu/libm.a(lib_a-e_pow.o) (scalbn)
/opt/Freescale/KDS_v3/toolchain/bin/../lib/gcc/arm-none-eabi/4.8.4/../../../../arm-none-eabi/lib/armv7e-m/fpu/libm.a(lib_a-s_copysign.o)
                              /opt/Freescale/KDS_v3/toolchain/bin/../lib/gcc/arm-none-eabi/4.8.4/../../../../arm-none-eabi/lib/armv7e-m/fpu/libm.a(lib_a-s_scalbn.o) (copysign)
/opt/Freescale/KDS_v3/toolchain/bin/../lib/gcc/arm-none-eabi/4.8.4/armv7e-m/fpu/libgcc.a(_arm_addsubdf3.o)
                              /opt/Freescale/KDS_v3/toolchain/bin/../lib/gcc/arm-none-eabi/4.8.4/../../../../arm-none-eabi/lib/armv7e-m/fpu/libm.a(lib_a-e_pow.o) (__aeabi_dsub)
/opt/Freescale/KDS_v3/toolchain/bin/../lib/gcc/arm-none-eabi/4.8.4/armv7e-m/fpu/libgcc.a(_arm_muldivdf3.o)
                              /opt/Freescale/KDS_v3/toolchain/bin/../lib/gcc/arm-none-eabi/4.8.4/../../../../arm-none-eabi/lib/armv7e-m/fpu/libm.a(lib_a-w_pow.o) (__aeabi_dmul)
/opt/Freescale/KDS_v3/toolchain/bin/../lib/gcc/arm-none-eabi/4.8.4/armv7e-m/fpu/libgcc.a(_arm_cmpdf2.o)
                              /opt/Freescale/KDS_v3/toolchain/bin/../lib/gcc/arm-none-eabi/4.8.4/../../../../arm-none-eabi/lib/armv7e-m/fpu/libm.a(lib_a-w_pow.o) (__aeabi_dcmpeq)
/opt/Freescale/KDS_v3/toolchain/bin/../lib/gcc/arm-none-eabi/4.8.4/armv7e-m/fpu/libgcc.a(_arm_fixdfsi.o)
[...]
Memory Configuration

Name             Origin             Length             Attributes
m_interrupts     0x00000000         0x00000400         xr
m_flash_config   0x00000400         0x00000010         xr
m_text           0x00000410         0x0007fbf0         xr
m_data           0x1fff0000         0x00010000         rw
m_data_2         0x20000000         0x00010000         rw
*default*        0x00000000         0xffffffff

Linker script and memory map

LOAD /opt/Freescale/KDS_v3/toolchain/bin/../lib/gcc/arm-none-eabi/4.8.4/armv7e-m/fpu/crti.o
LOAD /opt/Freescale/KDS_v3/toolchain/bin/../lib/gcc/arm-none-eabi/4.8.4/armv7e-m/fpu/crtbegin.o
LOAD /opt/Freescale/KDS_v3/toolchain/bin/../lib/gcc/arm-none-eabi/4.8.4/../../../../arm-none-eabi/lib/armv7e-m/fpu/crt0.o
LOAD ./WHEEL/wheel.o
LOAD ./UART/uart.o
LOAD ./Sources/main.o
LOAD ./SPI/spi.o
LOAD ./Project_Settings/Startup_Code/startup.o
LOAD ./Project_Settings/Startup_Code/startup_MK22F51212.o
LOAD ./Project_Settings/Startup_Code/system_MK22F51212.o
LOAD ./I2C/i2c.o
LOAD ./GPIO/gpio.o
LOAD ./FTM/ftm.o
LOAD ./Camera/camera.o
LOAD ./ACCEL/accel.o
LOAD /opt/Freescale/KDS_v3/toolchain/bin/../lib/gcc/arm-none-eabi/4.8.4/../../../../arm-none-eabi/lib/armv7e-m/fpu/libstdc++_s.a
LOAD /opt/Freescale/KDS_v3/toolchain/bin/../lib/gcc/arm-none-eabi/4.8.4/../../../../arm-none-eabi/lib/armv7e-m/fpu/libm.a
START GROUP
LOAD /opt/Freescale/KDS_v3/toolchain/bin/../lib/gcc/arm-none-eabi/4.8.4/armv7e-m/fpu/libgcc.a
LOAD /opt/Freescale/KDS_v3/toolchain/bin/../lib/gcc/arm-none-eabi/4.8.4/../../../../arm-none-eabi/lib/armv7e-m/fpu/libg_s.a
LOAD /opt/Freescale/KDS_v3/toolchain/bin/../lib/gcc/arm-none-eabi/4.8.4/../../../../arm-none-eabi/lib/armv7e-m/fpu/libc_s.a
END GROUP
START GROUP
LOAD /opt/Freescale/KDS_v3/toolchain/bin/../lib/gcc/arm-none-eabi/4.8.4/armv7e-m/fpu/libgcc.a
LOAD /opt/Freescale/KDS_v3/toolchain/bin/../lib/gcc/arm-none-eabi/4.8.4/../../../../arm-none-eabi/lib/armv7e-m/fpu/libc_s.a
LOAD /opt/Freescale/KDS_v3/toolchain/bin/../lib/gcc/arm-none-eabi/4.8.4/../../../../arm-none-eabi/lib/armv7e-m/fpu/libnosys.a
END GROUP
START GROUP
LOAD /opt/Freescale/KDS_v3/toolchain/bin/../lib/gcc/arm-none-eabi/4.8.4/armv7e-m/fpu/libgcc.a
LOAD /opt/Freescale/KDS_v3/toolchain/bin/../lib/gcc/arm-none-eabi/4.8.4/../../../../arm-none-eabi/lib/armv7e-m/fpu/libc_s.a
LOAD /opt/Freescale/KDS_v3/toolchain/bin/../lib/gcc/arm-none-eabi/4.8.4/../../../../arm-none-eabi/lib/armv7e-m/fpu/libnosys.a
END GROUP
LOAD /opt/Freescale/KDS_v3/toolchain/bin/../lib/gcc/arm-none-eabi/4.8.4/armv7e-m/fpu/crtend.o
LOAD /opt/Freescale/KDS_v3/toolchain/bin/../lib/gcc/arm-none-eabi/4.8.4/armv7e-m/fpu/crtn.o
                0x00000400                HEAP_SIZE = DEFINED (__heap_size__)?__heap_size__:0x400
                0x00000400                STACK_SIZE = DEFINED (__stack_size__)?__stack_size__:0x400
                0x00000000                M_VECTOR_RAM_SIZE = DEFINED (__ram_vector_table__)?0x400:0x0

.interrupts     0x00000000      0x400
                0x00000000                __VECTOR_TABLE = .
                0x00000000                . = ALIGN (0x4)
 *(.isr_vector)
 .isr_vector    0x00000000      0x400 ./Project_Settings/Startup_Code/startup_MK22F51212.o
                0x00000000                __isr_vector
                0x00000400                . = ALIGN (0x4)

.flash_config   0x00000400       0x10
                0x00000400                . = ALIGN (0x4)
 *(.FlashConfig)
 .FlashConfig   0x00000400       0x10 ./Project_Settings/Startup_Code/startup_MK22F51212.o
                0x00000410                . = ALIGN (0x4)

.text           0x00000410     0x3204
                0x00000410                . = ALIGN (0x4)
 *(.text)
 .text          0x00000410       0x54 /opt/Freescale/KDS_v3/toolchain/bin/../lib/gcc/arm-none-eabi/4.8.4/armv7e-m/fpu/crtbegin.o
 .text          0x00000464       0x74 /opt/Freescale/KDS_v3/toolchain/bin/../lib/gcc/arm-none-eabi/4.8.4/../../../../arm-none-eabi/lib/armv7e-m/fpu/crt0.o
                0x00000464                _mainCRTStartup
                0x00000464                _start
 .text          0x000004d8       0x14 ./Project_Settings/Startup_Code/startup_MK22F51212.o
                0x000004d8                Reset_Handler
                0x000004e8                Reserved96_IRQHandler
                0x000004e8                Reserved54_IRQHandler
                0x000004e8                DebugMon_Handler
                0x000004e8                HardFault_Handler
                0x000004e8                Reserved86_IRQHandler
                0x000004e8                Reserved85_IRQHandler
                0x000004e8                SysTick_Handler
                0x000004e8                PendSV_Handler
                0x000004e8                NMI_Handler
                0x000004e8                UART0_RX_TX_IRQHandler
                0x000004e8                I2C1_IRQHandler
                0x000004e8                DMA2_IRQHandler
                0x000004e8                Reserved99_IRQHandler
                0x000004e8                PIT0_IRQHandler
                0x000004e8                LLWU_IRQHandler
                0x000004e8                Reserved84_IRQHandler
                0x000004e8                Reserved92_IRQHandler
                0x000004e8                UART2_RX_TX_IRQHandler
                0x000004e8                SWI_IRQHandler
                0x000004e8                ADC0_IRQHandler
                0x000004e8                UsageFault_Handler
                0x000004e8                I2S0_Tx_IRQHandler
                0x000004e8                SPI1_IRQHandler
                0x000004e8                DefaultISR
                0x000004e8                DMA9_IRQHandler
                0x000004e8                DMA14_IRQHandler
                0x000004e8                Reserved82_IRQHandler
                0x000004e8                CMP1_IRQHandler
                0x000004e8                Reserved71_IRQHandler
                0x000004e8                PORTD_IRQHandler
                0x000004e8                PORTB_IRQHandler
                0x000004e8                Reserved70_IRQHandler
                0x000004e8                ADC1_IRQHandler
                0x000004e8                PIT2_IRQHandler
                0x000004e8                I2S0_Rx_IRQHandler
                0x000004e8                Reserved53_IRQHandler
                0x000004e8                DMA5_IRQHandler
                0x000004e8                RTC_IRQHandler
                0x000004e8                PDB0_IRQHandler
                0x000004e8                FTM1_IRQHandler
                0x000004e8                Reserved61_IRQHandler
                0x000004e8                Reserved95_IRQHandler
                0x000004e8                PIT3_IRQHandler
                0x000004e8                RTC_Seconds_IRQHandler
                0x000004e8                MCG_IRQHandler
                0x000004e8                UART2_ERR_IRQHandler
                0x000004e8                DMA11_IRQHandler
                0x000004e8                Read_Collision_IRQHandler
                0x000004e8                Reserved98_IRQHandler
                0x000004e8                DMA7_IRQHandler
                0x000004e8                Reserved101_IRQHandler
                0x000004e8                USB0_IRQHandler
                0x000004e8                WDOG_EWM_IRQHandler
                0x000004e8                MemManage_Handler
                0x000004e8                Reserved90_IRQHandler
                0x000004e8                Reserved83_IRQHandler
                0x000004e8                SVC_Handler
                0x000004e8                DMA13_IRQHandler
                0x000004e8                DMA3_IRQHandler
                0x000004e8                Reserved100_IRQHandler
                0x000004e8                RNG_IRQHandler
                0x000004e8                DMA0_IRQHandler
                0x000004e8                Reserved97_IRQHandler
                0x000004e8                Reserved91_IRQHandler
                0x000004e8                LPUART0_IRQHandler
                0x000004e8                DMA15_IRQHandler
                0x000004e8                DAC0_IRQHandler
                0x000004e8                Reserved81_IRQHandler
                0x000004e8                Reserved94_IRQHandler
                0x000004e8                DMA4_IRQHandler
                0x000004e8                PIT1_IRQHandler
                0x000004e8                UART0_ERR_IRQHandler
                0x000004e8                DMA_Error_IRQHandler
                0x000004e8                LVD_LVW_IRQHandler
                0x000004e8                SPI0_IRQHandler
                0x000004e8                FTM0_IRQHandler
                0x000004e8                PORTA_IRQHandler
                0x000004e8                DAC1_IRQHandler
                0x000004e8                MCM_IRQHandler
                0x000004e8                DMA12_IRQHandler
                0x000004e8                PORTE_IRQHandler
                0x000004e8                FTM2_IRQHandler
                0x000004e8                LPTMR0_IRQHandler
                0x000004e8                BusFault_Handler
                0x000004e8                DMA8_IRQHandler
                0x000004e8                Reserved93_IRQHandler
                0x000004e8                DMA10_IRQHandler
                0x000004e8                UART1_ERR_IRQHandler
                0x000004e8                UART1_RX_TX_IRQHandler
                0x000004e8                CMP0_IRQHandler
                0x000004e8                PORTC_IRQHandler
                0x000004e8                DMA6_IRQHandler
                0x000004e8                FTF_IRQHandler
                0x000004e8                DMA1_IRQHandler
 .text          0x000004ec      0x370 /opt/Freescale/KDS_v3/toolchain/bin/../lib/gcc/arm-none-eabi/4.8.4/armv7e-m/fpu/libgcc.a(_arm_addsubdf3.o)
                0x000004ec                __aeabi_drsub
                0x000004f4                __aeabi_dsub
                0x000004f4                __subdf3
                0x000004f8                __adddf3
                0x000004f8                __aeabi_dadd
                0x00000770                __aeabi_ui2d
                0x00000770                __floatunsidf
                0x00000790                __floatsidf
                0x00000790                __aeabi_i2d
                0x000007b4                __extendsfdf2
                0x000007b4                __aeabi_f2d
                0x000007f0                __aeabi_ul2d
                0x000007f0                __floatundidf
                0x00000800                __floatdidf
                0x00000800                __aeabi_l2d
 .text          0x0000085c      0x424 /opt/Freescale/KDS_v3/toolchain/bin/../lib/gcc/arm-none-eabi/4.8.4/armv7e-m/fpu/libgcc.a(_arm_muldivdf3.o)
                0x0000085c                __aeabi_dmul
                0x0000085c                __muldf3
                0x00000ab0                __aeabi_ddiv
                0x00000ab0                __divdf3
 .text          0x00000c80      0x110 /opt/Freescale/KDS_v3/toolchain/bin/../lib/gcc/arm-none-eabi/4.8.4/armv7e-m/fpu/libgcc.a(_arm_cmpdf2.o)
                0x00000c80                __gtdf2
                0x00000c80                __gedf2
                0x00000c88                __ltdf2
                0x00000c88                __ledf2
                0x00000c90                __cmpdf2
                0x00000c90                __eqdf2
                0x00000c90                __nedf2
                0x00000d0c                __aeabi_cdrcmple
                0x00000d1c                __aeabi_cdcmple
                0x00000d1c                __aeabi_cdcmpeq
                0x00000d2c                __aeabi_dcmpeq
                0x00000d40                __aeabi_dcmplt
                0x00000d54                __aeabi_dcmple
                0x00000d68                __aeabi_dcmpge
                0x00000d7c                __aeabi_dcmpgt
 .text          0x00000d90       0x50 /opt/Freescale/KDS_v3/toolchain/bin/../lib/gcc/arm-none-eabi/4.8.4/armv7e-m/fpu/libgcc.a(_arm_fixdfsi.o)
                0x00000d90                __fixdfsi
                0x00000d90                __aeabi_d2iz
 *(.text*)
 .text.FTM3_IRQHandler
                0x00000de0       0x44 ./WHEEL/wheel.o
                0x00000de0                FTM3_IRQHandler
 .text.motor_init
                0x00000e24       0x94 ./WHEEL/wheel.o
                0x00000e24                motor_init
 .text.UART1_putty_init
                0x00000eb8       0xc0 ./UART/uart.o
                0x00000eb8                UART1_putty_init
 .text.putty_putchar
                0x00000f78       0x30 ./UART/uart.o
                0x00000f78                putty_putchar
 .text.putty_putstr
                0x00000fa8       0x38 ./UART/uart.o
                0x00000fa8                putty_putstr
 .text.main     0x00000fe0       0x88 ./Sources/main.o
                0x00000fe0                main
 .text.SPI1_Init
                0x00001068      0x108 ./SPI/spi.o
                0x00001068                SPI1_Init
 .text.init_data_bss
                0x00001170       0xcc ./Project_Settings/Startup_Code/startup.o
                0x00001170                init_data_bss
 .text.SystemInit
                0x0000123c       0x3c ./Project_Settings/Startup_Code/system_MK22F51212.o
                0x0000123c                SystemInit
 .text.I2C0_IRQHandler
                0x00001278       0x34 ./I2C/i2c.o
                0x00001278                I2C0_IRQHandler
 .text.init_I2C
                0x000012ac       0x64 ./I2C/i2c.o
                0x000012ac                init_I2C
 .text.Pause    0x00001310       0x24 ./I2C/i2c.o
                0x00001310                Pause
 .text.IIC_StartTransmission
                0x00001334       0x64 ./I2C/i2c.o
                0x00001334                IIC_StartTransmission
 .text.I2CWriteRegister
                0x00001398       0xb8 ./I2C/i2c.o
                0x00001398                I2CWriteRegister
 .text.I2CReadMultiRegisters
                0x00001450      0x1b0 ./I2C/i2c.o
                0x00001450                I2CReadMultiRegisters
 .text.GPIO_init
                0x00001600       0xd0 ./GPIO/gpio.o
                0x00001600                GPIO_init
 .text.greenLED
                0x000016d0       0x2c ./GPIO/gpio.o
                0x000016d0                greenLED
 .text.redLED   0x000016fc       0x2c ./GPIO/gpio.o
                0x000016fc                redLED
 .text.FTM0_init
                0x00001728       0x4c ./FTM/ftm.o
                0x00001728                FTM0_init
 .text.MPU_init
                0x00001774       0x44 ./ACCEL/accel.o
                0x00001774                MPU_init
 .text.MPU_gyro_read
                0x000017b8       0x68 ./ACCEL/accel.o
                0x000017b8                MPU_gyro_read
 .text.check_tumble
                0x00001820       0xd8 ./ACCEL/accel.o
                0x00001820                check_tumble
 .text.pow      0x000018f8      0x340 /opt/Freescale/KDS_v3/toolchain/bin/../lib/gcc/arm-none-eabi/4.8.4/../../../../arm-none-eabi/lib/armv7e-m/fpu/libm.a(lib_a-w_pow.o)
                0x000018f8                pow
 .text.sqrt     0x00001c38       0xbc /opt/Freescale/KDS_v3/toolchain/bin/../lib/gcc/arm-none-eabi/4.8.4/../../../../arm-none-eabi/lib/armv7e-m/fpu/libm.a(lib_a-w_sqrt.o)
                0x00001c38                sqrt
 *fill*         0x00001cf4        0x4 
 .text.__ieee754_pow
                0x00001cf8      0xae8 /opt/Freescale/KDS_v3/toolchain/bin/../lib/gcc/arm-none-eabi/4.8.4/../../../../arm-none-eabi/lib/armv7e-m/fpu/libm.a(lib_a-e_pow.o)
                0x00001cf8                __ieee754_pow
 .text.__ieee754_sqrt
                0x000027e0      0x198 /opt/Freescale/KDS_v3/toolchain/bin/../lib/gcc/arm-none-eabi/4.8.4/../../../../arm-none-eabi/lib/armv7e-m/fpu/libm.a(lib_a-e_sqrt.o)
                0x000027e0                __ieee754_sqrt
 .text.fabs     0x00002978       0x14 /opt/Freescale/KDS_v3/toolchain/bin/../lib/gcc/arm-none-eabi/4.8.4/../../../../arm-none-eabi/lib/armv7e-m/fpu/libm.a(lib_a-s_fabs.o)
                0x00002978                fabs
 .text.finite   0x0000298c       0x10 /opt/Freescale/KDS_v3/toolchain/bin/../lib/gcc/arm-none-eabi/4.8.4/../../../../arm-none-eabi/lib/armv7e-m/fpu/libm.a(lib_a-s_finite.o)
                0x0000298c                finite
 .text.__fpclassifyd
                0x0000299c       0x54 /opt/Freescale/KDS_v3/toolchain/bin/../lib/gcc/arm-none-eabi/4.8.4/../../../../arm-none-eabi/lib/armv7e-m/fpu/libm.a(lib_a-s_fpclassify.o)
                0x0000299c                __fpclassifyd
 .text.matherr  0x000029f0        0x4 /opt/Freescale/KDS_v3/toolchain/bin/../lib/gcc/arm-none-eabi/4.8.4/../../../../arm-none-eabi/lib/armv7e-m/fpu/libm.a(lib_a-s_matherr.o)
                0x000029f0                matherr
 *fill*         0x000029f4        0x4 
 .text.nan      0x000029f8       0x10 /opt/Freescale/KDS_v3/toolchain/bin/../lib/gcc/arm-none-eabi/4.8.4/../../../../arm-none-eabi/lib/armv7e-m/fpu/libm.a(lib_a-s_nan.o)
                0x000029f8                nan
 .text.rint     0x00002a08      0x120 /opt/Freescale/KDS_v3/toolchain/bin/../lib/gcc/arm-none-eabi/4.8.4/../../../../arm-none-eabi/lib/armv7e-m/fpu/libm.a(lib_a-s_rint.o)
                0x00002a08                rint
 .text.scalbn   0x00002b28      0x120 /opt/Freescale/KDS_v3/toolchain/bin/../lib/gcc/arm-none-eabi/4.8.4/../../../../arm-none-eabi/lib/armv7e-m/fpu/libm.a(lib_a-s_scalbn.o)
                0x00002b28                scalbn
 .text.copysign
                0x00002c48       0x24 /opt/Freescale/KDS_v3/toolchain/bin/../lib/gcc/arm-none-eabi/4.8.4/../../../../arm-none-eabi/lib/armv7e-m/fpu/libm.a(lib_a-s_copysign.o)
                0x00002c48                copysign
 .text.__errno  0x00002c6c        0xc /opt/Freescale/KDS_v3/toolchain/bin/../lib/gcc/arm-none-eabi/4.8.4/../../../../arm-none-eabi/lib/armv7e-m/fpu/libg_s.a(lib_a-errno.o)
                0x00002c6c                __errno
 .text.exit     0x00002c78       0x28 /opt/Freescale/KDS_v3/toolchain/bin/../lib/gcc/arm-none-eabi/4.8.4/../../../../arm-none-eabi/lib/armv7e-m/fpu/libg_s.a(lib_a-exit.o)
                0x00002c78                exit
 .text.__libc_init_array
                0x00002ca0       0x4c /opt/Freescale/KDS_v3/toolchain/bin/../lib/gcc/arm-none-eabi/4.8.4/../../../../arm-none-eabi/lib/armv7e-m/fpu/libg_s.a(lib_a-init.o)
                0x00002ca0                __libc_init_array
 .text.memset   0x00002cec       0x10 /opt/Freescale/KDS_v3/toolchain/bin/../lib/gcc/arm-none-eabi/4.8.4/../../../../arm-none-eabi/lib/armv7e-m/fpu/libg_s.a(lib_a-memset.o)
                0x00002cec                memset
 .text.sprintf  0x00002cfc       0x48 /opt/Freescale/KDS_v3/toolchain/bin/../lib/gcc/arm-none-eabi/4.8.4/../../../../arm-none-eabi/lib/armv7e-m/fpu/libg_s.a(lib_a-sprintf.o)
                0x00002cfc                sprintf
                0x00002cfc                siprintf
 .text.__ssputs_r
                0x00002d44       0xb8 /opt/Freescale/KDS_v3/toolchain/bin/../lib/gcc/arm-none-eabi/4.8.4/../../../../arm-none-eabi/lib/armv7e-m/fpu/libg_s.a(lib_a-svfprintf.o)
                0x00002d44                __ssputs_r
 .text._svfprintf_r
                0x00002dfc      0x1dc /opt/Freescale/KDS_v3/toolchain/bin/../lib/gcc/arm-none-eabi/4.8.4/../../../../arm-none-eabi/lib/armv7e-m/fpu/libg_s.a(lib_a-svfprintf.o)
                0x00002dfc                _svfprintf_r
                0x00002dfc                _svfiprintf_r
 .text._printf_common
                0x00002fd8       0xe4 /opt/Freescale/KDS_v3/toolchain/bin/../lib/gcc/arm-none-eabi/4.8.4/../../../../arm-none-eabi/lib/armv7e-m/fpu/libg_s.a(lib_a-vfprintf_i.o)
                0x00002fd8                _printf_common
 .text._printf_i
                0x000030bc      0x228 /opt/Freescale/KDS_v3/toolchain/bin/../lib/gcc/arm-none-eabi/4.8.4/../../../../arm-none-eabi/lib/armv7e-m/fpu/libg_s.a(lib_a-vfprintf_i.o)
                0x000030bc                _printf_i
 .text.memchr   0x000032e4       0x1e /opt/Freescale/KDS_v3/toolchain/bin/../lib/gcc/arm-none-eabi/4.8.4/../../../../arm-none-eabi/lib/armv7e-m/fpu/libg_s.a(lib_a-memchr-stub.o)
                0x000032e4                memchr
 .text.memcpy   0x00003302       0x12 /opt/Freescale/KDS_v3/toolchain/bin/../lib/gcc/arm-none-eabi/4.8.4/../../../../arm-none-eabi/lib/armv7e-m/fpu/libg_s.a(lib_a-memcpy-stub.o)
                0x00003302                memcpy
 .text.memmove  0x00003314       0x36 /opt/Freescale/KDS_v3/toolchain/bin/../lib/gcc/arm-none-eabi/4.8.4/../../../../arm-none-eabi/lib/armv7e-m/fpu/libg_s.a(lib_a-memmove.o)
                0x00003314                memmove
 *fill*         0x0000334a        0x2 
 .text._free_r  0x0000334c       0x88 /opt/Freescale/KDS_v3/toolchain/bin/../lib/gcc/arm-none-eabi/4.8.4/../../../../arm-none-eabi/lib/armv7e-m/fpu/libg_s.a(lib_a-nano-freer.o)
                0x0000334c                _free_r
 .text._malloc_r
                0x000033d4       0xa8 /opt/Freescale/KDS_v3/toolchain/bin/../lib/gcc/arm-none-eabi/4.8.4/../../../../arm-none-eabi/lib/armv7e-m/fpu/libg_s.a(lib_a-nano-mallocr.o)
                0x000033d4                _malloc_r
 .text._realloc_r
                0x0000347c       0x4c /opt/Freescale/KDS_v3/toolchain/bin/../lib/gcc/arm-none-eabi/4.8.4/../../../../arm-none-eabi/lib/armv7e-m/fpu/libg_s.a(lib_a-nano-reallocr.o)
                0x0000347c                _realloc_r
 .text._sbrk_r  0x000034c8       0x20 /opt/Freescale/KDS_v3/toolchain/bin/../lib/gcc/arm-none-eabi/4.8.4/../../../../arm-none-eabi/lib/armv7e-m/fpu/libg_s.a(lib_a-sbrkr.o)
                0x000034c8                _sbrk_r
 .text.strlen   0x000034e8       0x10 /opt/Freescale/KDS_v3/toolchain/bin/../lib/gcc/arm-none-eabi/4.8.4/../../../../arm-none-eabi/lib/armv7e-m/fpu/libg_s.a(lib_a-strlen.o)
                0x000034e8                strlen
 .text._malloc_usable_size_r
                0x000034f8       0x12 /opt/Freescale/KDS_v3/toolchain/bin/../lib/gcc/arm-none-eabi/4.8.4/../../../../arm-none-eabi/lib/armv7e-m/fpu/libg_s.a(lib_a-nano-msizer.o)
                0x000034f8                _malloc_usable_size_r
 *fill*         0x0000350a        0x2 
 .text._sbrk    0x0000350c       0x34 /opt/Freescale/KDS_v3/toolchain/bin/../lib/gcc/arm-none-eabi/4.8.4/../../../../arm-none-eabi/lib/armv7e-m/fpu/libnosys.a(sbrk.o)
                0x0000350c                _sbrk
 .text._exit    0x00003540        0x4 /opt/Freescale/KDS_v3/toolchain/bin/../lib/gcc/arm-none-eabi/4.8.4/../../../../arm-none-eabi/lib/armv7e-m/fpu/libnosys.a(_exit.o)
                0x00003540                _exit
 *(.rodata)
 .rodata        0x00003544       0x30 ./Sources/main.o
 *(.rodata*)
 .rodata.str1.4
                0x00003574        0x4 /opt/Freescale/KDS_v3/toolchain/bin/../lib/gcc/arm-none-eabi/4.8.4/../../../../arm-none-eabi/lib/armv7e-m/fpu/libm.a(lib_a-w_pow.o)
 .rodata.str1.4
                0x00003578        0x5 /opt/Freescale/KDS_v3/toolchain/bin/../lib/gcc/arm-none-eabi/4.8.4/../../../../arm-none-eabi/lib/armv7e-m/fpu/libm.a(lib_a-w_sqrt.o)
                                  0x8 (size before relaxing)
 *fill*         0x0000357d        0x3 
 .rodata.dp_h   0x00003580       0x10 /opt/Freescale/KDS_v3/toolchain/bin/../lib/gcc/arm-none-eabi/4.8.4/../../../../arm-none-eabi/lib/armv7e-m/fpu/libm.a(lib_a-e_pow.o)
 .rodata.dp_l   0x00003590       0x10 /opt/Freescale/KDS_v3/toolchain/bin/../lib/gcc/arm-none-eabi/4.8.4/../../../../arm-none-eabi/lib/armv7e-m/fpu/libm.a(lib_a-e_pow.o)
 .rodata.bp     0x000035a0       0x10 /opt/Freescale/KDS_v3/toolchain/bin/../lib/gcc/arm-none-eabi/4.8.4/../../../../arm-none-eabi/lib/armv7e-m/fpu/libm.a(lib_a-e_pow.o)
 .rodata.str1.4
                0x00000000        0x8 /opt/Freescale/KDS_v3/toolchain/bin/../lib/gcc/arm-none-eabi/4.8.4/../../../../arm-none-eabi/lib/armv7e-m/fpu/libm.a(lib_a-e_pow.o)
                                  0x4 (size before relaxing)
 .rodata.TWO52  0x000035b0       0x10 /opt/Freescale/KDS_v3/toolchain/bin/../lib/gcc/arm-none-eabi/4.8.4/../../../../arm-none-eabi/lib/armv7e-m/fpu/libm.a(lib_a-s_rint.o)
 .rodata.str1.1
                0x000035c0        0x2 /opt/Freescale/KDS_v3/toolchain/bin/../lib/gcc/arm-none-eabi/4.8.4/../../../../arm-none-eabi/lib/armv7e-m/fpu/libg_s.a(lib_a-impure.o)
 *fill*         0x000035c2        0x2 
 .rodata._global_impure_ptr
                0x000035c4        0x4 /opt/Freescale/KDS_v3/toolchain/bin/../lib/gcc/arm-none-eabi/4.8.4/../../../../arm-none-eabi/lib/armv7e-m/fpu/libg_s.a(lib_a-impure.o)
                0x000035c4                _global_impure_ptr
 .rodata.str1.1
                0x000035c8       0x11 /opt/Freescale/KDS_v3/toolchain/bin/../lib/gcc/arm-none-eabi/4.8.4/../../../../arm-none-eabi/lib/armv7e-m/fpu/libg_s.a(lib_a-svfprintf.o)
 .rodata.str1.1
                0x000035d9       0x22 /opt/Freescale/KDS_v3/toolchain/bin/../lib/gcc/arm-none-eabi/4.8.4/../../../../arm-none-eabi/lib/armv7e-m/fpu/libg_s.a(lib_a-vfprintf_i.o)
 *(.glue_7)
 .glue_7        0x00000000        0x0 linker stubs
 *(.glue_7t)
 .glue_7t       0x00000000        0x0 linker stubs
 *(.eh_frame)
 *fill*         0x000035fb        0x1 
 .eh_frame      0x000035fc        0x0 /opt/Freescale/KDS_v3/toolchain/bin/../lib/gcc/arm-none-eabi/4.8.4/armv7e-m/fpu/crtbegin.o
 *(.init)
 .init          0x000035fc        0x4 /opt/Freescale/KDS_v3/toolchain/bin/../lib/gcc/arm-none-eabi/4.8.4/armv7e-m/fpu/crti.o
                0x000035fc                _init
 .init          0x00003600        0x8 /opt/Freescale/KDS_v3/toolchain/bin/../lib/gcc/arm-none-eabi/4.8.4/armv7e-m/fpu/crtn.o
 *(.fini)
 .fini          0x00003608        0x4 /opt/Freescale/KDS_v3/toolchain/bin/../lib/gcc/arm-none-eabi/4.8.4/armv7e-m/fpu/crti.o
                0x00003608                _fini
 .fini          0x0000360c        0x8 /opt/Freescale/KDS_v3/toolchain/bin/../lib/gcc/arm-none-eabi/4.8.4/armv7e-m/fpu/crtn.o
                0x00003614                . = ALIGN (0x4)

.vfp11_veneer   0x00003614        0x0
 .vfp11_veneer  0x00000000        0x0 linker stubs

.v4_bx          0x00003614        0x0
 .v4_bx         0x00000000        0x0 linker stubs

.iplt           0x00003614        0x0
 .iplt          0x00000000        0x0 /opt/Freescale/KDS_v3/toolchain/bin/../lib/gcc/arm-none-eabi/4.8.4/armv7e-m/fpu/crtbegin.o

.ARM.extab
 *(.ARM.extab* .gnu.linkonce.armextab.*)

.ARM            0x00003614        0x8
                0x00003614                __exidx_start = .
 *(.ARM.exidx*)
 .ARM.exidx     0x00003614        0x8 /opt/Freescale/KDS_v3/toolchain/bin/../lib/gcc/arm-none-eabi/4.8.4/../../../../arm-none-eabi/lib/armv7e-m/fpu/crt0.o
                0x0000361c                __exidx_end = .

.rel.dyn        0x0000361c        0x0
 .rel.iplt      0x00000000        0x0 /opt/Freescale/KDS_v3/toolchain/bin/../lib/gcc/arm-none-eabi/4.8.4/armv7e-m/fpu/crtbegin.o

.ctors          0x0000361c        0x0
                0x0000361c                __CTOR_LIST__ = .
 *crtbegin.o(.ctors)
 *crtbegin?.o(.ctors)
 *(EXCLUDE_FILE(*crtend.o *crtend?.o) .ctors)
 *(SORT(.ctors.*))
 *(.ctors)
                0x0000361c                __CTOR_END__ = .

.dtors          0x0000361c        0x0
                0x0000361c                __DTOR_LIST__ = .
 *crtbegin.o(.dtors)
 *crtbegin?.o(.dtors)
 *(EXCLUDE_FILE(*crtend.o *crtend?.o) .dtors)
 *(SORT(.dtors.*))
 *(.dtors)
                0x0000361c                __DTOR_END__ = .

.preinit_array  0x0000361c        0x0
                0x0000361c                PROVIDE (__preinit_array_start, .)
 *(.preinit_array*)
                0x0000361c                PROVIDE (__preinit_array_end, .)

.init_array     0x0000361c        0x4
                0x0000361c                PROVIDE (__init_array_start, .)
 *(SORT(.init_array.*))
 *(.init_array*)
 .init_array    0x0000361c        0x4 /opt/Freescale/KDS_v3/toolchain/bin/../lib/gcc/arm-none-eabi/4.8.4/armv7e-m/fpu/crtbegin.o
                0x00003620                PROVIDE (__init_array_end, .)

.fini_array     0x00003620        0x4
                0x00003620                PROVIDE (__fini_array_start, .)
 *(SORT(.fini_array.*))
 *(.fini_array*)
 .fini_array    0x00003620        0x4 /opt/Freescale/KDS_v3/toolchain/bin/../lib/gcc/arm-none-eabi/4.8.4/armv7e-m/fpu/crtbegin.o
                0x00003624                PROVIDE (__fini_array_end, .)
                0x00003624                __etext = .
                0x00003624                __DATA_ROM = .

.interrupts_ram
                0x1fff0000        0x0
                0x1fff0000                . = ALIGN (0x4)
                0x1fff0000                __VECTOR_RAM__ = .
                0x1fff0000                __interrupts_ram_start__ = .
 *(.m_interrupts_ram)
                0x1fff0000                . = (. + M_VECTOR_RAM_SIZE)
                0x1fff0000                . = ALIGN (0x4)
                0x1fff0000                __interrupts_ram_end__ = .
                0x00000000                __VECTOR_RAM = DEFINED (__ram_vector_table__)?__VECTOR_RAM__:ORIGIN (m_interrupts)
                0x00000000                __RAM_VECTOR_TABLE_SIZE_BYTES = DEFINED (__ram_vector_table__)?(__interrupts_ram_end__ - __interrupts_ram_start__):0x0

.data           0x1fff0000       0x6c load address 0x00003624
                0x1fff0000                . = ALIGN (0x4)
                0x1fff0000                __DATA_RAM = .
                0x1fff0000                __data_start__ = .
 *(.data)
 *(.data*)
 .data.__fdlib_version
                0x1fff0000        0x1 /opt/Freescale/KDS_v3/toolchain/bin/../lib/gcc/arm-none-eabi/4.8.4/../../../../arm-none-eabi/lib/armv7e-m/fpu/libm.a(lib_a-s_lib_ver.o)
                0x1fff0000                __fdlib_version
 *fill*         0x1fff0001        0x3 
 .data.impure_data
                0x1fff0004       0x60 /opt/Freescale/KDS_v3/toolchain/bin/../lib/gcc/arm-none-eabi/4.8.4/../../../../arm-none-eabi/lib/armv7e-m/fpu/libg_s.a(lib_a-impure.o)
 .data._impure_ptr
                0x1fff0064        0x4 /opt/Freescale/KDS_v3/toolchain/bin/../lib/gcc/arm-none-eabi/4.8.4/../../../../arm-none-eabi/lib/armv7e-m/fpu/libg_s.a(lib_a-impure.o)
                0x1fff0064                _impure_ptr
 *(.jcr*)
 .jcr           0x1fff0068        0x0 /opt/Freescale/KDS_v3/toolchain/bin/../lib/gcc/arm-none-eabi/4.8.4/armv7e-m/fpu/crtbegin.o
 .jcr           0x1fff0068        0x4 /opt/Freescale/KDS_v3/toolchain/bin/../lib/gcc/arm-none-eabi/4.8.4/armv7e-m/fpu/crtend.o
                0x1fff006c                . = ALIGN (0x4)
                0x1fff006c                __data_end__ = .
                0x00003690                __DATA_END = (__DATA_ROM + (__data_end__ - __data_start__))
                0x00080000                text_end = (ORIGIN (m_text) + 0x7fbf0)
                0x00000001                ASSERT ((__DATA_END <= text_end), region m_text overflowed with text and data)

.igot.plt       0x1fff006c        0x0 load address 0x00003690
 .igot.plt      0x00000000        0x0 /opt/Freescale/KDS_v3/toolchain/bin/../lib/gcc/arm-none-eabi/4.8.4/armv7e-m/fpu/crtbegin.o

.bss            0x1fff006c       0x44 load address 0x00003690
                0x1fff006c                . = ALIGN (0x4)
                0x1fff006c                __START_BSS = .
                0x1fff006c                __bss_start__ = .
 *(.bss)
 .bss           0x1fff006c       0x1c /opt/Freescale/KDS_v3/toolchain/bin/../lib/gcc/arm-none-eabi/4.8.4/armv7e-m/fpu/crtbegin.o
 *(.bss*)
 .bss.__malloc_sbrk_start
                0x1fff0088        0x4 /opt/Freescale/KDS_v3/toolchain/bin/../lib/gcc/arm-none-eabi/4.8.4/../../../../arm-none-eabi/lib/armv7e-m/fpu/libg_s.a(lib_a-nano-mallocr.o)
                0x1fff0088                __malloc_sbrk_start
 .bss.__malloc_free_list
                0x1fff008c        0x4 /opt/Freescale/KDS_v3/toolchain/bin/../lib/gcc/arm-none-eabi/4.8.4/../../../../arm-none-eabi/lib/armv7e-m/fpu/libg_s.a(lib_a-nano-mallocr.o)
                0x1fff008c                __malloc_free_list
 .bss.heap_end.4246
                0x1fff0090        0x4 /opt/Freescale/KDS_v3/toolchain/bin/../lib/gcc/arm-none-eabi/4.8.4/../../../../arm-none-eabi/lib/armv7e-m/fpu/libnosys.a(sbrk.o)
 *(COMMON)
 COMMON         0x1fff0094       0x18 ./I2C/i2c.o
                0x1fff0094                MasterTransmission
                0x1fff0098                result
 COMMON         0x1fff00ac        0x4 /opt/Freescale/KDS_v3/toolchain/bin/../lib/gcc/arm-none-eabi/4.8.4/../../../../arm-none-eabi/lib/armv7e-m/fpu/libg_s.a(lib_a-reent.o)
                0x1fff00ac                errno
                0x1fff00b0                . = ALIGN (0x4)
                0x1fff00b0                __bss_end__ = .
                0x1fff00b0                __END_BSS = .

.heap           0x20000000      0x400
                0x20000000                . = ALIGN (0x8)
                0x20000000                __end__ = .
                0x20000000                PROVIDE (end, .)
                0x20000000                __HeapBase = .
                0x20000400                . = (. + HEAP_SIZE)
 *fill*         0x20000000      0x400 
                0x20000400                __HeapLimit = .

.stack          0x20000400      0x400
                0x20000400                . = ALIGN (0x8)
                0x20000800                . = (. + STACK_SIZE)
 *fill*         0x20000400      0x400 
                0x20010000                __StackTop = (ORIGIN (m_data_2) + 0x10000)
                0x2000fc00                __StackLimit = (__StackTop - STACK_SIZE)
                0x20010000                PROVIDE (__stack, __StackTop)

.ARM.attributes
                0x00000000       0x30
 *(.ARM.attributes)
 .ARM.attributes
                0x00000000       0x22 /opt/Freescale/KDS_v3/toolchain/bin/../lib/gcc/arm-none-eabi/4.8.4/armv7e-m/fpu/crti.o
 .ARM.attributes
                0x00000022       0x34 /opt/Freescale/KDS_v3/toolchain/bin/../lib/gcc/arm-none-eabi/4.8.4/armv7e-m/fpu/crtbegin.o
 .ARM.attributes
                0x00000056       0x20 /opt/Freescale/KDS_v3/toolchain/bin/../lib/gcc/arm-none-eabi/4.8.4/../../../../arm-none-eabi/lib/armv7e-m/fpu/crt0.o
 .ARM.attributes
                0x00000076       0x39 ./WHEEL/wheel.o
 .ARM.attributes
                0x000000af       0x39 ./UART/uart.o
 .ARM.attributes
                0x000000e8       0x39 ./Sources/main.o
 .ARM.attributes
                0x00000121       0x39 ./SPI/spi.o
 .ARM.attributes
                0x0000015a       0x39 ./Project_Settings/Startup_Code/startup.o
 .ARM.attributes
                0x00000193       0x1f ./Project_Settings/Startup_Code/startup_MK22F51212.o
 .ARM.attributes
                0x000001b2       0x39 ./Project_Settings/Startup_Code/system_MK22F51212.o
 .ARM.attributes
                0x000001eb       0x39 ./I2C/i2c.o
 .ARM.attributes
                0x00000224       0x39 ./GPIO/gpio.o
 .ARM.attributes
                0x0000025d       0x39 ./FTM/ftm.o
 .ARM.attributes
                0x00000296       0x39 ./ACCEL/accel.o
 .ARM.attributes
                0x000002cf       0x34 /opt/Freescale/KDS_v3/toolchain/bin/../lib/gcc/arm-none-eabi/4.8.4/../../../../arm-none-eabi/lib/armv7e-m/fpu/libm.a(lib_a-w_pow.o)
 .ARM.attributes
                0x00000303       0x34 /opt/Freescale/KDS_v3/toolchain/bin/../lib/gcc/arm-none-eabi/4.8.4/../../../../arm-none-eabi/lib/armv7e-m/fpu/libm.a(lib_a-w_sqrt.o)
 .ARM.attributes
                0x00000337       0x34 /opt/Freescale/KDS_v3/toolchain/bin/../lib/gcc/arm-none-eabi/4.8.4/../../../../arm-none-eabi/lib/armv7e-m/fpu/libm.a(lib_a-e_pow.o)
 .ARM.attributes
                0x0000036b       0x34 /opt/Freescale/KDS_v3/toolchain/bin/../lib/gcc/arm-none-eabi/4.8.4/../../../../arm-none-eabi/lib/armv7e-m/fpu/libm.a(lib_a-e_sqrt.o)
 .ARM.attributes
                0x0000039f       0x34 /opt/Freescale/KDS_v3/toolchain/bin/../lib/gcc/arm-none-eabi/4.8.4/../../../../arm-none-eabi/lib/armv7e-m/fpu/libm.a(lib_a-s_fabs.o)
 .ARM.attributes
                0x000003d3       0x34 /opt/Freescale/KDS_v3/toolchain/bin/../lib/gcc/arm-none-eabi/4.8.4/../../../../arm-none-eabi/lib/armv7e-m/fpu/libm.a(lib_a-s_finite.o)
 .ARM.attributes
                0x00000407       0x34 /opt/Freescale/KDS_v3/toolchain/bin/../lib/gcc/arm-none-eabi/4.8.4/../../../../arm-none-eabi/lib/armv7e-m/fpu/libm.a(lib_a-s_fpclassify.o)
 .ARM.attributes
                0x0000043b       0x34 /opt/Freescale/KDS_v3/toolchain/bin/../lib/gcc/arm-none-eabi/4.8.4/../../../../arm-none-eabi/lib/armv7e-m/fpu/libm.a(lib_a-s_lib_ver.o)
 .ARM.attributes
                0x0000046f       0x34 /opt/Freescale/KDS_v3/toolchain/bin/../lib/gcc/arm-none-eabi/4.8.4/../../../../arm-none-eabi/lib/armv7e-m/fpu/libm.a(lib_a-s_matherr.o)
 .ARM.attributes
                0x000004a3       0x34 /opt/Freescale/KDS_v3/toolchain/bin/../lib/gcc/arm-none-eabi/4.8.4/../../../../arm-none-eabi/lib/armv7e-m/fpu/libm.a(lib_a-s_nan.o)
 .ARM.attributes
                0x000004d7       0x34 /opt/Freescale/KDS_v3/toolchain/bin/../lib/gcc/arm-none-eabi/4.8.4/../../../../arm-none-eabi/lib/armv7e-m/fpu/libm.a(lib_a-s_rint.o)
 .ARM.attributes
                0x0000050b       0x34 /opt/Freescale/KDS_v3/toolchain/bin/../lib/gcc/arm-none-eabi/4.8.4/../../../../arm-none-eabi/lib/armv7e-m/fpu/libm.a(lib_a-s_scalbn.o)
 .ARM.attributes
                0x0000053f       0x34 /opt/Freescale/KDS_v3/toolchain/bin/../lib/gcc/arm-none-eabi/4.8.4/../../../../arm-none-eabi/lib/armv7e-m/fpu/libm.a(lib_a-s_copysign.o)
 .ARM.attributes
                0x00000573       0x22 /opt/Freescale/KDS_v3/toolchain/bin/../lib/gcc/arm-none-eabi/4.8.4/armv7e-m/fpu/libgcc.a(_arm_addsubdf3.o)
 .ARM.attributes
                0x00000595       0x22 /opt/Freescale/KDS_v3/toolchain/bin/../lib/gcc/arm-none-eabi/4.8.4/armv7e-m/fpu/libgcc.a(_arm_muldivdf3.o)
 .ARM.attributes
                0x000005b7       0x22 /opt/Freescale/KDS_v3/toolchain/bin/../lib/gcc/arm-none-eabi/4.8.4/armv7e-m/fpu/libgcc.a(_arm_cmpdf2.o)
 .ARM.attributes
                0x000005d9       0x22 /opt/Freescale/KDS_v3/toolchain/bin/../lib/gcc/arm-none-eabi/4.8.4/armv7e-m/fpu/libgcc.a(_arm_fixdfsi.o)
 .ARM.attributes
                0x000005fb       0x34 /opt/Freescale/KDS_v3/toolchain/bin/../lib/gcc/arm-none-eabi/4.8.4/../../../../arm-none-eabi/lib/armv7e-m/fpu/libg_s.a(lib_a-errno.o)
 .ARM.attributes
                0x0000062f       0x34 /opt/Freescale/KDS_v3/toolchain/bin/../lib/gcc/arm-none-eabi/4.8.4/../../../../arm-none-eabi/lib/armv7e-m/fpu/libg_s.a(lib_a-exit.o)
 .ARM.attributes
                0x00000663       0x34 /opt/Freescale/KDS_v3/toolchain/bin/../lib/gcc/arm-none-eabi/4.8.4/../../../../arm-none-eabi/lib/armv7e-m/fpu/libg_s.a(lib_a-impure.o)
 .ARM.attributes
                0x00000697       0x34 /opt/Freescale/KDS_v3/toolchain/bin/../lib/gcc/arm-none-eabi/4.8.4/../../../../arm-none-eabi/lib/armv7e-m/fpu/libg_s.a(lib_a-init.o)
 .ARM.attributes
                0x000006cb       0x34 /opt/Freescale/KDS_v3/toolchain/bin/../lib/gcc/arm-none-eabi/4.8.4/../../../../arm-none-eabi/lib/armv7e-m/fpu/libg_s.a(lib_a-memset.o)
 .ARM.attributes
                0x000006ff       0x34 /opt/Freescale/KDS_v3/toolchain/bin/../lib/gcc/arm-none-eabi/4.8.4/../../../../arm-none-eabi/lib/armv7e-m/fpu/libg_s.a(lib_a-sprintf.o)
 .ARM.attributes
                0x00000733       0x34 /opt/Freescale/KDS_v3/toolchain/bin/../lib/gcc/arm-none-eabi/4.8.4/../../../../arm-none-eabi/lib/armv7e-m/fpu/libg_s.a(lib_a-svfprintf.o)
 .ARM.attributes
                0x00000767       0x34 /opt/Freescale/KDS_v3/toolchain/bin/../lib/gcc/arm-none-eabi/4.8.4/../../../../arm-none-eabi/lib/armv7e-m/fpu/libg_s.a(lib_a-vfprintf_i.o)
 .ARM.attributes
                0x0000079b       0x34 /opt/Freescale/KDS_v3/toolchain/bin/../lib/gcc/arm-none-eabi/4.8.4/../../../../arm-none-eabi/lib/armv7e-m/fpu/libg_s.a(lib_a-memchr-stub.o)
 .ARM.attributes
                0x000007cf       0x34 /opt/Freescale/KDS_v3/toolchain/bin/../lib/gcc/arm-none-eabi/4.8.4/../../../../arm-none-eabi/lib/armv7e-m/fpu/libg_s.a(lib_a-memcpy-stub.o)
 .ARM.attributes
                0x00000803       0x34 /opt/Freescale/KDS_v3/toolchain/bin/../lib/gcc/arm-none-eabi/4.8.4/../../../../arm-none-eabi/lib/armv7e-m/fpu/libg_s.a(lib_a-memmove.o)
 .ARM.attributes
                0x00000837       0x34 /opt/Freescale/KDS_v3/toolchain/bin/../lib/gcc/arm-none-eabi/4.8.4/../../../../arm-none-eabi/lib/armv7e-m/fpu/libg_s.a(lib_a-nano-freer.o)
 .ARM.attributes
                0x0000086b       0x34 /opt/Freescale/KDS_v3/toolchain/bin/../lib/gcc/arm-none-eabi/4.8.4/../../../../arm-none-eabi/lib/armv7e-m/fpu/libg_s.a(lib_a-nano-mallocr.o)
 .ARM.attributes
                0x0000089f       0x34 /opt/Freescale/KDS_v3/toolchain/bin/../lib/gcc/arm-none-eabi/4.8.4/../../../../arm-none-eabi/lib/armv7e-m/fpu/libg_s.a(lib_a-nano-reallocr.o)
 .ARM.attributes
                0x000008d3       0x34 /opt/Freescale/KDS_v3/toolchain/bin/../lib/gcc/arm-none-eabi/4.8.4/../../../../arm-none-eabi/lib/armv7e-m/fpu/libg_s.a(lib_a-sbrkr.o)
 .ARM.attributes
                0x00000907       0x34 /opt/Freescale/KDS_v3/toolchain/bin/../lib/gcc/arm-none-eabi/4.8.4/../../../../arm-none-eabi/lib/armv7e-m/fpu/libg_s.a(lib_a-strlen.o)
 .ARM.attributes
                0x0000093b       0x34 /opt/Freescale/KDS_v3/toolchain/bin/../lib/gcc/arm-none-eabi/4.8.4/../../../../arm-none-eabi/lib/armv7e-m/fpu/libg_s.a(lib_a-nano-msizer.o)
 .ARM.attributes
                0x0000096f       0x34 /opt/Freescale/KDS_v3/toolchain/bin/../lib/gcc/arm-none-eabi/4.8.4/../../../../arm-none-eabi/lib/armv7e-m/fpu/libg_s.a(lib_a-reent.o)
 .ARM.attributes
                0x000009a3       0x34 /opt/Freescale/KDS_v3/toolchain/bin/../lib/gcc/arm-none-eabi/4.8.4/../../../../arm-none-eabi/lib/armv7e-m/fpu/libnosys.a(sbrk.o)
 .ARM.attributes
                0x000009d7       0x34 /opt/Freescale/KDS_v3/toolchain/bin/../lib/gcc/arm-none-eabi/4.8.4/../../../../arm-none-eabi/lib/armv7e-m/fpu/libnosys.a(_exit.o)
 .ARM.attributes
                0x00000a0b       0x34 /opt/Freescale/KDS_v3/toolchain/bin/../lib/gcc/arm-none-eabi/4.8.4/armv7e-m/fpu/crtend.o
 .ARM.attributes
                0x00000a3f       0x22 /opt/Freescale/KDS_v3/toolchain/bin/../lib/gcc/arm-none-eabi/4.8.4/armv7e-m/fpu/crtn.o
                0x00000001                ASSERT ((__StackLimit >= __HeapLimit), region m_data_2 overflowed with stack and heap)
OUTPUT(k22_testbench.elf elf32-littlearm)

.debug_info     0x00000000     0x2ed6
 .debug_info    0x00000000      0x5fb ./WHEEL/wheel.o
 .debug_info    0x000005fb      0x679 ./UART/uart.o
 .debug_info    0x00000c74      0x2b9 ./Sources/main.o
 .debug_info    0x00000f2d      0x56c ./SPI/spi.o
 .debug_info    0x00001499      0x3a7 ./Project_Settings/Startup_Code/startup.o
 .debug_info    0x00001840       0x8c ./Project_Settings/Startup_Code/startup_MK22F51212.o
 .debug_info    0x000018cc      0x5f2 ./Project_Settings/Startup_Code/system_MK22F51212.o
 .debug_info    0x00001ebe      0x582 ./I2C/i2c.o
 .debug_info    0x00002440      0x434 ./GPIO/gpio.o
 .debug_info    0x00002874      0x453 ./FTM/ftm.o
 .debug_info    0x00002cc7      0x20f ./ACCEL/accel.o

.debug_abbrev   0x00000000      0xc77
 .debug_abbrev  0x00000000      0x157 ./WHEEL/wheel.o
 .debug_abbrev  0x00000157      0x187 ./UART/uart.o
 .debug_abbrev  0x000002de      0x10c ./Sources/main.o
 .debug_abbrev  0x000003ea      0x189 ./SPI/spi.o
 .debug_abbrev  0x00000573       0xfa ./Project_Settings/Startup_Code/startup.o
 .debug_abbrev  0x0000066d       0x14 ./Project_Settings/Startup_Code/startup_MK22F51212.o
 .debug_abbrev  0x00000681      0x11a ./Project_Settings/Startup_Code/system_MK22F51212.o
 .debug_abbrev  0x0000079b      0x19c ./I2C/i2c.o
 .debug_abbrev  0x00000937      0x11f ./GPIO/gpio.o
 .debug_abbrev  0x00000a56      0x116 ./FTM/ftm.o
 .debug_abbrev  0x00000b6c      0x10b ./ACCEL/accel.o

.debug_aranges  0x00000000      0x250
 .debug_aranges
                0x00000000       0x50 ./WHEEL/wheel.o
 .debug_aranges
                0x00000050       0x38 ./UART/uart.o
 .debug_aranges
                0x00000088       0x20 ./Sources/main.o
 .debug_aranges
                0x000000a8       0x40 ./SPI/spi.o
 .debug_aranges
                0x000000e8       0x20 ./Project_Settings/Startup_Code/startup.o
 .debug_aranges
                0x00000108       0x20 ./Project_Settings/Startup_Code/startup_MK22F51212.o
 .debug_aranges
                0x00000128       0x28 ./Project_Settings/Startup_Code/system_MK22F51212.o
 .debug_aranges
                0x00000150       0x50 ./I2C/i2c.o
 .debug_aranges
                0x000001a0       0x40 ./GPIO/gpio.o
 .debug_aranges
                0x000001e0       0x30 ./FTM/ftm.o
 .debug_aranges
                0x00000210       0x40 ./ACCEL/accel.o

.debug_ranges   0x00000000      0x190
 .debug_ranges  0x00000000       0x40 ./WHEEL/wheel.o
 .debug_ranges  0x00000040       0x28 ./UART/uart.o
 .debug_ranges  0x00000068       0x10 ./Sources/main.o
 .debug_ranges  0x00000078       0x30 ./SPI/spi.o
 .debug_ranges  0x000000a8       0x10 ./Project_Settings/Startup_Code/startup.o
 .debug_ranges  0x000000b8       0x18 ./Project_Settings/Startup_Code/system_MK22F51212.o
 .debug_ranges  0x000000d0       0x40 ./I2C/i2c.o
 .debug_ranges  0x00000110       0x30 ./GPIO/gpio.o
 .debug_ranges  0x00000140       0x20 ./FTM/ftm.o
 .debug_ranges  0x00000160       0x30 ./ACCEL/accel.o

.debug_macro    0x00000000    0x220e0
 .debug_macro   0x00000000      0x183 ./WHEEL/wheel.o
 .debug_macro   0x00000183      0x856 ./WHEEL/wheel.o
 .debug_macro   0x000009d9       0x11 ./WHEEL/wheel.o
 .debug_macro   0x000009ea       0x16 ./WHEEL/wheel.o
 .debug_macro   0x00000a00       0x16 ./WHEEL/wheel.o
 .debug_macro   0x00000a16       0x44 ./WHEEL/wheel.o
 .debug_macro   0x00000a5a      0x209 ./WHEEL/wheel.o
 .debug_macro   0x00000c63       0x55 ./WHEEL/wheel.o
 .debug_macro   0x00000cb8       0x3b ./WHEEL/wheel.o
 .debug_macro   0x00000cf3       0x34 ./WHEEL/wheel.o
 .debug_macro   0x00000d27       0x26 ./WHEEL/wheel.o
 .debug_macro   0x00000d4d      0xd1d ./WHEEL/wheel.o
 .debug_macro   0x00001a6a       0x78 ./WHEEL/wheel.o
 .debug_macro   0x00001ae2     0xf0b9 ./WHEEL/wheel.o
 .debug_macro   0x00010b9b       0x58 ./WHEEL/wheel.o
 .debug_macro   0x00010bf3       0x35 ./WHEEL/wheel.o
 .debug_macro   0x00010c28       0xa3 ./WHEEL/wheel.o
 .debug_macro   0x00010ccb       0x16 ./WHEEL/wheel.o
 .debug_macro   0x00010ce1      0x10e ./WHEEL/wheel.o
 .debug_macro   0x00010def       0x7f ./WHEEL/wheel.o
 .debug_macro   0x00010e6e       0x52 ./WHEEL/wheel.o
 .debug_macro   0x00010ec0       0x16 ./WHEEL/wheel.o
 .debug_macro   0x00010ed6       0x43 ./WHEEL/wheel.o
 .debug_macro   0x00010f19      0x180 ./WHEEL/wheel.o
 .debug_macro   0x00011099       0x22 ./WHEEL/wheel.o
 .debug_macro   0x000110bb       0x16 ./WHEEL/wheel.o
 .debug_macro   0x000110d1     0xeb95 ./WHEEL/wheel.o
 .debug_macro   0x0001fc66     0x118f ./WHEEL/wheel.o
 .debug_macro   0x00020df5       0x16 ./WHEEL/wheel.o
 .debug_macro   0x00020e0b       0xde ./WHEEL/wheel.o
 .debug_macro   0x00020ee9      0x167 ./UART/uart.o
 .debug_macro   0x00021050      0x201 ./Sources/main.o
 .debug_macro   0x00021251       0x28 ./Sources/main.o
 .debug_macro   0x00021279       0x40 ./Sources/main.o
 .debug_macro   0x000212b9       0xb2 ./Sources/main.o
 .debug_macro   0x0002136b       0x1c ./Sources/main.o
 .debug_macro   0x00021387       0x35 ./Sources/main.o
 .debug_macro   0x000213bc       0x10 ./Sources/main.o
 .debug_macro   0x000213cc       0x10 ./Sources/main.o
 .debug_macro   0x000213dc       0x22 ./Sources/main.o
 .debug_macro   0x000213fe       0xbd ./Sources/main.o
 .debug_macro   0x000214bb       0x16 ./Sources/main.o
 .debug_macro   0x000214d1      0x14a ./Sources/main.o
 .debug_macro   0x0002161b      0x167 ./SPI/spi.o
 .debug_macro   0x00021782      0x171 ./Project_Settings/Startup_Code/startup.o
 .debug_macro   0x000218f3      0x162 ./Project_Settings/Startup_Code/system_MK22F51212.o
 .debug_macro   0x00021a55       0x67 ./Project_Settings/Startup_Code/system_MK22F51212.o
 .debug_macro   0x00021abc      0x180 ./I2C/i2c.o
 .debug_macro   0x00021c3c       0x3a ./I2C/i2c.o
 .debug_macro   0x00021c76      0x167 ./GPIO/gpio.o
 .debug_macro   0x00021ddd      0x171 ./FTM/ftm.o
 .debug_macro   0x00021f4e      0x192 ./ACCEL/accel.o

.debug_line     0x00000000     0x2726
 .debug_line    0x00000000      0x3cf ./WHEEL/wheel.o
 .debug_line    0x000003cf      0x38e ./UART/uart.o
 .debug_line    0x0000075d      0x481 ./Sources/main.o
 .debug_line    0x00000bde      0x3b0 ./SPI/spi.o
 .debug_line    0x00000f8e      0x36f ./Project_Settings/Startup_Code/startup.o
 .debug_line    0x000012fd       0x6d ./Project_Settings/Startup_Code/startup_MK22F51212.o
 .debug_line    0x0000136a      0x3a5 ./Project_Settings/Startup_Code/system_MK22F51212.o
 .debug_line    0x0000170f      0x537 ./I2C/i2c.o
 .debug_line    0x00001c46      0x395 ./GPIO/gpio.o
 .debug_line    0x00001fdb      0x378 ./FTM/ftm.o
 .debug_line    0x00002353      0x3d3 ./ACCEL/accel.o

.debug_str      0x00000000   0x1175a9
 .debug_str     0x00000000   0x116047 ./WHEEL/wheel.o
                             0x11625a (size before relaxing)
 .debug_str     0x00116047      0x12c ./UART/uart.o
                             0x115bb7 (size before relaxing)
 .debug_str     0x00116173      0xf9a ./Sources/main.o
                             0x11694b (size before relaxing)
 .debug_str     0x0011710d       0xbd ./SPI/spi.o
                             0x115b52 (size before relaxing)
 .debug_str     0x001171ca      0x15e ./Project_Settings/Startup_Code/startup.o
                             0x115af4 (size before relaxing)
 .debug_str     0x00117328       0xed ./Project_Settings/Startup_Code/system_MK22F51212.o
                             0x115bb1 (size before relaxing)
 .debug_str     0x00117415       0xd2 ./I2C/i2c.o
                             0x115d20 (size before relaxing)
 .debug_str     0x001174e7       0x40 ./GPIO/gpio.o
                             0x115ae4 (size before relaxing)
 .debug_str     0x00117527       0x43 ./FTM/ftm.o
                             0x115b41 (size before relaxing)
 .debug_str     0x0011756a       0x3f ./ACCEL/accel.o
                             0x116479 (size before relaxing)

.comment        0x00000000       0x70
 .comment       0x00000000       0x70 ./WHEEL/wheel.o
                                 0x71 (size before relaxing)
 .comment       0x00000000       0x71 ./UART/uart.o
 .comment       0x00000000       0x71 ./Sources/main.o
 .comment       0x00000000       0x71 ./SPI/spi.o
 .comment       0x00000000       0x71 ./Project_Settings/Startup_Code/startup.o
 .comment       0x00000000       0x71 ./Project_Settings/Startup_Code/system_MK22F51212.o
 .comment       0x00000000       0x71 ./I2C/i2c.o
 .comment       0x00000000       0x71 ./GPIO/gpio.o
 .comment       0x00000000       0x71 ./FTM/ftm.o
 .comment       0x00000000       0x71 ./ACCEL/accel.o

.debug_frame    0x00000000      0xaf8
 .debug_frame   0x00000000       0xcc ./WHEEL/wheel.o
 .debug_frame   0x000000cc       0x80 ./UART/uart.o
 .debug_frame   0x0000014c       0x30 ./Sources/main.o
 .debug_frame   0x0000017c       0xa0 ./SPI/spi.o
 .debug_frame   0x0000021c       0x2c ./Project_Settings/Startup_Code/startup.o
 .debug_frame   0x00000248       0x44 ./Project_Settings/Startup_Code/system_MK22F51212.o
 .debug_frame   0x0000028c       0xdc ./I2C/i2c.o
 .debug_frame   0x00000368       0x94 ./GPIO/gpio.o
 .debug_frame   0x000003fc       0x60 ./FTM/ftm.o
 .debug_frame   0x0000045c       0xac ./ACCEL/accel.o
 .debug_frame   0x00000508       0x40 /opt/Freescale/KDS_v3/toolchain/bin/../lib/gcc/arm-none-eabi/4.8.4/../../../../arm-none-eabi/lib/armv7e-m/fpu/libm.a(lib_a-w_pow.o)
 .debug_frame   0x00000548       0x38 /opt/Freescale/KDS_v3/toolchain/bin/../lib/gcc/arm-none-eabi/4.8.4/../../../../arm-none-eabi/lib/armv7e-m/fpu/libm.a(lib_a-w_sqrt.o)
 .debug_frame   0x00000580       0x44 /opt/Freescale/KDS_v3/toolchain/bin/../lib/gcc/arm-none-eabi/4.8.4/../../../../arm-none-eabi/lib/armv7e-m/fpu/libm.a(lib_a-e_pow.o)
 .debug_frame   0x000005c4       0x3c /opt/Freescale/KDS_v3/toolchain/bin/../lib/gcc/arm-none-eabi/4.8.4/../../../../arm-none-eabi/lib/armv7e-m/fpu/libm.a(lib_a-e_sqrt.o)
 .debug_frame   0x00000600       0x20 /opt/Freescale/KDS_v3/toolchain/bin/../lib/gcc/arm-none-eabi/4.8.4/../../../../arm-none-eabi/lib/armv7e-m/fpu/libm.a(lib_a-s_fabs.o)
 .debug_frame   0x00000620       0x20 /opt/Freescale/KDS_v3/toolchain/bin/../lib/gcc/arm-none-eabi/4.8.4/../../../../arm-none-eabi/lib/armv7e-m/fpu/libm.a(lib_a-s_finite.o)
 .debug_frame   0x00000640       0x28 /opt/Freescale/KDS_v3/toolchain/bin/../lib/gcc/arm-none-eabi/4.8.4/../../../../arm-none-eabi/lib/armv7e-m/fpu/libm.a(lib_a-s_fpclassify.o)
 .debug_frame   0x00000668       0x20 /opt/Freescale/KDS_v3/toolchain/bin/../lib/gcc/arm-none-eabi/4.8.4/../../../../arm-none-eabi/lib/armv7e-m/fpu/libm.a(lib_a-s_matherr.o)
 .debug_frame   0x00000688       0x20 /opt/Freescale/KDS_v3/toolchain/bin/../lib/gcc/arm-none-eabi/4.8.4/../../../../arm-none-eabi/lib/armv7e-m/fpu/libm.a(lib_a-s_nan.o)
 .debug_frame   0x000006a8       0x30 /opt/Freescale/KDS_v3/toolchain/bin/../lib/gcc/arm-none-eabi/4.8.4/../../../../arm-none-eabi/lib/armv7e-m/fpu/libm.a(lib_a-s_rint.o)
 .debug_frame   0x000006d8       0x2c /opt/Freescale/KDS_v3/toolchain/bin/../lib/gcc/arm-none-eabi/4.8.4/../../../../arm-none-eabi/lib/armv7e-m/fpu/libm.a(lib_a-s_scalbn.o)
 .debug_frame   0x00000704       0x28 /opt/Freescale/KDS_v3/toolchain/bin/../lib/gcc/arm-none-eabi/4.8.4/../../../../arm-none-eabi/lib/armv7e-m/fpu/libm.a(lib_a-s_copysign.o)
 .debug_frame   0x0000072c       0x20 /opt/Freescale/KDS_v3/toolchain/bin/../lib/gcc/arm-none-eabi/4.8.4/../../../../arm-none-eabi/lib/armv7e-m/fpu/libg_s.a(lib_a-errno.o)
 .debug_frame   0x0000074c       0x28 /opt/Freescale/KDS_v3/toolchain/bin/../lib/gcc/arm-none-eabi/4.8.4/../../../../arm-none-eabi/lib/armv7e-m/fpu/libg_s.a(lib_a-exit.o)
 .debug_frame   0x00000774       0x2c /opt/Freescale/KDS_v3/toolchain/bin/../lib/gcc/arm-none-eabi/4.8.4/../../../../arm-none-eabi/lib/armv7e-m/fpu/libg_s.a(lib_a-init.o)
 .debug_frame   0x000007a0       0x20 /opt/Freescale/KDS_v3/toolchain/bin/../lib/gcc/arm-none-eabi/4.8.4/../../../../arm-none-eabi/lib/armv7e-m/fpu/libg_s.a(lib_a-memset.o)
 .debug_frame   0x000007c0       0x58 /opt/Freescale/KDS_v3/toolchain/bin/../lib/gcc/arm-none-eabi/4.8.4/../../../../arm-none-eabi/lib/armv7e-m/fpu/libg_s.a(lib_a-sprintf.o)
 .debug_frame   0x00000818       0x88 /opt/Freescale/KDS_v3/toolchain/bin/../lib/gcc/arm-none-eabi/4.8.4/../../../../arm-none-eabi/lib/armv7e-m/fpu/libg_s.a(lib_a-svfprintf.o)
 .debug_frame   0x000008a0       0x60 /opt/Freescale/KDS_v3/toolchain/bin/../lib/gcc/arm-none-eabi/4.8.4/../../../../arm-none-eabi/lib/armv7e-m/fpu/libg_s.a(lib_a-vfprintf_i.o)
 .debug_frame   0x00000900       0x28 /opt/Freescale/KDS_v3/toolchain/bin/../lib/gcc/arm-none-eabi/4.8.4/../../../../arm-none-eabi/lib/armv7e-m/fpu/libg_s.a(lib_a-memchr-stub.o)
 .debug_frame   0x00000928       0x28 /opt/Freescale/KDS_v3/toolchain/bin/../lib/gcc/arm-none-eabi/4.8.4/../../../../arm-none-eabi/lib/armv7e-m/fpu/libg_s.a(lib_a-memcpy-stub.o)
 .debug_frame   0x00000950       0x2c /opt/Freescale/KDS_v3/toolchain/bin/../lib/gcc/arm-none-eabi/4.8.4/../../../../arm-none-eabi/lib/armv7e-m/fpu/libg_s.a(lib_a-memmove.o)
 .debug_frame   0x0000097c       0x2c /opt/Freescale/KDS_v3/toolchain/bin/../lib/gcc/arm-none-eabi/4.8.4/../../../../arm-none-eabi/lib/armv7e-m/fpu/libg_s.a(lib_a-nano-freer.o)
 .debug_frame   0x000009a8       0x2c /opt/Freescale/KDS_v3/toolchain/bin/../lib/gcc/arm-none-eabi/4.8.4/../../../../arm-none-eabi/lib/armv7e-m/fpu/libg_s.a(lib_a-nano-mallocr.o)
 .debug_frame   0x000009d4       0x30 /opt/Freescale/KDS_v3/toolchain/bin/../lib/gcc/arm-none-eabi/4.8.4/../../../../arm-none-eabi/lib/armv7e-m/fpu/libg_s.a(lib_a-nano-reallocr.o)
 .debug_frame   0x00000a04       0x2c /opt/Freescale/KDS_v3/toolchain/bin/../lib/gcc/arm-none-eabi/4.8.4/../../../../arm-none-eabi/lib/armv7e-m/fpu/libg_s.a(lib_a-sbrkr.o)
 .debug_frame   0x00000a30       0x20 /opt/Freescale/KDS_v3/toolchain/bin/../lib/gcc/arm-none-eabi/4.8.4/../../../../arm-none-eabi/lib/armv7e-m/fpu/libg_s.a(lib_a-strlen.o)
 .debug_frame   0x00000a50       0x20 /opt/Freescale/KDS_v3/toolchain/bin/../lib/gcc/arm-none-eabi/4.8.4/../../../../arm-none-eabi/lib/armv7e-m/fpu/libg_s.a(lib_a-nano-msizer.o)
 .debug_frame   0x00000a70       0x48 /opt/Freescale/KDS_v3/toolchain/bin/../lib/gcc/arm-none-eabi/4.8.4/../../../../arm-none-eabi/lib/armv7e-m/fpu/libg_s.a(lib_a-reent.o)
 .debug_frame   0x00000ab8       0x20 /opt/Freescale/KDS_v3/toolchain/bin/../lib/gcc/arm-none-eabi/4.8.4/../../../../arm-none-eabi/lib/armv7e-m/fpu/libnosys.a(sbrk.o)
 .debug_frame   0x00000ad8       0x20 /opt/Freescale/KDS_v3/toolchain/bin/../lib/gcc/arm-none-eabi/4.8.4/../../../../arm-none-eabi/lib/armv7e-m/fpu/libnosys.a(_exit.o)
