Archive member included because of file (symbol)

/opt/Freescale/KDS_v3/toolchain/bin/../lib/gcc/arm-none-eabi/4.8.4/../../../../arm-none-eabi/lib/armv7e-m/fpu/libg_s.a(lib_a-exit.o)
                              /opt/Freescale/KDS_v3/toolchain/bin/../lib/gcc/arm-none-eabi/4.8.4/../../../../arm-none-eabi/lib/armv7e-m/fpu/crt0.o (exit)
/opt/Freescale/KDS_v3/toolchain/bin/../lib/gcc/arm-none-eabi/4.8.4/../../../../arm-none-eabi/lib/armv7e-m/fpu/libg_s.a(lib_a-impure.o)
                              /opt/Freescale/KDS_v3/toolchain/bin/../lib/gcc/arm-none-eabi/4.8.4/../../../../arm-none-eabi/lib/armv7e-m/fpu/libg_s.a(lib_a-exit.o) (_global_impure_ptr)
/opt/Freescale/KDS_v3/toolchain/bin/../lib/gcc/arm-none-eabi/4.8.4/../../../../arm-none-eabi/lib/armv7e-m/fpu/libg_s.a(lib_a-init.o)
                              /opt/Freescale/KDS_v3/toolchain/bin/../lib/gcc/arm-none-eabi/4.8.4/../../../../arm-none-eabi/lib/armv7e-m/fpu/crt0.o (__libc_init_array)
/opt/Freescale/KDS_v3/toolchain/bin/../lib/gcc/arm-none-eabi/4.8.4/../../../../arm-none-eabi/lib/armv7e-m/fpu/libg_s.a(lib_a-memset.o)
                              /opt/Freescale/KDS_v3/toolchain/bin/../lib/gcc/arm-none-eabi/4.8.4/../../../../arm-none-eabi/lib/armv7e-m/fpu/crt0.o (memset)
/opt/Freescale/KDS_v3/toolchain/bin/../lib/gcc/arm-none-eabi/4.8.4/../../../../arm-none-eabi/lib/armv7e-m/fpu/libnosys.a(_exit.o)
                              /opt/Freescale/KDS_v3/toolchain/bin/../lib/gcc/arm-none-eabi/4.8.4/../../../../arm-none-eabi/lib/armv7e-m/fpu/libg_s.a(lib_a-exit.o) (_exit)

Allocating common symbols
Common symbol       size              file

MasterTransmission  0x1               ./I2C/i2c.o
result              0x14              ./I2C/i2c.o

Discarded input sections

 .text          0x00000000        0x0 /opt/Freescale/KDS_v3/toolchain/bin/../lib/gcc/arm-none-eabi/4.8.4/armv7e-m/fpu/crti.o
 .data          0x00000000        0x0 /opt/Freescale/KDS_v3/toolchain/bin/../lib/gcc/arm-none-eabi/4.8.4/armv7e-m/fpu/crti.o
 .bss           0x00000000        0x0 /opt/Freescale/KDS_v3/toolchain/bin/../lib/gcc/arm-none-eabi/4.8.4/armv7e-m/fpu/crti.o
 .data          0x00000000        0x4 /opt/Freescale/KDS_v3/toolchain/bin/../lib/gcc/arm-none-eabi/4.8.4/armv7e-m/fpu/crtbegin.o
 .data          0x00000000        0x0 /opt/Freescale/KDS_v3/toolchain/bin/../lib/gcc/arm-none-eabi/4.8.4/../../../../arm-none-eabi/lib/armv7e-m/fpu/crt0.o
 .bss           0x00000000        0x0 /opt/Freescale/KDS_v3/toolchain/bin/../lib/gcc/arm-none-eabi/4.8.4/../../../../arm-none-eabi/lib/armv7e-m/fpu/crt0.o
 .ARM.extab     0x00000000        0x0 /opt/Freescale/KDS_v3/toolchain/bin/../lib/gcc/arm-none-eabi/4.8.4/../../../../arm-none-eabi/lib/armv7e-m/fpu/crt0.o
 .group         0x00000000        0x8 ./UART/uart.o
 .group         0x00000000        0x8 ./UART/uart.o
 .group         0x00000000        0x8 ./UART/uart.o
 .group         0x00000000        0x8 ./UART/uart.o
 .group         0x00000000        0x8 ./UART/uart.o
 .group         0x00000000        0x8 ./UART/uart.o
 .group         0x00000000        0x8 ./UART/uart.o
 .group         0x00000000        0x8 ./UART/uart.o
 .group         0x00000000        0x8 ./UART/uart.o
 .group         0x00000000        0x8 ./UART/uart.o
 .group         0x00000000        0x8 ./UART/uart.o
 .group         0x00000000        0x8 ./UART/uart.o
 .group         0x00000000        0x8 ./UART/uart.o
 .group         0x00000000        0x8 ./UART/uart.o
 .group         0x00000000        0x8 ./UART/uart.o
 .group         0x00000000        0x8 ./UART/uart.o
 .group         0x00000000        0x8 ./UART/uart.o
 .group         0x00000000        0x8 ./UART/uart.o
 .group         0x00000000        0x8 ./UART/uart.o
 .group         0x00000000        0x8 ./UART/uart.o
 .group         0x00000000        0x8 ./UART/uart.o
 .group         0x00000000        0x8 ./UART/uart.o
 .group         0x00000000        0x8 ./UART/uart.o
 .group         0x00000000        0x8 ./UART/uart.o
 .group         0x00000000        0x8 ./UART/uart.o
 .group         0x00000000        0x8 ./UART/uart.o
 .group         0x00000000        0x8 ./UART/uart.o
 .text          0x00000000        0x0 ./UART/uart.o
 .data          0x00000000        0x0 ./UART/uart.o
 .bss           0x00000000        0x0 ./UART/uart.o
 .text.putty_getchar
                0x00000000       0x2c ./UART/uart.o
 .text.putty_putstr
                0x00000000       0x38 ./UART/uart.o
 .group         0x00000000        0x8 ./Sources/main.o
 .group         0x00000000        0x8 ./Sources/main.o
 .group         0x00000000        0x8 ./Sources/main.o
 .group         0x00000000        0x8 ./Sources/main.o
 .group         0x00000000        0x8 ./Sources/main.o
 .group         0x00000000        0x8 ./Sources/main.o
 .group         0x00000000        0x8 ./Sources/main.o
 .group         0x00000000        0x8 ./Sources/main.o
 .group         0x00000000        0x8 ./Sources/main.o
 .group         0x00000000        0x8 ./Sources/main.o
 .group         0x00000000        0x8 ./Sources/main.o
 .group         0x00000000        0x8 ./Sources/main.o
 .group         0x00000000        0x8 ./Sources/main.o
 .group         0x00000000        0x8 ./Sources/main.o
 .group         0x00000000        0x8 ./Sources/main.o
 .group         0x00000000        0x8 ./Sources/main.o
 .group         0x00000000        0x8 ./Sources/main.o
 .group         0x00000000        0x8 ./Sources/main.o
 .group         0x00000000        0x8 ./Sources/main.o
 .group         0x00000000        0x8 ./Sources/main.o
 .group         0x00000000        0x8 ./Sources/main.o
 .group         0x00000000        0x8 ./Sources/main.o
 .group         0x00000000        0x8 ./Sources/main.o
 .group         0x00000000        0x8 ./Sources/main.o
 .group         0x00000000        0x8 ./Sources/main.o
 .group         0x00000000        0x8 ./Sources/main.o
 .group         0x00000000        0x8 ./Sources/main.o
 .group         0x00000000        0x8 ./Sources/main.o
 .group         0x00000000        0x8 ./Sources/main.o
 .group         0x00000000        0x8 ./Sources/main.o
 .group         0x00000000        0x8 ./Sources/main.o
 .group         0x00000000        0x8 ./Sources/main.o
 .group         0x00000000        0x8 ./Sources/main.o
 .group         0x00000000        0x8 ./Sources/main.o
 .group         0x00000000        0x8 ./Sources/main.o
 .group         0x00000000        0x8 ./Sources/main.o
 .group         0x00000000        0x8 ./Sources/main.o
 .group         0x00000000        0x8 ./Sources/main.o
 .text          0x00000000        0x0 ./Sources/main.o
 .data          0x00000000        0x0 ./Sources/main.o
 .bss           0x00000000        0x0 ./Sources/main.o
 .data.JPEG2    0x00000000       0x50 ./Sources/main.o
 .data.JPEG_MID
                0x00000000       0x54 ./Sources/main.o
 .data.QVGA     0x00000000      0x184 ./Sources/main.o
 .data.JPEG_MINI
                0x00000000       0x50 ./Sources/main.o
 .data.JPEG_1024
                0x00000000       0x50 ./Sources/main.o
 .debug_macro   0x00000000      0x856 ./Sources/main.o
 .debug_macro   0x00000000       0x16 ./Sources/main.o
 .debug_macro   0x00000000       0x16 ./Sources/main.o
 .debug_macro   0x00000000       0x44 ./Sources/main.o
 .debug_macro   0x00000000      0x209 ./Sources/main.o
 .debug_macro   0x00000000       0x55 ./Sources/main.o
 .debug_macro   0x00000000       0x3b ./Sources/main.o
 .debug_macro   0x00000000       0x34 ./Sources/main.o
 .debug_macro   0x00000000       0x26 ./Sources/main.o
 .debug_macro   0x00000000      0xd1d ./Sources/main.o
 .debug_macro   0x00000000       0x78 ./Sources/main.o
 .debug_macro   0x00000000     0xf0b9 ./Sources/main.o
 .debug_macro   0x00000000       0x11 ./Sources/main.o
 .debug_macro   0x00000000       0x58 ./Sources/main.o
 .debug_macro   0x00000000       0x35 ./Sources/main.o
 .debug_macro   0x00000000       0xa3 ./Sources/main.o
 .debug_macro   0x00000000       0x16 ./Sources/main.o
 .debug_macro   0x00000000      0x10e ./Sources/main.o
 .debug_macro   0x00000000       0x7f ./Sources/main.o
 .debug_macro   0x00000000       0x52 ./Sources/main.o
 .debug_macro   0x00000000       0x16 ./Sources/main.o
 .debug_macro   0x00000000       0x43 ./Sources/main.o
 .debug_macro   0x00000000      0x180 ./Sources/main.o
 .debug_macro   0x00000000       0x22 ./Sources/main.o
 .debug_macro   0x00000000       0x16 ./Sources/main.o
 .debug_macro   0x00000000     0xeb95 ./Sources/main.o
 .debug_macro   0x00000000     0x118f ./Sources/main.o
 .group         0x00000000        0x8 ./SPI/spi.o
 .group         0x00000000        0x8 ./SPI/spi.o
 .group         0x00000000        0x8 ./SPI/spi.o
 .group         0x00000000        0x8 ./SPI/spi.o
 .group         0x00000000        0x8 ./SPI/spi.o
 .group         0x00000000        0x8 ./SPI/spi.o
 .group         0x00000000        0x8 ./SPI/spi.o
 .group         0x00000000        0x8 ./SPI/spi.o
 .group         0x00000000        0x8 ./SPI/spi.o
 .group         0x00000000        0x8 ./SPI/spi.o
 .group         0x00000000        0x8 ./SPI/spi.o
 .group         0x00000000        0x8 ./SPI/spi.o
 .group         0x00000000        0x8 ./SPI/spi.o
 .group         0x00000000        0x8 ./SPI/spi.o
 .group         0x00000000        0x8 ./SPI/spi.o
 .group         0x00000000        0x8 ./SPI/spi.o
 .group         0x00000000        0x8 ./SPI/spi.o
 .group         0x00000000        0x8 ./SPI/spi.o
 .group         0x00000000        0x8 ./SPI/spi.o
 .group         0x00000000        0x8 ./SPI/spi.o
 .group         0x00000000        0x8 ./SPI/spi.o
 .group         0x00000000        0x8 ./SPI/spi.o
 .group         0x00000000        0x8 ./SPI/spi.o
 .group         0x00000000        0x8 ./SPI/spi.o
 .group         0x00000000        0x8 ./SPI/spi.o
 .group         0x00000000        0x8 ./SPI/spi.o
 .group         0x00000000        0x8 ./SPI/spi.o
 .text          0x00000000        0x0 ./SPI/spi.o
 .data          0x00000000        0x0 ./SPI/spi.o
 .bss           0x00000000        0x0 ./SPI/spi.o
 .text.SPI1_read
                0x00000000       0x28 ./SPI/spi.o
 .debug_macro   0x00000000      0x856 ./SPI/spi.o
 .debug_macro   0x00000000       0x11 ./SPI/spi.o
 .debug_macro   0x00000000       0x16 ./SPI/spi.o
 .debug_macro   0x00000000       0x16 ./SPI/spi.o
 .debug_macro   0x00000000       0x44 ./SPI/spi.o
 .debug_macro   0x00000000      0x209 ./SPI/spi.o
 .debug_macro   0x00000000       0x55 ./SPI/spi.o
 .debug_macro   0x00000000       0x3b ./SPI/spi.o
 .debug_macro   0x00000000       0x34 ./SPI/spi.o
 .debug_macro   0x00000000       0x26 ./SPI/spi.o
 .debug_macro   0x00000000      0xd1d ./SPI/spi.o
 .debug_macro   0x00000000       0x78 ./SPI/spi.o
 .debug_macro   0x00000000     0xf0b9 ./SPI/spi.o
 .debug_macro   0x00000000       0x58 ./SPI/spi.o
 .debug_macro   0x00000000       0x35 ./SPI/spi.o
 .debug_macro   0x00000000       0xa3 ./SPI/spi.o
 .debug_macro   0x00000000       0x16 ./SPI/spi.o
 .debug_macro   0x00000000      0x10e ./SPI/spi.o
 .debug_macro   0x00000000       0x7f ./SPI/spi.o
 .debug_macro   0x00000000       0x52 ./SPI/spi.o
 .debug_macro   0x00000000       0x16 ./SPI/spi.o
 .debug_macro   0x00000000       0x43 ./SPI/spi.o
 .debug_macro   0x00000000      0x180 ./SPI/spi.o
 .debug_macro   0x00000000       0x22 ./SPI/spi.o
 .debug_macro   0x00000000       0x16 ./SPI/spi.o
 .debug_macro   0x00000000     0xeb95 ./SPI/spi.o
 .debug_macro   0x00000000     0x118f ./SPI/spi.o
 .group         0x00000000        0x8 ./Project_Settings/Startup_Code/startup.o
 .group         0x00000000        0x8 ./Project_Settings/Startup_Code/startup.o
 .group         0x00000000        0x8 ./Project_Settings/Startup_Code/startup.o
 .group         0x00000000        0x8 ./Project_Settings/Startup_Code/startup.o
 .group         0x00000000        0x8 ./Project_Settings/Startup_Code/startup.o
 .group         0x00000000        0x8 ./Project_Settings/Startup_Code/startup.o
 .group         0x00000000        0x8 ./Project_Settings/Startup_Code/startup.o
 .group         0x00000000        0x8 ./Project_Settings/Startup_Code/startup.o
 .group         0x00000000        0x8 ./Project_Settings/Startup_Code/startup.o
 .group         0x00000000        0x8 ./Project_Settings/Startup_Code/startup.o
 .group         0x00000000        0x8 ./Project_Settings/Startup_Code/startup.o
 .group         0x00000000        0x8 ./Project_Settings/Startup_Code/startup.o
 .group         0x00000000        0x8 ./Project_Settings/Startup_Code/startup.o
 .group         0x00000000        0x8 ./Project_Settings/Startup_Code/startup.o
 .group         0x00000000        0x8 ./Project_Settings/Startup_Code/startup.o
 .group         0x00000000        0x8 ./Project_Settings/Startup_Code/startup.o
 .group         0x00000000        0x8 ./Project_Settings/Startup_Code/startup.o
 .group         0x00000000        0x8 ./Project_Settings/Startup_Code/startup.o
 .group         0x00000000        0x8 ./Project_Settings/Startup_Code/startup.o
 .group         0x00000000        0x8 ./Project_Settings/Startup_Code/startup.o
 .group         0x00000000        0x8 ./Project_Settings/Startup_Code/startup.o
 .group         0x00000000        0x8 ./Project_Settings/Startup_Code/startup.o
 .group         0x00000000        0x8 ./Project_Settings/Startup_Code/startup.o
 .group         0x00000000        0x8 ./Project_Settings/Startup_Code/startup.o
 .group         0x00000000        0x8 ./Project_Settings/Startup_Code/startup.o
 .group         0x00000000        0x8 ./Project_Settings/Startup_Code/startup.o
 .group         0x00000000        0x8 ./Project_Settings/Startup_Code/startup.o
 .text          0x00000000        0x0 ./Project_Settings/Startup_Code/startup.o
 .data          0x00000000        0x0 ./Project_Settings/Startup_Code/startup.o
 .bss           0x00000000        0x0 ./Project_Settings/Startup_Code/startup.o
 .debug_macro   0x00000000      0x856 ./Project_Settings/Startup_Code/startup.o
 .debug_macro   0x00000000       0x11 ./Project_Settings/Startup_Code/startup.o
 .debug_macro   0x00000000       0x16 ./Project_Settings/Startup_Code/startup.o
 .debug_macro   0x00000000       0x16 ./Project_Settings/Startup_Code/startup.o
 .debug_macro   0x00000000       0x44 ./Project_Settings/Startup_Code/startup.o
 .debug_macro   0x00000000      0x209 ./Project_Settings/Startup_Code/startup.o
 .debug_macro   0x00000000       0x55 ./Project_Settings/Startup_Code/startup.o
 .debug_macro   0x00000000       0x3b ./Project_Settings/Startup_Code/startup.o
 .debug_macro   0x00000000       0x34 ./Project_Settings/Startup_Code/startup.o
 .debug_macro   0x00000000       0x26 ./Project_Settings/Startup_Code/startup.o
 .debug_macro   0x00000000      0xd1d ./Project_Settings/Startup_Code/startup.o
 .debug_macro   0x00000000       0x78 ./Project_Settings/Startup_Code/startup.o
 .debug_macro   0x00000000     0xf0b9 ./Project_Settings/Startup_Code/startup.o
 .debug_macro   0x00000000       0x58 ./Project_Settings/Startup_Code/startup.o
 .debug_macro   0x00000000       0x35 ./Project_Settings/Startup_Code/startup.o
 .debug_macro   0x00000000       0xa3 ./Project_Settings/Startup_Code/startup.o
 .debug_macro   0x00000000       0x16 ./Project_Settings/Startup_Code/startup.o
 .debug_macro   0x00000000      0x10e ./Project_Settings/Startup_Code/startup.o
 .debug_macro   0x00000000       0x7f ./Project_Settings/Startup_Code/startup.o
 .debug_macro   0x00000000       0x52 ./Project_Settings/Startup_Code/startup.o
 .debug_macro   0x00000000       0x16 ./Project_Settings/Startup_Code/startup.o
 .debug_macro   0x00000000       0x43 ./Project_Settings/Startup_Code/startup.o
 .debug_macro   0x00000000      0x180 ./Project_Settings/Startup_Code/startup.o
 .debug_macro   0x00000000       0x22 ./Project_Settings/Startup_Code/startup.o
 .debug_macro   0x00000000       0x16 ./Project_Settings/Startup_Code/startup.o
 .debug_macro   0x00000000     0xeb95 ./Project_Settings/Startup_Code/startup.o
 .debug_macro   0x00000000     0x118f ./Project_Settings/Startup_Code/startup.o
 .data          0x00000000        0x0 ./Project_Settings/Startup_Code/startup_MK22F51212.o
 .bss           0x00000000        0x0 ./Project_Settings/Startup_Code/startup_MK22F51212.o
 .group         0x00000000        0x8 ./Project_Settings/Startup_Code/system_MK22F51212.o
 .group         0x00000000        0x8 ./Project_Settings/Startup_Code/system_MK22F51212.o
 .group         0x00000000        0x8 ./Project_Settings/Startup_Code/system_MK22F51212.o
 .group         0x00000000        0x8 ./Project_Settings/Startup_Code/system_MK22F51212.o
 .group         0x00000000        0x8 ./Project_Settings/Startup_Code/system_MK22F51212.o
 .group         0x00000000        0x8 ./Project_Settings/Startup_Code/system_MK22F51212.o
 .group         0x00000000        0x8 ./Project_Settings/Startup_Code/system_MK22F51212.o
 .group         0x00000000        0x8 ./Project_Settings/Startup_Code/system_MK22F51212.o
 .group         0x00000000        0x8 ./Project_Settings/Startup_Code/system_MK22F51212.o
 .group         0x00000000        0x8 ./Project_Settings/Startup_Code/system_MK22F51212.o
 .group         0x00000000        0x8 ./Project_Settings/Startup_Code/system_MK22F51212.o
 .group         0x00000000        0x8 ./Project_Settings/Startup_Code/system_MK22F51212.o
 .group         0x00000000        0x8 ./Project_Settings/Startup_Code/system_MK22F51212.o
 .group         0x00000000        0x8 ./Project_Settings/Startup_Code/system_MK22F51212.o
 .group         0x00000000        0x8 ./Project_Settings/Startup_Code/system_MK22F51212.o
 .group         0x00000000        0x8 ./Project_Settings/Startup_Code/system_MK22F51212.o
 .group         0x00000000        0x8 ./Project_Settings/Startup_Code/system_MK22F51212.o
 .group         0x00000000        0x8 ./Project_Settings/Startup_Code/system_MK22F51212.o
 .group         0x00000000        0x8 ./Project_Settings/Startup_Code/system_MK22F51212.o
 .group         0x00000000        0x8 ./Project_Settings/Startup_Code/system_MK22F51212.o
 .group         0x00000000        0x8 ./Project_Settings/Startup_Code/system_MK22F51212.o
 .group         0x00000000        0x8 ./Project_Settings/Startup_Code/system_MK22F51212.o
 .group         0x00000000        0x8 ./Project_Settings/Startup_Code/system_MK22F51212.o
 .group         0x00000000        0x8 ./Project_Settings/Startup_Code/system_MK22F51212.o
 .group         0x00000000        0x8 ./Project_Settings/Startup_Code/system_MK22F51212.o
 .group         0x00000000        0x8 ./Project_Settings/Startup_Code/system_MK22F51212.o
 .text          0x00000000        0x0 ./Project_Settings/Startup_Code/system_MK22F51212.o
 .data          0x00000000        0x0 ./Project_Settings/Startup_Code/system_MK22F51212.o
 .bss           0x00000000        0x0 ./Project_Settings/Startup_Code/system_MK22F51212.o
 .data.SystemCoreClock
                0x00000000        0x4 ./Project_Settings/Startup_Code/system_MK22F51212.o
 .text.SystemCoreClockUpdate
                0x00000000      0x270 ./Project_Settings/Startup_Code/system_MK22F51212.o
 .debug_macro   0x00000000      0x856 ./Project_Settings/Startup_Code/system_MK22F51212.o
 .debug_macro   0x00000000       0x16 ./Project_Settings/Startup_Code/system_MK22F51212.o
 .debug_macro   0x00000000       0x44 ./Project_Settings/Startup_Code/system_MK22F51212.o
 .debug_macro   0x00000000      0x209 ./Project_Settings/Startup_Code/system_MK22F51212.o
 .debug_macro   0x00000000       0x11 ./Project_Settings/Startup_Code/system_MK22F51212.o
 .debug_macro   0x00000000       0x3b ./Project_Settings/Startup_Code/system_MK22F51212.o
 .debug_macro   0x00000000       0x34 ./Project_Settings/Startup_Code/system_MK22F51212.o
 .debug_macro   0x00000000       0x26 ./Project_Settings/Startup_Code/system_MK22F51212.o
 .debug_macro   0x00000000      0xd1d ./Project_Settings/Startup_Code/system_MK22F51212.o
 .debug_macro   0x00000000       0x78 ./Project_Settings/Startup_Code/system_MK22F51212.o
 .debug_macro   0x00000000     0xf0b9 ./Project_Settings/Startup_Code/system_MK22F51212.o
 .debug_macro   0x00000000       0x58 ./Project_Settings/Startup_Code/system_MK22F51212.o
 .debug_macro   0x00000000       0x35 ./Project_Settings/Startup_Code/system_MK22F51212.o
 .debug_macro   0x00000000       0xa3 ./Project_Settings/Startup_Code/system_MK22F51212.o
 .debug_macro   0x00000000       0x16 ./Project_Settings/Startup_Code/system_MK22F51212.o
 .debug_macro   0x00000000      0x10e ./Project_Settings/Startup_Code/system_MK22F51212.o
 .debug_macro   0x00000000       0x7f ./Project_Settings/Startup_Code/system_MK22F51212.o
 .debug_macro   0x00000000       0x52 ./Project_Settings/Startup_Code/system_MK22F51212.o
 .debug_macro   0x00000000       0x16 ./Project_Settings/Startup_Code/system_MK22F51212.o
 .debug_macro   0x00000000       0x43 ./Project_Settings/Startup_Code/system_MK22F51212.o
 .debug_macro   0x00000000      0x180 ./Project_Settings/Startup_Code/system_MK22F51212.o
 .debug_macro   0x00000000       0x22 ./Project_Settings/Startup_Code/system_MK22F51212.o
 .debug_macro   0x00000000       0x16 ./Project_Settings/Startup_Code/system_MK22F51212.o
 .debug_macro   0x00000000     0xeb95 ./Project_Settings/Startup_Code/system_MK22F51212.o
 .debug_macro   0x00000000     0x118f ./Project_Settings/Startup_Code/system_MK22F51212.o
 .group         0x00000000        0x8 ./I2C/i2c.o
 .group         0x00000000        0x8 ./I2C/i2c.o
 .group         0x00000000        0x8 ./I2C/i2c.o
 .group         0x00000000        0x8 ./I2C/i2c.o
 .group         0x00000000        0x8 ./I2C/i2c.o
 .group         0x00000000        0x8 ./I2C/i2c.o
 .group         0x00000000        0x8 ./I2C/i2c.o
 .group         0x00000000        0x8 ./I2C/i2c.o
 .group         0x00000000        0x8 ./I2C/i2c.o
 .group         0x00000000        0x8 ./I2C/i2c.o
 .group         0x00000000        0x8 ./I2C/i2c.o
 .group         0x00000000        0x8 ./I2C/i2c.o
 .group         0x00000000        0x8 ./I2C/i2c.o
 .group         0x00000000        0x8 ./I2C/i2c.o
 .group         0x00000000        0x8 ./I2C/i2c.o
 .group         0x00000000        0x8 ./I2C/i2c.o
 .group         0x00000000        0x8 ./I2C/i2c.o
 .group         0x00000000        0x8 ./I2C/i2c.o
 .group         0x00000000        0x8 ./I2C/i2c.o
 .group         0x00000000        0x8 ./I2C/i2c.o
 .group         0x00000000        0x8 ./I2C/i2c.o
 .group         0x00000000        0x8 ./I2C/i2c.o
 .group         0x00000000        0x8 ./I2C/i2c.o
 .group         0x00000000        0x8 ./I2C/i2c.o
 .group         0x00000000        0x8 ./I2C/i2c.o
 .group         0x00000000        0x8 ./I2C/i2c.o
 .group         0x00000000        0x8 ./I2C/i2c.o
 .group         0x00000000        0x8 ./I2C/i2c.o
 .text          0x00000000        0x0 ./I2C/i2c.o
 .data          0x00000000        0x0 ./I2C/i2c.o
 .bss           0x00000000        0x0 ./I2C/i2c.o
 .text.I2CReadRegister
                0x00000000      0x114 ./I2C/i2c.o
 .text.I2CReadMultiRegisters
                0x00000000      0x1b0 ./I2C/i2c.o
 .debug_macro   0x00000000      0x856 ./I2C/i2c.o
 .debug_macro   0x00000000       0x11 ./I2C/i2c.o
 .debug_macro   0x00000000       0x16 ./I2C/i2c.o
 .debug_macro   0x00000000       0x16 ./I2C/i2c.o
 .debug_macro   0x00000000       0x44 ./I2C/i2c.o
 .debug_macro   0x00000000      0x209 ./I2C/i2c.o
 .debug_macro   0x00000000       0x55 ./I2C/i2c.o
 .debug_macro   0x00000000       0x3b ./I2C/i2c.o
 .debug_macro   0x00000000       0x34 ./I2C/i2c.o
 .debug_macro   0x00000000       0x26 ./I2C/i2c.o
 .debug_macro   0x00000000      0xd1d ./I2C/i2c.o
 .debug_macro   0x00000000       0x78 ./I2C/i2c.o
 .debug_macro   0x00000000     0xf0b9 ./I2C/i2c.o
 .debug_macro   0x00000000       0x58 ./I2C/i2c.o
 .debug_macro   0x00000000       0x35 ./I2C/i2c.o
 .debug_macro   0x00000000       0xa3 ./I2C/i2c.o
 .debug_macro   0x00000000       0x16 ./I2C/i2c.o
 .debug_macro   0x00000000      0x10e ./I2C/i2c.o
 .debug_macro   0x00000000       0x7f ./I2C/i2c.o
 .debug_macro   0x00000000       0x52 ./I2C/i2c.o
 .debug_macro   0x00000000       0x16 ./I2C/i2c.o
 .debug_macro   0x00000000       0x43 ./I2C/i2c.o
 .debug_macro   0x00000000      0x180 ./I2C/i2c.o
 .debug_macro   0x00000000       0x22 ./I2C/i2c.o
 .debug_macro   0x00000000       0x16 ./I2C/i2c.o
 .debug_macro   0x00000000     0xeb95 ./I2C/i2c.o
 .debug_macro   0x00000000     0x118f ./I2C/i2c.o
 .group         0x00000000        0x8 ./GPIO/gpio.o
 .group         0x00000000        0x8 ./GPIO/gpio.o
 .group         0x00000000        0x8 ./GPIO/gpio.o
 .group         0x00000000        0x8 ./GPIO/gpio.o
 .group         0x00000000        0x8 ./GPIO/gpio.o
 .group         0x00000000        0x8 ./GPIO/gpio.o
 .group         0x00000000        0x8 ./GPIO/gpio.o
 .group         0x00000000        0x8 ./GPIO/gpio.o
 .group         0x00000000        0x8 ./GPIO/gpio.o
 .group         0x00000000        0x8 ./GPIO/gpio.o
 .group         0x00000000        0x8 ./GPIO/gpio.o
 .group         0x00000000        0x8 ./GPIO/gpio.o
 .group         0x00000000        0x8 ./GPIO/gpio.o
 .group         0x00000000        0x8 ./GPIO/gpio.o
 .group         0x00000000        0x8 ./GPIO/gpio.o
 .group         0x00000000        0x8 ./GPIO/gpio.o
 .group         0x00000000        0x8 ./GPIO/gpio.o
 .group         0x00000000        0x8 ./GPIO/gpio.o
 .group         0x00000000        0x8 ./GPIO/gpio.o
 .group         0x00000000        0x8 ./GPIO/gpio.o
 .group         0x00000000        0x8 ./GPIO/gpio.o
 .group         0x00000000        0x8 ./GPIO/gpio.o
 .group         0x00000000        0x8 ./GPIO/gpio.o
 .group         0x00000000        0x8 ./GPIO/gpio.o
 .group         0x00000000        0x8 ./GPIO/gpio.o
 .group         0x00000000        0x8 ./GPIO/gpio.o
 .group         0x00000000        0x8 ./GPIO/gpio.o
 .text          0x00000000        0x0 ./GPIO/gpio.o
 .data          0x00000000        0x0 ./GPIO/gpio.o
 .bss           0x00000000        0x0 ./GPIO/gpio.o
 .text.blueLED  0x00000000       0x2c ./GPIO/gpio.o
 .text.checkSW3
                0x00000000       0x24 ./GPIO/gpio.o
 .debug_macro   0x00000000      0x856 ./GPIO/gpio.o
 .debug_macro   0x00000000       0x11 ./GPIO/gpio.o
 .debug_macro   0x00000000       0x16 ./GPIO/gpio.o
 .debug_macro   0x00000000       0x16 ./GPIO/gpio.o
 .debug_macro   0x00000000       0x44 ./GPIO/gpio.o
 .debug_macro   0x00000000      0x209 ./GPIO/gpio.o
 .debug_macro   0x00000000       0x55 ./GPIO/gpio.o
 .debug_macro   0x00000000       0x3b ./GPIO/gpio.o
 .debug_macro   0x00000000       0x34 ./GPIO/gpio.o
 .debug_macro   0x00000000       0x26 ./GPIO/gpio.o
 .debug_macro   0x00000000      0xd1d ./GPIO/gpio.o
 .debug_macro   0x00000000       0x78 ./GPIO/gpio.o
 .debug_macro   0x00000000     0xf0b9 ./GPIO/gpio.o
 .debug_macro   0x00000000       0x58 ./GPIO/gpio.o
 .debug_macro   0x00000000       0x35 ./GPIO/gpio.o
 .debug_macro   0x00000000       0xa3 ./GPIO/gpio.o
 .debug_macro   0x00000000       0x16 ./GPIO/gpio.o
 .debug_macro   0x00000000      0x10e ./GPIO/gpio.o
 .debug_macro   0x00000000       0x7f ./GPIO/gpio.o
 .debug_macro   0x00000000       0x52 ./GPIO/gpio.o
 .debug_macro   0x00000000       0x16 ./GPIO/gpio.o
 .debug_macro   0x00000000       0x43 ./GPIO/gpio.o
 .debug_macro   0x00000000      0x180 ./GPIO/gpio.o
 .debug_macro   0x00000000       0x22 ./GPIO/gpio.o
 .debug_macro   0x00000000       0x16 ./GPIO/gpio.o
 .debug_macro   0x00000000     0xeb95 ./GPIO/gpio.o
 .debug_macro   0x00000000     0x118f ./GPIO/gpio.o
 .group         0x00000000        0x8 ./FTM/ftm.o
 .group         0x00000000        0x8 ./FTM/ftm.o
 .group         0x00000000        0x8 ./FTM/ftm.o
 .group         0x00000000        0x8 ./FTM/ftm.o
 .group         0x00000000        0x8 ./FTM/ftm.o
 .group         0x00000000        0x8 ./FTM/ftm.o
 .group         0x00000000        0x8 ./FTM/ftm.o
 .group         0x00000000        0x8 ./FTM/ftm.o
 .group         0x00000000        0x8 ./FTM/ftm.o
 .group         0x00000000        0x8 ./FTM/ftm.o
 .group         0x00000000        0x8 ./FTM/ftm.o
 .group         0x00000000        0x8 ./FTM/ftm.o
 .group         0x00000000        0x8 ./FTM/ftm.o
 .group         0x00000000        0x8 ./FTM/ftm.o
 .group         0x00000000        0x8 ./FTM/ftm.o
 .group         0x00000000        0x8 ./FTM/ftm.o
 .group         0x00000000        0x8 ./FTM/ftm.o
 .group         0x00000000        0x8 ./FTM/ftm.o
 .group         0x00000000        0x8 ./FTM/ftm.o
 .group         0x00000000        0x8 ./FTM/ftm.o
 .group         0x00000000        0x8 ./FTM/ftm.o
 .group         0x00000000        0x8 ./FTM/ftm.o
 .group         0x00000000        0x8 ./FTM/ftm.o
 .group         0x00000000        0x8 ./FTM/ftm.o
 .group         0x00000000        0x8 ./FTM/ftm.o
 .group         0x00000000        0x8 ./FTM/ftm.o
 .group         0x00000000        0x8 ./FTM/ftm.o
 .text          0x00000000        0x0 ./FTM/ftm.o
 .data          0x00000000        0x0 ./FTM/ftm.o
 .bss           0x00000000        0x0 ./FTM/ftm.o
 .text.FTM0_CNT_RESET
                0x00000000       0x24 ./FTM/ftm.o
 .text.delay_us
                0x00000000       0x3c ./FTM/ftm.o
 .debug_macro   0x00000000      0x856 ./FTM/ftm.o
 .debug_macro   0x00000000       0x11 ./FTM/ftm.o
 .debug_macro   0x00000000       0x16 ./FTM/ftm.o
 .debug_macro   0x00000000       0x16 ./FTM/ftm.o
 .debug_macro   0x00000000       0x44 ./FTM/ftm.o
 .debug_macro   0x00000000      0x209 ./FTM/ftm.o
 .debug_macro   0x00000000       0x55 ./FTM/ftm.o
 .debug_macro   0x00000000       0x3b ./FTM/ftm.o
 .debug_macro   0x00000000       0x34 ./FTM/ftm.o
 .debug_macro   0x00000000       0x26 ./FTM/ftm.o
 .debug_macro   0x00000000      0xd1d ./FTM/ftm.o
 .debug_macro   0x00000000       0x78 ./FTM/ftm.o
 .debug_macro   0x00000000     0xf0b9 ./FTM/ftm.o
 .debug_macro   0x00000000       0x58 ./FTM/ftm.o
 .debug_macro   0x00000000       0x35 ./FTM/ftm.o
 .debug_macro   0x00000000       0xa3 ./FTM/ftm.o
 .debug_macro   0x00000000       0x16 ./FTM/ftm.o
 .debug_macro   0x00000000      0x10e ./FTM/ftm.o
 .debug_macro   0x00000000       0x7f ./FTM/ftm.o
 .debug_macro   0x00000000       0x52 ./FTM/ftm.o
 .debug_macro   0x00000000       0x16 ./FTM/ftm.o
 .debug_macro   0x00000000       0x43 ./FTM/ftm.o
 .debug_macro   0x00000000      0x180 ./FTM/ftm.o
 .debug_macro   0x00000000       0x22 ./FTM/ftm.o
 .debug_macro   0x00000000       0x16 ./FTM/ftm.o
 .debug_macro   0x00000000     0xeb95 ./FTM/ftm.o
 .debug_macro   0x00000000     0x118f ./FTM/ftm.o
 .group         0x00000000        0x8 ./Camera/camera.o
 .group         0x00000000        0x8 ./Camera/camera.o
 .group         0x00000000        0x8 ./Camera/camera.o
 .group         0x00000000        0x8 ./Camera/camera.o
 .group         0x00000000        0x8 ./Camera/camera.o
 .group         0x00000000        0x8 ./Camera/camera.o
 .group         0x00000000        0x8 ./Camera/camera.o
 .group         0x00000000        0x8 ./Camera/camera.o
 .group         0x00000000        0x8 ./Camera/camera.o
 .group         0x00000000        0x8 ./Camera/camera.o
 .group         0x00000000        0x8 ./Camera/camera.o
 .group         0x00000000        0x8 ./Camera/camera.o
 .group         0x00000000        0x8 ./Camera/camera.o
 .group         0x00000000        0x8 ./Camera/camera.o
 .group         0x00000000        0x8 ./Camera/camera.o
 .group         0x00000000        0x8 ./Camera/camera.o
 .group         0x00000000        0x8 ./Camera/camera.o
 .group         0x00000000        0x8 ./Camera/camera.o
 .group         0x00000000        0x8 ./Camera/camera.o
 .group         0x00000000        0x8 ./Camera/camera.o
 .group         0x00000000        0x8 ./Camera/camera.o
 .group         0x00000000        0x8 ./Camera/camera.o
 .group         0x00000000        0x8 ./Camera/camera.o
 .group         0x00000000        0x8 ./Camera/camera.o
 .group         0x00000000        0x8 ./Camera/camera.o
 .group         0x00000000        0x8 ./Camera/camera.o
 .group         0x00000000        0x8 ./Camera/camera.o
 .group         0x00000000        0x8 ./Camera/camera.o
 .group         0x00000000        0x8 ./Camera/camera.o
 .text          0x00000000        0x0 ./Camera/camera.o
 .data          0x00000000        0x0 ./Camera/camera.o
 .bss           0x00000000        0x0 ./Camera/camera.o
 .data.JPEG_INIT
                0x00000000      0x180 ./Camera/camera.o
 .data.YUV_422  0x00000000       0x14 ./Camera/camera.o
 .data.JPEG     0x00000000       0x14 ./Camera/camera.o
 .data.JPEG_SMALL
                0x00000000       0x50 ./Camera/camera.o
 .data.JPEG_LARGE
                0x00000000       0x54 ./Camera/camera.o
 .data.JPEG2    0x00000000       0x50 ./Camera/camera.o
 .data.JPEG_MID
                0x00000000       0x54 ./Camera/camera.o
 .data.QVGA     0x00000000      0x184 ./Camera/camera.o
 .data.JPEG_MINI
                0x00000000       0x50 ./Camera/camera.o
 .data.JPEG_1024
                0x00000000       0x50 ./Camera/camera.o
 .debug_macro   0x00000000      0x856 ./Camera/camera.o
 .debug_macro   0x00000000       0x11 ./Camera/camera.o
 .debug_macro   0x00000000       0x16 ./Camera/camera.o
 .debug_macro   0x00000000       0x16 ./Camera/camera.o
 .debug_macro   0x00000000       0x44 ./Camera/camera.o
 .debug_macro   0x00000000      0x209 ./Camera/camera.o
 .debug_macro   0x00000000       0x55 ./Camera/camera.o
 .debug_macro   0x00000000       0x3b ./Camera/camera.o
 .debug_macro   0x00000000       0x34 ./Camera/camera.o
 .debug_macro   0x00000000       0x26 ./Camera/camera.o
 .debug_macro   0x00000000      0xd1d ./Camera/camera.o
 .debug_macro   0x00000000       0x78 ./Camera/camera.o
 .debug_macro   0x00000000     0xf0b9 ./Camera/camera.o
 .debug_macro   0x00000000       0x58 ./Camera/camera.o
 .debug_macro   0x00000000       0x35 ./Camera/camera.o
 .debug_macro   0x00000000       0xa3 ./Camera/camera.o
 .debug_macro   0x00000000       0x16 ./Camera/camera.o
 .debug_macro   0x00000000      0x10e ./Camera/camera.o
 .debug_macro   0x00000000       0x7f ./Camera/camera.o
 .debug_macro   0x00000000       0x52 ./Camera/camera.o
 .debug_macro   0x00000000       0x16 ./Camera/camera.o
 .debug_macro   0x00000000       0x43 ./Camera/camera.o
 .debug_macro   0x00000000      0x180 ./Camera/camera.o
 .debug_macro   0x00000000       0x22 ./Camera/camera.o
 .debug_macro   0x00000000       0x16 ./Camera/camera.o
 .debug_macro   0x00000000     0xeb95 ./Camera/camera.o
 .debug_macro   0x00000000     0x118f ./Camera/camera.o
 .debug_macro   0x00000000       0x28 ./Camera/camera.o
 .debug_macro   0x00000000       0x40 ./Camera/camera.o
 .group         0x00000000        0x8 ./ACCEL/accel.o
 .group         0x00000000        0x8 ./ACCEL/accel.o
 .group         0x00000000        0x8 ./ACCEL/accel.o
 .group         0x00000000        0x8 ./ACCEL/accel.o
 .group         0x00000000        0x8 ./ACCEL/accel.o
 .group         0x00000000        0x8 ./ACCEL/accel.o
 .group         0x00000000        0x8 ./ACCEL/accel.o
 .group         0x00000000        0x8 ./ACCEL/accel.o
 .group         0x00000000        0x8 ./ACCEL/accel.o
 .group         0x00000000        0x8 ./ACCEL/accel.o
 .group         0x00000000        0x8 ./ACCEL/accel.o
 .group         0x00000000        0x8 ./ACCEL/accel.o
 .group         0x00000000        0x8 ./ACCEL/accel.o
 .group         0x00000000        0x8 ./ACCEL/accel.o
 .group         0x00000000        0x8 ./ACCEL/accel.o
 .group         0x00000000        0x8 ./ACCEL/accel.o
 .group         0x00000000        0x8 ./ACCEL/accel.o
 .group         0x00000000        0x8 ./ACCEL/accel.o
 .group         0x00000000        0x8 ./ACCEL/accel.o
 .group         0x00000000        0x8 ./ACCEL/accel.o
 .group         0x00000000        0x8 ./ACCEL/accel.o
 .group         0x00000000        0x8 ./ACCEL/accel.o
 .group         0x00000000        0x8 ./ACCEL/accel.o
 .group         0x00000000        0x8 ./ACCEL/accel.o
 .group         0x00000000        0x8 ./ACCEL/accel.o
 .group         0x00000000        0x8 ./ACCEL/accel.o
 .group         0x00000000        0x8 ./ACCEL/accel.o
 .group         0x00000000        0x8 ./ACCEL/accel.o
 .group         0x00000000        0x8 ./ACCEL/accel.o
 .text          0x00000000        0x0 ./ACCEL/accel.o
 .data          0x00000000        0x0 ./ACCEL/accel.o
 .bss           0x00000000        0x0 ./ACCEL/accel.o
 .text.accel_init
                0x00000000       0x3c ./ACCEL/accel.o
 .text.sensor_read
                0x00000000       0x60 ./ACCEL/accel.o
 .debug_info    0x00000000      0x15b ./ACCEL/accel.o
 .debug_abbrev  0x00000000       0xd9 ./ACCEL/accel.o
 .debug_aranges
                0x00000000       0x28 ./ACCEL/accel.o
 .debug_ranges  0x00000000       0x18 ./ACCEL/accel.o
 .debug_macro   0x00000000      0x17f ./ACCEL/accel.o
 .debug_macro   0x00000000      0x856 ./ACCEL/accel.o
 .debug_macro   0x00000000       0x11 ./ACCEL/accel.o
 .debug_macro   0x00000000       0x16 ./ACCEL/accel.o
 .debug_macro   0x00000000       0x16 ./ACCEL/accel.o
 .debug_macro   0x00000000       0x44 ./ACCEL/accel.o
 .debug_macro   0x00000000      0x209 ./ACCEL/accel.o
 .debug_macro   0x00000000       0x55 ./ACCEL/accel.o
 .debug_macro   0x00000000       0x3b ./ACCEL/accel.o
 .debug_macro   0x00000000       0x34 ./ACCEL/accel.o
 .debug_macro   0x00000000       0x26 ./ACCEL/accel.o
 .debug_macro   0x00000000      0xd1d ./ACCEL/accel.o
 .debug_macro   0x00000000       0x78 ./ACCEL/accel.o
 .debug_macro   0x00000000     0xf0b9 ./ACCEL/accel.o
 .debug_macro   0x00000000       0x58 ./ACCEL/accel.o
 .debug_macro   0x00000000       0x35 ./ACCEL/accel.o
 .debug_macro   0x00000000       0xa3 ./ACCEL/accel.o
 .debug_macro   0x00000000       0x16 ./ACCEL/accel.o
 .debug_macro   0x00000000      0x10e ./ACCEL/accel.o
 .debug_macro   0x00000000       0x7f ./ACCEL/accel.o
 .debug_macro   0x00000000       0x52 ./ACCEL/accel.o
 .debug_macro   0x00000000       0x16 ./ACCEL/accel.o
 .debug_macro   0x00000000       0x43 ./ACCEL/accel.o
 .debug_macro   0x00000000      0x180 ./ACCEL/accel.o
 .debug_macro   0x00000000       0x22 ./ACCEL/accel.o
 .debug_macro   0x00000000       0x16 ./ACCEL/accel.o
 .debug_macro   0x00000000     0xeb95 ./ACCEL/accel.o
 .debug_macro   0x00000000     0x118f ./ACCEL/accel.o
 .debug_macro   0x00000000       0x3a ./ACCEL/accel.o
 .debug_macro   0x00000000       0x8e ./ACCEL/accel.o
 .debug_line    0x00000000      0x376 ./ACCEL/accel.o
 .debug_str     0x00000000   0x115d78 ./ACCEL/accel.o
 .comment       0x00000000       0x71 ./ACCEL/accel.o
 .ARM.attributes
                0x00000000       0x39 ./ACCEL/accel.o
 .debug_frame   0x00000000       0x4c ./ACCEL/accel.o
 .text          0x00000000        0x0 /opt/Freescale/KDS_v3/toolchain/bin/../lib/gcc/arm-none-eabi/4.8.4/../../../../arm-none-eabi/lib/armv7e-m/fpu/libg_s.a(lib_a-exit.o)
 .data          0x00000000        0x0 /opt/Freescale/KDS_v3/toolchain/bin/../lib/gcc/arm-none-eabi/4.8.4/../../../../arm-none-eabi/lib/armv7e-m/fpu/libg_s.a(lib_a-exit.o)
 .bss           0x00000000        0x0 /opt/Freescale/KDS_v3/toolchain/bin/../lib/gcc/arm-none-eabi/4.8.4/../../../../arm-none-eabi/lib/armv7e-m/fpu/libg_s.a(lib_a-exit.o)
 .text          0x00000000        0x0 /opt/Freescale/KDS_v3/toolchain/bin/../lib/gcc/arm-none-eabi/4.8.4/../../../../arm-none-eabi/lib/armv7e-m/fpu/libg_s.a(lib_a-impure.o)
 .data          0x00000000        0x0 /opt/Freescale/KDS_v3/toolchain/bin/../lib/gcc/arm-none-eabi/4.8.4/../../../../arm-none-eabi/lib/armv7e-m/fpu/libg_s.a(lib_a-impure.o)
 .bss           0x00000000        0x0 /opt/Freescale/KDS_v3/toolchain/bin/../lib/gcc/arm-none-eabi/4.8.4/../../../../arm-none-eabi/lib/armv7e-m/fpu/libg_s.a(lib_a-impure.o)
 .data._impure_ptr
                0x00000000        0x4 /opt/Freescale/KDS_v3/toolchain/bin/../lib/gcc/arm-none-eabi/4.8.4/../../../../arm-none-eabi/lib/armv7e-m/fpu/libg_s.a(lib_a-impure.o)
 .text          0x00000000        0x0 /opt/Freescale/KDS_v3/toolchain/bin/../lib/gcc/arm-none-eabi/4.8.4/../../../../arm-none-eabi/lib/armv7e-m/fpu/libg_s.a(lib_a-init.o)
 .data          0x00000000        0x0 /opt/Freescale/KDS_v3/toolchain/bin/../lib/gcc/arm-none-eabi/4.8.4/../../../../arm-none-eabi/lib/armv7e-m/fpu/libg_s.a(lib_a-init.o)
 .bss           0x00000000        0x0 /opt/Freescale/KDS_v3/toolchain/bin/../lib/gcc/arm-none-eabi/4.8.4/../../../../arm-none-eabi/lib/armv7e-m/fpu/libg_s.a(lib_a-init.o)
 .text          0x00000000        0x0 /opt/Freescale/KDS_v3/toolchain/bin/../lib/gcc/arm-none-eabi/4.8.4/../../../../arm-none-eabi/lib/armv7e-m/fpu/libg_s.a(lib_a-memset.o)
 .data          0x00000000        0x0 /opt/Freescale/KDS_v3/toolchain/bin/../lib/gcc/arm-none-eabi/4.8.4/../../../../arm-none-eabi/lib/armv7e-m/fpu/libg_s.a(lib_a-memset.o)
 .bss           0x00000000        0x0 /opt/Freescale/KDS_v3/toolchain/bin/../lib/gcc/arm-none-eabi/4.8.4/../../../../arm-none-eabi/lib/armv7e-m/fpu/libg_s.a(lib_a-memset.o)
 .text          0x00000000        0x0 /opt/Freescale/KDS_v3/toolchain/bin/../lib/gcc/arm-none-eabi/4.8.4/../../../../arm-none-eabi/lib/armv7e-m/fpu/libnosys.a(_exit.o)
 .data          0x00000000        0x0 /opt/Freescale/KDS_v3/toolchain/bin/../lib/gcc/arm-none-eabi/4.8.4/../../../../arm-none-eabi/lib/armv7e-m/fpu/libnosys.a(_exit.o)
 .bss           0x00000000        0x0 /opt/Freescale/KDS_v3/toolchain/bin/../lib/gcc/arm-none-eabi/4.8.4/../../../../arm-none-eabi/lib/armv7e-m/fpu/libnosys.a(_exit.o)
 .text          0x00000000        0x0 /opt/Freescale/KDS_v3/toolchain/bin/../lib/gcc/arm-none-eabi/4.8.4/armv7e-m/fpu/crtend.o
 .data          0x00000000        0x0 /opt/Freescale/KDS_v3/toolchain/bin/../lib/gcc/arm-none-eabi/4.8.4/armv7e-m/fpu/crtend.o
 .bss           0x00000000        0x0 /opt/Freescale/KDS_v3/toolchain/bin/../lib/gcc/arm-none-eabi/4.8.4/armv7e-m/fpu/crtend.o
 .eh_frame      0x00000000        0x4 /opt/Freescale/KDS_v3/toolchain/bin/../lib/gcc/arm-none-eabi/4.8.4/armv7e-m/fpu/crtend.o
 .text          0x00000000        0x0 /opt/Freescale/KDS_v3/toolchain/bin/../lib/gcc/arm-none-eabi/4.8.4/armv7e-m/fpu/crtn.o
 .data          0x00000000        0x0 /opt/Freescale/KDS_v3/toolchain/bin/../lib/gcc/arm-none-eabi/4.8.4/armv7e-m/fpu/crtn.o
 .bss           0x00000000        0x0 /opt/Freescale/KDS_v3/toolchain/bin/../lib/gcc/arm-none-eabi/4.8.4/armv7e-m/fpu/crtn.o

Memory Configuration

Name             Origin             Length             Attributes
m_interrupts     0x00000000         0x00000400         xr
m_flash_config   0x00000400         0x00000010         xr
m_text           0x00000410         0x0007fbf0         xr
m_data           0x1fff0000         0x00010000         rw
m_data_2         0x20000000         0x00010000         rw
*default*        0x00000000         0xffffffff

Linker script and memory map

LOAD /opt/Freescale/KDS_v3/toolchain/bin/../lib/gcc/arm-none-eabi/4.8.4/armv7e-m/fpu/crti.o
LOAD /opt/Freescale/KDS_v3/toolchain/bin/../lib/gcc/arm-none-eabi/4.8.4/armv7e-m/fpu/crtbegin.o
LOAD /opt/Freescale/KDS_v3/toolchain/bin/../lib/gcc/arm-none-eabi/4.8.4/../../../../arm-none-eabi/lib/armv7e-m/fpu/crt0.o
LOAD ./UART/uart.o
LOAD ./Sources/main.o
LOAD ./SPI/spi.o
LOAD ./Project_Settings/Startup_Code/startup.o
LOAD ./Project_Settings/Startup_Code/startup_MK22F51212.o
LOAD ./Project_Settings/Startup_Code/system_MK22F51212.o
LOAD ./I2C/i2c.o
LOAD ./GPIO/gpio.o
LOAD ./FTM/ftm.o
LOAD ./Camera/camera.o
LOAD ./ACCEL/accel.o
LOAD /opt/Freescale/KDS_v3/toolchain/bin/../lib/gcc/arm-none-eabi/4.8.4/../../../../arm-none-eabi/lib/armv7e-m/fpu/libstdc++_s.a
LOAD /opt/Freescale/KDS_v3/toolchain/bin/../lib/gcc/arm-none-eabi/4.8.4/../../../../arm-none-eabi/lib/armv7e-m/fpu/libm.a
START GROUP
LOAD /opt/Freescale/KDS_v3/toolchain/bin/../lib/gcc/arm-none-eabi/4.8.4/armv7e-m/fpu/libgcc.a
LOAD /opt/Freescale/KDS_v3/toolchain/bin/../lib/gcc/arm-none-eabi/4.8.4/../../../../arm-none-eabi/lib/armv7e-m/fpu/libg_s.a
LOAD /opt/Freescale/KDS_v3/toolchain/bin/../lib/gcc/arm-none-eabi/4.8.4/../../../../arm-none-eabi/lib/armv7e-m/fpu/libc_s.a
END GROUP
START GROUP
LOAD /opt/Freescale/KDS_v3/toolchain/bin/../lib/gcc/arm-none-eabi/4.8.4/armv7e-m/fpu/libgcc.a
LOAD /opt/Freescale/KDS_v3/toolchain/bin/../lib/gcc/arm-none-eabi/4.8.4/../../../../arm-none-eabi/lib/armv7e-m/fpu/libc_s.a
LOAD /opt/Freescale/KDS_v3/toolchain/bin/../lib/gcc/arm-none-eabi/4.8.4/../../../../arm-none-eabi/lib/armv7e-m/fpu/libnosys.a
END GROUP
START GROUP
LOAD /opt/Freescale/KDS_v3/toolchain/bin/../lib/gcc/arm-none-eabi/4.8.4/armv7e-m/fpu/libgcc.a
LOAD /opt/Freescale/KDS_v3/toolchain/bin/../lib/gcc/arm-none-eabi/4.8.4/../../../../arm-none-eabi/lib/armv7e-m/fpu/libc_s.a
LOAD /opt/Freescale/KDS_v3/toolchain/bin/../lib/gcc/arm-none-eabi/4.8.4/../../../../arm-none-eabi/lib/armv7e-m/fpu/libnosys.a
END GROUP
LOAD /opt/Freescale/KDS_v3/toolchain/bin/../lib/gcc/arm-none-eabi/4.8.4/armv7e-m/fpu/crtend.o
LOAD /opt/Freescale/KDS_v3/toolchain/bin/../lib/gcc/arm-none-eabi/4.8.4/armv7e-m/fpu/crtn.o
                0x00000400                HEAP_SIZE = DEFINED (__heap_size__)?__heap_size__:0x400
                0x00000400                STACK_SIZE = DEFINED (__stack_size__)?__stack_size__:0x400
                0x00000000                M_VECTOR_RAM_SIZE = DEFINED (__ram_vector_table__)?0x400:0x0

.interrupts     0x00000000      0x400
                0x00000000                __VECTOR_TABLE = .
                0x00000000                . = ALIGN (0x4)
 *(.isr_vector)
 .isr_vector    0x00000000      0x400 ./Project_Settings/Startup_Code/startup_MK22F51212.o
                0x00000000                __isr_vector
                0x00000400                . = ALIGN (0x4)

.flash_config   0x00000400       0x10
                0x00000400                . = ALIGN (0x4)
 *(.FlashConfig)
 .FlashConfig   0x00000400       0x10 ./Project_Settings/Startup_Code/startup_MK22F51212.o
                0x00000410                . = ALIGN (0x4)

.text           0x00000410      0xacc
                0x00000410                . = ALIGN (0x4)
 *(.text)
 .text          0x00000410       0x54 /opt/Freescale/KDS_v3/toolchain/bin/../lib/gcc/arm-none-eabi/4.8.4/armv7e-m/fpu/crtbegin.o
 .text          0x00000464       0x74 /opt/Freescale/KDS_v3/toolchain/bin/../lib/gcc/arm-none-eabi/4.8.4/../../../../arm-none-eabi/lib/armv7e-m/fpu/crt0.o
                0x00000464                _mainCRTStartup
                0x00000464                _start
 .text          0x000004d8       0x14 ./Project_Settings/Startup_Code/startup_MK22F51212.o
                0x000004d8                Reset_Handler
                0x000004e8                Reserved96_IRQHandler
                0x000004e8                Reserved54_IRQHandler
                0x000004e8                DebugMon_Handler
                0x000004e8                HardFault_Handler
                0x000004e8                Reserved86_IRQHandler
                0x000004e8                Reserved85_IRQHandler
                0x000004e8                SysTick_Handler
                0x000004e8                PendSV_Handler
                0x000004e8                NMI_Handler
                0x000004e8                UART0_RX_TX_IRQHandler
                0x000004e8                I2C1_IRQHandler
                0x000004e8                DMA2_IRQHandler
                0x000004e8                Reserved99_IRQHandler
                0x000004e8                PIT0_IRQHandler
                0x000004e8                LLWU_IRQHandler
                0x000004e8                Reserved84_IRQHandler
                0x000004e8                Reserved92_IRQHandler
                0x000004e8                UART2_RX_TX_IRQHandler
                0x000004e8                SWI_IRQHandler
                0x000004e8                ADC0_IRQHandler
                0x000004e8                UsageFault_Handler
                0x000004e8                I2S0_Tx_IRQHandler
                0x000004e8                SPI1_IRQHandler
                0x000004e8                DefaultISR
                0x000004e8                DMA9_IRQHandler
                0x000004e8                DMA14_IRQHandler
                0x000004e8                Reserved82_IRQHandler
                0x000004e8                CMP1_IRQHandler
                0x000004e8                Reserved71_IRQHandler
                0x000004e8                PORTD_IRQHandler
                0x000004e8                PORTB_IRQHandler
                0x000004e8                Reserved70_IRQHandler
                0x000004e8                ADC1_IRQHandler
                0x000004e8                PIT2_IRQHandler
                0x000004e8                I2S0_Rx_IRQHandler
                0x000004e8                Reserved53_IRQHandler
                0x000004e8                DMA5_IRQHandler
                0x000004e8                RTC_IRQHandler
                0x000004e8                PDB0_IRQHandler
                0x000004e8                FTM1_IRQHandler
                0x000004e8                Reserved61_IRQHandler
                0x000004e8                Reserved95_IRQHandler
                0x000004e8                PIT3_IRQHandler
                0x000004e8                RTC_Seconds_IRQHandler
                0x000004e8                MCG_IRQHandler
                0x000004e8                UART2_ERR_IRQHandler
                0x000004e8                DMA11_IRQHandler
                0x000004e8                Read_Collision_IRQHandler
                0x000004e8                Reserved98_IRQHandler
                0x000004e8                DMA7_IRQHandler
                0x000004e8                Reserved101_IRQHandler
                0x000004e8                USB0_IRQHandler
                0x000004e8                WDOG_EWM_IRQHandler
                0x000004e8                MemManage_Handler
                0x000004e8                Reserved90_IRQHandler
                0x000004e8                Reserved83_IRQHandler
                0x000004e8                SVC_Handler
                0x000004e8                DMA13_IRQHandler
                0x000004e8                DMA3_IRQHandler
                0x000004e8                Reserved100_IRQHandler
                0x000004e8                RNG_IRQHandler
                0x000004e8                DMA0_IRQHandler
                0x000004e8                Reserved97_IRQHandler
                0x000004e8                Reserved91_IRQHandler
                0x000004e8                LPUART0_IRQHandler
                0x000004e8                DMA15_IRQHandler
                0x000004e8                DAC0_IRQHandler
                0x000004e8                Reserved81_IRQHandler
                0x000004e8                Reserved94_IRQHandler
                0x000004e8                DMA4_IRQHandler
                0x000004e8                PIT1_IRQHandler
                0x000004e8                UART0_ERR_IRQHandler
                0x000004e8                DMA_Error_IRQHandler
                0x000004e8                LVD_LVW_IRQHandler
                0x000004e8                SPI0_IRQHandler
                0x000004e8                FTM0_IRQHandler
                0x000004e8                PORTA_IRQHandler
                0x000004e8                DAC1_IRQHandler
                0x000004e8                MCM_IRQHandler
                0x000004e8                DMA12_IRQHandler
                0x000004e8                FTM3_IRQHandler
                0x000004e8                PORTE_IRQHandler
                0x000004e8                FTM2_IRQHandler
                0x000004e8                LPTMR0_IRQHandler
                0x000004e8                BusFault_Handler
                0x000004e8                DMA8_IRQHandler
                0x000004e8                Reserved93_IRQHandler
                0x000004e8                DMA10_IRQHandler
                0x000004e8                UART1_ERR_IRQHandler
                0x000004e8                UART1_RX_TX_IRQHandler
                0x000004e8                CMP0_IRQHandler
                0x000004e8                PORTC_IRQHandler
                0x000004e8                DMA6_IRQHandler
                0x000004e8                FTF_IRQHandler
                0x000004e8                DMA1_IRQHandler
 *(.text*)
 .text.UART1_putty_init
                0x000004ec       0xc0 ./UART/uart.o
                0x000004ec                UART1_putty_init
 .text.putty_putchar
                0x000005ac       0x30 ./UART/uart.o
                0x000005ac                putty_putchar
 .text.main     0x000005dc       0x34 ./Sources/main.o
                0x000005dc                main
 .text.SPI1_Init
                0x00000610      0x108 ./SPI/spi.o
                0x00000610                SPI1_Init
 .text.SPI1_txPrep
                0x00000718       0x5c ./SPI/spi.o
                0x00000718                SPI1_txPrep
 .text.SPI1_RX  0x00000774       0x38 ./SPI/spi.o
                0x00000774                SPI1_RX
 .text.SPI1_TX  0x000007ac       0x48 ./SPI/spi.o
                0x000007ac                SPI1_TX
 .text.init_data_bss
                0x000007f4       0xcc ./Project_Settings/Startup_Code/startup.o
                0x000007f4                init_data_bss
 .text.SystemInit
                0x000008c0       0x3c ./Project_Settings/Startup_Code/system_MK22F51212.o
                0x000008c0                SystemInit
 .text.I2C0_IRQHandler
                0x000008fc       0x34 ./I2C/i2c.o
                0x000008fc                I2C0_IRQHandler
 .text.init_I2C
                0x00000930       0x64 ./I2C/i2c.o
                0x00000930                init_I2C
 .text.Pause    0x00000994       0x24 ./I2C/i2c.o
                0x00000994                Pause
 .text.IIC_StartTransmission
                0x000009b8       0x64 ./I2C/i2c.o
                0x000009b8                IIC_StartTransmission
 .text.I2CWriteRegister
                0x00000a1c       0xb8 ./I2C/i2c.o
                0x00000a1c                I2CWriteRegister
 .text.GPIO_init
                0x00000ad4       0xd0 ./GPIO/gpio.o
                0x00000ad4                GPIO_init
 .text.greenLED
                0x00000ba4       0x2c ./GPIO/gpio.o
                0x00000ba4                greenLED
 .text.redLED   0x00000bd0       0x2c ./GPIO/gpio.o
                0x00000bd0                redLED
 .text.FTM0_init
                0x00000bfc       0x4c ./FTM/ftm.o
                0x00000bfc                FTM0_init
 .text.cam_cfg  0x00000c48       0x3c ./Camera/camera.o
                0x00000c48                cam_cfg
 .text.camera_init
                0x00000c84       0x98 ./Camera/camera.o
                0x00000c84                camera_init
 .text.cam_reg_read
                0x00000d1c       0x30 ./Camera/camera.o
                0x00000d1c                cam_reg_read
 .text.fifo_len
                0x00000d4c       0x40 ./Camera/camera.o
                0x00000d4c                fifo_len
 .text.capture_done
                0x00000d8c       0x18 ./Camera/camera.o
                0x00000d8c                capture_done
 .text.fifo_read
                0x00000da4       0x50 ./Camera/camera.o
                0x00000da4                fifo_read
 .text.capture  0x00000df4       0x40 ./Camera/camera.o
                0x00000df4                capture
 .text.exit     0x00000e34       0x28 /opt/Freescale/KDS_v3/toolchain/bin/../lib/gcc/arm-none-eabi/4.8.4/../../../../arm-none-eabi/lib/armv7e-m/fpu/libg_s.a(lib_a-exit.o)
                0x00000e34                exit
 .text.__libc_init_array
                0x00000e5c       0x4c /opt/Freescale/KDS_v3/toolchain/bin/../lib/gcc/arm-none-eabi/4.8.4/../../../../arm-none-eabi/lib/armv7e-m/fpu/libg_s.a(lib_a-init.o)
                0x00000e5c                __libc_init_array
 .text.memset   0x00000ea8       0x10 /opt/Freescale/KDS_v3/toolchain/bin/../lib/gcc/arm-none-eabi/4.8.4/../../../../arm-none-eabi/lib/armv7e-m/fpu/libg_s.a(lib_a-memset.o)
                0x00000ea8                memset
 .text._exit    0x00000eb8        0x4 /opt/Freescale/KDS_v3/toolchain/bin/../lib/gcc/arm-none-eabi/4.8.4/../../../../arm-none-eabi/lib/armv7e-m/fpu/libnosys.a(_exit.o)
                0x00000eb8                _exit
 *(.rodata)
 *(.rodata*)
 .rodata.str1.1
                0x00000ebc        0x2 /opt/Freescale/KDS_v3/toolchain/bin/../lib/gcc/arm-none-eabi/4.8.4/../../../../arm-none-eabi/lib/armv7e-m/fpu/libg_s.a(lib_a-impure.o)
 *fill*         0x00000ebe        0x2 
 .rodata._global_impure_ptr
                0x00000ec0        0x4 /opt/Freescale/KDS_v3/toolchain/bin/../lib/gcc/arm-none-eabi/4.8.4/../../../../arm-none-eabi/lib/armv7e-m/fpu/libg_s.a(lib_a-impure.o)
                0x00000ec0                _global_impure_ptr
 *(.glue_7)
 .glue_7        0x00000000        0x0 linker stubs
 *(.glue_7t)
 .glue_7t       0x00000000        0x0 linker stubs
 *(.eh_frame)
 .eh_frame      0x00000ec4        0x0 /opt/Freescale/KDS_v3/toolchain/bin/../lib/gcc/arm-none-eabi/4.8.4/armv7e-m/fpu/crtbegin.o
 *(.init)
 .init          0x00000ec4        0x4 /opt/Freescale/KDS_v3/toolchain/bin/../lib/gcc/arm-none-eabi/4.8.4/armv7e-m/fpu/crti.o
                0x00000ec4                _init
 .init          0x00000ec8        0x8 /opt/Freescale/KDS_v3/toolchain/bin/../lib/gcc/arm-none-eabi/4.8.4/armv7e-m/fpu/crtn.o
 *(.fini)
 .fini          0x00000ed0        0x4 /opt/Freescale/KDS_v3/toolchain/bin/../lib/gcc/arm-none-eabi/4.8.4/armv7e-m/fpu/crti.o
                0x00000ed0                _fini
 .fini          0x00000ed4        0x8 /opt/Freescale/KDS_v3/toolchain/bin/../lib/gcc/arm-none-eabi/4.8.4/armv7e-m/fpu/crtn.o
                0x00000edc                . = ALIGN (0x4)

.vfp11_veneer   0x00000edc        0x0
 .vfp11_veneer  0x00000000        0x0 linker stubs

.v4_bx          0x00000edc        0x0
 .v4_bx         0x00000000        0x0 linker stubs

.iplt           0x00000edc        0x0
 .iplt          0x00000000        0x0 /opt/Freescale/KDS_v3/toolchain/bin/../lib/gcc/arm-none-eabi/4.8.4/armv7e-m/fpu/crtbegin.o

.ARM.extab
 *(.ARM.extab* .gnu.linkonce.armextab.*)

.ARM            0x00000edc        0x8
                0x00000edc                __exidx_start = .
 *(.ARM.exidx*)
 .ARM.exidx     0x00000edc        0x8 /opt/Freescale/KDS_v3/toolchain/bin/../lib/gcc/arm-none-eabi/4.8.4/../../../../arm-none-eabi/lib/armv7e-m/fpu/crt0.o
                0x00000ee4                __exidx_end = .

.rel.dyn        0x00000ee4        0x0
 .rel.iplt      0x00000000        0x0 /opt/Freescale/KDS_v3/toolchain/bin/../lib/gcc/arm-none-eabi/4.8.4/armv7e-m/fpu/crtbegin.o

.ctors          0x00000ee4        0x0
                0x00000ee4                __CTOR_LIST__ = .
 *crtbegin.o(.ctors)
 *crtbegin?.o(.ctors)
 *(EXCLUDE_FILE(*crtend.o *crtend?.o) .ctors)
 *(SORT(.ctors.*))
 *(.ctors)
                0x00000ee4                __CTOR_END__ = .

.dtors          0x00000ee4        0x0
                0x00000ee4                __DTOR_LIST__ = .
 *crtbegin.o(.dtors)
 *crtbegin?.o(.dtors)
 *(EXCLUDE_FILE(*crtend.o *crtend?.o) .dtors)
 *(SORT(.dtors.*))
 *(.dtors)
                0x00000ee4                __DTOR_END__ = .

.preinit_array  0x00000ee4        0x0
                0x00000ee4                PROVIDE (__preinit_array_start, .)
 *(.preinit_array*)
                0x00000ee4                PROVIDE (__preinit_array_end, .)

.init_array     0x00000ee4        0x4
                0x00000ee4                PROVIDE (__init_array_start, .)
 *(SORT(.init_array.*))
 *(.init_array*)
 .init_array    0x00000ee4        0x4 /opt/Freescale/KDS_v3/toolchain/bin/../lib/gcc/arm-none-eabi/4.8.4/armv7e-m/fpu/crtbegin.o
                0x00000ee8                PROVIDE (__init_array_end, .)

.fini_array     0x00000ee8        0x4
                0x00000ee8                PROVIDE (__fini_array_start, .)
 *(SORT(.fini_array.*))
 *(.fini_array*)
 .fini_array    0x00000ee8        0x4 /opt/Freescale/KDS_v3/toolchain/bin/../lib/gcc/arm-none-eabi/4.8.4/armv7e-m/fpu/crtbegin.o
                0x00000eec                PROVIDE (__fini_array_end, .)
                0x00000eec                __etext = .
                0x00000eec                __DATA_ROM = .

.interrupts_ram
                0x1fff0000        0x0
                0x1fff0000                . = ALIGN (0x4)
                0x1fff0000                __VECTOR_RAM__ = .
                0x1fff0000                __interrupts_ram_start__ = .
 *(.m_interrupts_ram)
                0x1fff0000                . = (. + M_VECTOR_RAM_SIZE)
                0x1fff0000                . = ALIGN (0x4)
                0x1fff0000                __interrupts_ram_end__ = .
                0x00000000                __VECTOR_RAM = DEFINED (__ram_vector_table__)?__VECTOR_RAM__:ORIGIN (m_interrupts)
                0x00000000                __RAM_VECTOR_TABLE_SIZE_BYTES = DEFINED (__ram_vector_table__)?(__interrupts_ram_end__ - __interrupts_ram_start__):0x0

.data           0x1fff0000      0x2b0 load address 0x00000eec
                0x1fff0000                . = ALIGN (0x4)
                0x1fff0000                __DATA_RAM = .
                0x1fff0000                __data_start__ = .
 *(.data)
 *(.data*)
 .data.JPEG_INIT
                0x1fff0000      0x180 ./Sources/main.o
                0x1fff0000                JPEG_INIT
 .data.YUV_422  0x1fff0180       0x14 ./Sources/main.o
                0x1fff0180                YUV_422
 .data.JPEG     0x1fff0194       0x14 ./Sources/main.o
                0x1fff0194                JPEG
 .data.JPEG_SMALL
                0x1fff01a8       0x50 ./Sources/main.o
                0x1fff01a8                JPEG_SMALL
 .data.JPEG_LARGE
                0x1fff01f8       0x54 ./Sources/main.o
                0x1fff01f8                JPEG_LARGE
 .data.impure_data
                0x1fff024c       0x60 /opt/Freescale/KDS_v3/toolchain/bin/../lib/gcc/arm-none-eabi/4.8.4/../../../../arm-none-eabi/lib/armv7e-m/fpu/libg_s.a(lib_a-impure.o)
 *(.jcr*)
 .jcr           0x1fff02ac        0x0 /opt/Freescale/KDS_v3/toolchain/bin/../lib/gcc/arm-none-eabi/4.8.4/armv7e-m/fpu/crtbegin.o
 .jcr           0x1fff02ac        0x4 /opt/Freescale/KDS_v3/toolchain/bin/../lib/gcc/arm-none-eabi/4.8.4/armv7e-m/fpu/crtend.o
                0x1fff02b0                . = ALIGN (0x4)
                0x1fff02b0                __data_end__ = .
                0x0000119c                __DATA_END = (__DATA_ROM + (__data_end__ - __data_start__))
                0x00080000                text_end = (ORIGIN (m_text) + 0x7fbf0)
                0x00000001                ASSERT ((__DATA_END <= text_end), region m_text overflowed with text and data)

.igot.plt       0x1fff02b0        0x0 load address 0x0000119c
 .igot.plt      0x00000000        0x0 /opt/Freescale/KDS_v3/toolchain/bin/../lib/gcc/arm-none-eabi/4.8.4/armv7e-m/fpu/crtbegin.o

.bss            0x1fff02b0       0x34 load address 0x0000119c
                0x1fff02b0                . = ALIGN (0x4)
                0x1fff02b0                __START_BSS = .
                0x1fff02b0                __bss_start__ = .
 *(.bss)
 .bss           0x1fff02b0       0x1c /opt/Freescale/KDS_v3/toolchain/bin/../lib/gcc/arm-none-eabi/4.8.4/armv7e-m/fpu/crtbegin.o
 *(.bss*)
 *(COMMON)
 COMMON         0x1fff02cc       0x18 ./I2C/i2c.o
                0x1fff02cc                MasterTransmission
                0x1fff02d0                result
                0x1fff02e4                . = ALIGN (0x4)
                0x1fff02e4                __bss_end__ = .
                0x1fff02e4                __END_BSS = .

.heap           0x20000000      0x400
                0x20000000                . = ALIGN (0x8)
                0x20000000                __end__ = .
                0x20000000                PROVIDE (end, .)
                0x20000000                __HeapBase = .
                0x20000400                . = (. + HEAP_SIZE)
 *fill*         0x20000000      0x400 
                0x20000400                __HeapLimit = .

.stack          0x20000400      0x400
                0x20000400                . = ALIGN (0x8)
                0x20000800                . = (. + STACK_SIZE)
 *fill*         0x20000400      0x400 
                0x20010000                __StackTop = (ORIGIN (m_data_2) + 0x10000)
                0x2000fc00                __StackLimit = (__StackTop - STACK_SIZE)
                0x20010000                PROVIDE (__stack, __StackTop)

.ARM.attributes
                0x00000000       0x30
 *(.ARM.attributes)
 .ARM.attributes
                0x00000000       0x22 /opt/Freescale/KDS_v3/toolchain/bin/../lib/gcc/arm-none-eabi/4.8.4/armv7e-m/fpu/crti.o
 .ARM.attributes
                0x00000022       0x34 /opt/Freescale/KDS_v3/toolchain/bin/../lib/gcc/arm-none-eabi/4.8.4/armv7e-m/fpu/crtbegin.o
 .ARM.attributes
                0x00000056       0x20 /opt/Freescale/KDS_v3/toolchain/bin/../lib/gcc/arm-none-eabi/4.8.4/../../../../arm-none-eabi/lib/armv7e-m/fpu/crt0.o
 .ARM.attributes
                0x00000076       0x39 ./UART/uart.o
 .ARM.attributes
                0x000000af       0x39 ./Sources/main.o
 .ARM.attributes
                0x000000e8       0x39 ./SPI/spi.o
 .ARM.attributes
                0x00000121       0x39 ./Project_Settings/Startup_Code/startup.o
 .ARM.attributes
                0x0000015a       0x1f ./Project_Settings/Startup_Code/startup_MK22F51212.o
 .ARM.attributes
                0x00000179       0x39 ./Project_Settings/Startup_Code/system_MK22F51212.o
 .ARM.attributes
                0x000001b2       0x39 ./I2C/i2c.o
 .ARM.attributes
                0x000001eb       0x39 ./GPIO/gpio.o
 .ARM.attributes
                0x00000224       0x39 ./FTM/ftm.o
 .ARM.attributes
                0x0000025d       0x39 ./Camera/camera.o
 .ARM.attributes
                0x00000296       0x34 /opt/Freescale/KDS_v3/toolchain/bin/../lib/gcc/arm-none-eabi/4.8.4/../../../../arm-none-eabi/lib/armv7e-m/fpu/libg_s.a(lib_a-exit.o)
 .ARM.attributes
                0x000002ca       0x34 /opt/Freescale/KDS_v3/toolchain/bin/../lib/gcc/arm-none-eabi/4.8.4/../../../../arm-none-eabi/lib/armv7e-m/fpu/libg_s.a(lib_a-impure.o)
 .ARM.attributes
                0x000002fe       0x34 /opt/Freescale/KDS_v3/toolchain/bin/../lib/gcc/arm-none-eabi/4.8.4/../../../../arm-none-eabi/lib/armv7e-m/fpu/libg_s.a(lib_a-init.o)
 .ARM.attributes
                0x00000332       0x34 /opt/Freescale/KDS_v3/toolchain/bin/../lib/gcc/arm-none-eabi/4.8.4/../../../../arm-none-eabi/lib/armv7e-m/fpu/libg_s.a(lib_a-memset.o)
 .ARM.attributes
                0x00000366       0x34 /opt/Freescale/KDS_v3/toolchain/bin/../lib/gcc/arm-none-eabi/4.8.4/../../../../arm-none-eabi/lib/armv7e-m/fpu/libnosys.a(_exit.o)
 .ARM.attributes
                0x0000039a       0x34 /opt/Freescale/KDS_v3/toolchain/bin/../lib/gcc/arm-none-eabi/4.8.4/armv7e-m/fpu/crtend.o
 .ARM.attributes
                0x000003ce       0x22 /opt/Freescale/KDS_v3/toolchain/bin/../lib/gcc/arm-none-eabi/4.8.4/armv7e-m/fpu/crtn.o
                0x00000001                ASSERT ((__StackLimit >= __HeapLimit), region m_data_2 overflowed with stack and heap)
OUTPUT(k22_testbench.elf elf32-littlearm)

.debug_info     0x00000000     0x29e3
 .debug_info    0x00000000      0x679 ./UART/uart.o
 .debug_info    0x00000679      0x22d ./Sources/main.o
 .debug_info    0x000008a6      0x56c ./SPI/spi.o
 .debug_info    0x00000e12      0x3a7 ./Project_Settings/Startup_Code/startup.o
 .debug_info    0x000011b9       0x8c ./Project_Settings/Startup_Code/startup_MK22F51212.o
 .debug_info    0x00001245      0x5f2 ./Project_Settings/Startup_Code/system_MK22F51212.o
 .debug_info    0x00001837      0x582 ./I2C/i2c.o
 .debug_info    0x00001db9      0x434 ./GPIO/gpio.o
 .debug_info    0x000021ed      0x453 ./FTM/ftm.o
 .debug_info    0x00002640      0x3a3 ./Camera/camera.o

.debug_abbrev   0x00000000      0xb77
 .debug_abbrev  0x00000000      0x187 ./UART/uart.o
 .debug_abbrev  0x00000187       0xd4 ./Sources/main.o
 .debug_abbrev  0x0000025b      0x189 ./SPI/spi.o
 .debug_abbrev  0x000003e4       0xfa ./Project_Settings/Startup_Code/startup.o
 .debug_abbrev  0x000004de       0x14 ./Project_Settings/Startup_Code/startup_MK22F51212.o
 .debug_abbrev  0x000004f2      0x11a ./Project_Settings/Startup_Code/system_MK22F51212.o
 .debug_abbrev  0x0000060c      0x19c ./I2C/i2c.o
 .debug_abbrev  0x000007a8      0x11f ./GPIO/gpio.o
 .debug_abbrev  0x000008c7      0x116 ./FTM/ftm.o
 .debug_abbrev  0x000009dd      0x19a ./Camera/camera.o

.debug_aranges  0x00000000      0x210
 .debug_aranges
                0x00000000       0x38 ./UART/uart.o
 .debug_aranges
                0x00000038       0x20 ./Sources/main.o
 .debug_aranges
                0x00000058       0x40 ./SPI/spi.o
 .debug_aranges
                0x00000098       0x20 ./Project_Settings/Startup_Code/startup.o
 .debug_aranges
                0x000000b8       0x20 ./Project_Settings/Startup_Code/startup_MK22F51212.o
 .debug_aranges
                0x000000d8       0x28 ./Project_Settings/Startup_Code/system_MK22F51212.o
 .debug_aranges
                0x00000100       0x50 ./I2C/i2c.o
 .debug_aranges
                0x00000150       0x40 ./GPIO/gpio.o
 .debug_aranges
                0x00000190       0x30 ./FTM/ftm.o
 .debug_aranges
                0x000001c0       0x50 ./Camera/camera.o

.debug_ranges   0x00000000      0x160
 .debug_ranges  0x00000000       0x28 ./UART/uart.o
 .debug_ranges  0x00000028       0x10 ./Sources/main.o
 .debug_ranges  0x00000038       0x30 ./SPI/spi.o
 .debug_ranges  0x00000068       0x10 ./Project_Settings/Startup_Code/startup.o
 .debug_ranges  0x00000078       0x18 ./Project_Settings/Startup_Code/system_MK22F51212.o
 .debug_ranges  0x00000090       0x40 ./I2C/i2c.o
 .debug_ranges  0x000000d0       0x30 ./GPIO/gpio.o
 .debug_ranges  0x00000100       0x20 ./FTM/ftm.o
 .debug_ranges  0x00000120       0x40 ./Camera/camera.o

.debug_macro    0x00000000    0x21e37
 .debug_macro   0x00000000      0x167 ./UART/uart.o
 .debug_macro   0x00000167      0x856 ./UART/uart.o
 .debug_macro   0x000009bd       0x11 ./UART/uart.o
 .debug_macro   0x000009ce       0x16 ./UART/uart.o
 .debug_macro   0x000009e4       0x16 ./UART/uart.o
 .debug_macro   0x000009fa       0x44 ./UART/uart.o
 .debug_macro   0x00000a3e      0x209 ./UART/uart.o
 .debug_macro   0x00000c47       0x55 ./UART/uart.o
 .debug_macro   0x00000c9c       0x3b ./UART/uart.o
 .debug_macro   0x00000cd7       0x34 ./UART/uart.o
 .debug_macro   0x00000d0b       0x26 ./UART/uart.o
 .debug_macro   0x00000d31      0xd1d ./UART/uart.o
 .debug_macro   0x00001a4e       0x78 ./UART/uart.o
 .debug_macro   0x00001ac6     0xf0b9 ./UART/uart.o
 .debug_macro   0x00010b7f       0x58 ./UART/uart.o
 .debug_macro   0x00010bd7       0x35 ./UART/uart.o
 .debug_macro   0x00010c0c       0xa3 ./UART/uart.o
 .debug_macro   0x00010caf       0x16 ./UART/uart.o
 .debug_macro   0x00010cc5      0x10e ./UART/uart.o
 .debug_macro   0x00010dd3       0x7f ./UART/uart.o
 .debug_macro   0x00010e52       0x52 ./UART/uart.o
 .debug_macro   0x00010ea4       0x16 ./UART/uart.o
 .debug_macro   0x00010eba       0x43 ./UART/uart.o
 .debug_macro   0x00010efd      0x180 ./UART/uart.o
 .debug_macro   0x0001107d       0x22 ./UART/uart.o
 .debug_macro   0x0001109f       0x16 ./UART/uart.o
 .debug_macro   0x000110b5     0xeb95 ./UART/uart.o
 .debug_macro   0x0001fc4a     0x118f ./UART/uart.o
 .debug_macro   0x00020dd9      0x1f8 ./Sources/main.o
 .debug_macro   0x00020fd1       0x28 ./Sources/main.o
 .debug_macro   0x00020ff9       0x40 ./Sources/main.o
 .debug_macro   0x00021039       0x8e ./Sources/main.o
 .debug_macro   0x000210c7       0x1c ./Sources/main.o
 .debug_macro   0x000210e3       0x35 ./Sources/main.o
 .debug_macro   0x00021118       0x10 ./Sources/main.o
 .debug_macro   0x00021128       0x10 ./Sources/main.o
 .debug_macro   0x00021138       0x22 ./Sources/main.o
 .debug_macro   0x0002115a       0xbd ./Sources/main.o
 .debug_macro   0x00021217       0x16 ./Sources/main.o
 .debug_macro   0x0002122d      0x14a ./Sources/main.o
 .debug_macro   0x00021377      0x167 ./SPI/spi.o
 .debug_macro   0x000214de      0x171 ./Project_Settings/Startup_Code/startup.o
 .debug_macro   0x0002164f      0x162 ./Project_Settings/Startup_Code/system_MK22F51212.o
 .debug_macro   0x000217b1       0x67 ./Project_Settings/Startup_Code/system_MK22F51212.o
 .debug_macro   0x00021818      0x180 ./I2C/i2c.o
 .debug_macro   0x00021998       0x3a ./I2C/i2c.o
 .debug_macro   0x000219d2      0x167 ./GPIO/gpio.o
 .debug_macro   0x00021b39      0x171 ./FTM/ftm.o
 .debug_macro   0x00021caa      0x18d ./Camera/camera.o

.debug_line     0x00000000     0x23a0
 .debug_line    0x00000000      0x38e ./UART/uart.o
 .debug_line    0x0000038e      0x446 ./Sources/main.o
 .debug_line    0x000007d4      0x3b0 ./SPI/spi.o
 .debug_line    0x00000b84      0x36f ./Project_Settings/Startup_Code/startup.o
 .debug_line    0x00000ef3       0x6d ./Project_Settings/Startup_Code/startup_MK22F51212.o
 .debug_line    0x00000f60      0x3a5 ./Project_Settings/Startup_Code/system_MK22F51212.o
 .debug_line    0x00001305      0x537 ./I2C/i2c.o
 .debug_line    0x0000183c      0x395 ./GPIO/gpio.o
 .debug_line    0x00001bd1      0x378 ./FTM/ftm.o
 .debug_line    0x00001f49      0x457 ./Camera/camera.o

.debug_str      0x00000000   0x116e32
 .debug_str     0x00000000   0x1159ad ./UART/uart.o
                             0x115bb7 (size before relaxing)
 .debug_str     0x001159ad      0xef1 ./Sources/main.o
                             0x116873 (size before relaxing)
 .debug_str     0x0011689e       0xbd ./SPI/spi.o
                             0x115b52 (size before relaxing)
 .debug_str     0x0011695b      0x15e ./Project_Settings/Startup_Code/startup.o
                             0x115af4 (size before relaxing)
 .debug_str     0x00116ab9       0xed ./Project_Settings/Startup_Code/system_MK22F51212.o
                             0x115bb1 (size before relaxing)
 .debug_str     0x00116ba6       0xd2 ./I2C/i2c.o
                             0x115d20 (size before relaxing)
 .debug_str     0x00116c78       0x68 ./GPIO/gpio.o
                             0x115ae4 (size before relaxing)
 .debug_str     0x00116ce0       0xd7 ./FTM/ftm.o
                             0x115b41 (size before relaxing)
 .debug_str     0x00116db7       0x7b ./Camera/camera.o
                             0x115d06 (size before relaxing)

.comment        0x00000000       0x70
 .comment       0x00000000       0x70 ./UART/uart.o
                                 0x71 (size before relaxing)
 .comment       0x00000000       0x71 ./Sources/main.o
 .comment       0x00000000       0x71 ./SPI/spi.o
 .comment       0x00000000       0x71 ./Project_Settings/Startup_Code/startup.o
 .comment       0x00000000       0x71 ./Project_Settings/Startup_Code/system_MK22F51212.o
 .comment       0x00000000       0x71 ./I2C/i2c.o
 .comment       0x00000000       0x71 ./GPIO/gpio.o
 .comment       0x00000000       0x71 ./FTM/ftm.o
 .comment       0x00000000       0x71 ./Camera/camera.o

.debug_frame    0x00000000      0x508
 .debug_frame   0x00000000       0x80 ./UART/uart.o
 .debug_frame   0x00000080       0x2c ./Sources/main.o
 .debug_frame   0x000000ac       0xa0 ./SPI/spi.o
 .debug_frame   0x0000014c       0x2c ./Project_Settings/Startup_Code/startup.o
 .debug_frame   0x00000178       0x44 ./Project_Settings/Startup_Code/system_MK22F51212.o
 .debug_frame   0x000001bc       0xdc ./I2C/i2c.o
 .debug_frame   0x00000298       0x94 ./GPIO/gpio.o
 .debug_frame   0x0000032c       0x60 ./FTM/ftm.o
 .debug_frame   0x0000038c       0xe8 ./Camera/camera.o
 .debug_frame   0x00000474       0x28 /opt/Freescale/KDS_v3/toolchain/bin/../lib/gcc/arm-none-eabi/4.8.4/../../../../arm-none-eabi/lib/armv7e-m/fpu/libg_s.a(lib_a-exit.o)
 .debug_frame   0x0000049c       0x2c /opt/Freescale/KDS_v3/toolchain/bin/../lib/gcc/arm-none-eabi/4.8.4/../../../../arm-none-eabi/lib/armv7e-m/fpu/libg_s.a(lib_a-init.o)
 .debug_frame   0x000004c8       0x20 /opt/Freescale/KDS_v3/toolchain/bin/../lib/gcc/arm-none-eabi/4.8.4/../../../../arm-none-eabi/lib/armv7e-m/fpu/libg_s.a(lib_a-memset.o)
 .debug_frame   0x000004e8       0x20 /opt/Freescale/KDS_v3/toolchain/bin/../lib/gcc/arm-none-eabi/4.8.4/../../../../arm-none-eabi/lib/armv7e-m/fpu/libnosys.a(_exit.o)
