Archive member included because of file (symbol)

/home/alex/KSDK_1.3.0/lib/ksdk_platform_lib/kds/K22F51212/debug/libksdk_platform.a(fsl_uart_hal.o)
                              ./SDK/platform/utilities/fsl_debug_console.o (UART_HAL_SetBaudRate)
/home/alex/KSDK_1.3.0/lib/ksdk_platform_lib/kds/K22F51212/debug/libksdk_platform.a(fsl_lpuart_hal.o)
                              ./SDK/platform/utilities/fsl_debug_console.o (LPUART_HAL_SetBaudRate)
/home/alex/KSDK_1.3.0/lib/ksdk_platform_lib/kds/K22F51212/debug/libksdk_platform.a(fsl_gpio_driver.o)
                              ./SDK/board/board.o (GPIO_DRV_Init)
/home/alex/KSDK_1.3.0/lib/ksdk_platform_lib/kds/K22F51212/debug/libksdk_platform.a(fsl_clock_MK22F51212.o)
                              ./SDK/board/board.o (CLOCK_SYS_SetSimConfigration)
/home/alex/KSDK_1.3.0/lib/ksdk_platform_lib/kds/K22F51212/debug/libksdk_platform.a(fsl_clock_manager.o)
                              ./SDK/board/board.o (CLOCK_SYS_BootToPee)
/home/alex/KSDK_1.3.0/lib/ksdk_platform_lib/kds/K22F51212/debug/libksdk_platform.a(fsl_clock_manager_common.o)
                              /home/alex/KSDK_1.3.0/lib/ksdk_platform_lib/kds/K22F51212/debug/libksdk_platform.a(fsl_clock_MK22F51212.o) (g_oscBase)
/home/alex/KSDK_1.3.0/lib/ksdk_platform_lib/kds/K22F51212/debug/libksdk_platform.a(fsl_os_abstraction_bm.o)
                              /home/alex/KSDK_1.3.0/lib/ksdk_platform_lib/kds/K22F51212/debug/libksdk_platform.a(fsl_clock_manager.o) (OSA_EnterCritical)
/home/alex/KSDK_1.3.0/lib/ksdk_platform_lib/kds/K22F51212/debug/libksdk_platform.a(fsl_sim_hal_MK22F51212.o)
                              /home/alex/KSDK_1.3.0/lib/ksdk_platform_lib/kds/K22F51212/debug/libksdk_platform.a(fsl_clock_MK22F51212.o) (CLOCK_HAL_GetUsbfsDiv)
/home/alex/KSDK_1.3.0/lib/ksdk_platform_lib/kds/K22F51212/debug/libksdk_platform.a(fsl_osc_hal.o)
                              /home/alex/KSDK_1.3.0/lib/ksdk_platform_lib/kds/K22F51212/debug/libksdk_platform.a(fsl_clock_manager.o) (OSC_HAL_SetCapacitor)
/home/alex/KSDK_1.3.0/lib/ksdk_platform_lib/kds/K22F51212/debug/libksdk_platform.a(fsl_mcg_hal.o)
                              /home/alex/KSDK_1.3.0/lib/ksdk_platform_lib/kds/K22F51212/debug/libksdk_platform.a(fsl_clock_MK22F51212.o) (g_xtal0ClkFreq)
/home/alex/KSDK_1.3.0/lib/ksdk_platform_lib/kds/K22F51212/debug/libksdk_platform.a(fsl_mcg_hal_modes.o)
                              /home/alex/KSDK_1.3.0/lib/ksdk_platform_lib/kds/K22F51212/debug/libksdk_platform.a(fsl_clock_manager.o) (CLOCK_HAL_GetMcgMode)
/home/alex/KSDK_1.3.0/lib/ksdk_platform_lib/kds/K22F51212/debug/libksdk_platform.a(fsl_lptmr_hal.o)
                              /home/alex/KSDK_1.3.0/lib/ksdk_platform_lib/kds/K22F51212/debug/libksdk_platform.a(fsl_os_abstraction_bm.o) (LPTMR_HAL_SetTimerWorkingMode)
/home/alex/KSDK_1.3.0/lib/ksdk_platform_lib/kds/K22F51212/debug/libksdk_platform.a(fsl_gpio_hal.o)
                              /home/alex/KSDK_1.3.0/lib/ksdk_platform_lib/kds/K22F51212/debug/libksdk_platform.a(fsl_gpio_driver.o) (GPIO_HAL_SetPinDir)
/home/alex/KSDK_1.3.0/lib/ksdk_platform_lib/kds/K22F51212/debug/libksdk_platform.a(fsl_gpio_common.o)
                              /home/alex/KSDK_1.3.0/lib/ksdk_platform_lib/kds/K22F51212/debug/libksdk_platform.a(fsl_gpio_driver.o) (g_gpioBase)
/opt/Freescale/KDS_v3/toolchain/bin/../lib/gcc/arm-none-eabi/4.8.4/../../../../arm-none-eabi/lib/armv7e-m/fpu/libm.a(lib_a-s_ceil.o)
                              ./Sources/main.o (ceil)
/opt/Freescale/KDS_v3/toolchain/bin/../lib/gcc/arm-none-eabi/4.8.4/../../../../arm-none-eabi/lib/armv7e-m/fpu/libm.a(lib_a-w_pow.o)
                              ./ACCEL/accel.o (pow)
/opt/Freescale/KDS_v3/toolchain/bin/../lib/gcc/arm-none-eabi/4.8.4/../../../../arm-none-eabi/lib/armv7e-m/fpu/libm.a(lib_a-w_sqrt.o)
                              ./ACCEL/accel.o (sqrt)
/opt/Freescale/KDS_v3/toolchain/bin/../lib/gcc/arm-none-eabi/4.8.4/../../../../arm-none-eabi/lib/armv7e-m/fpu/libm.a(lib_a-e_pow.o)
                              /opt/Freescale/KDS_v3/toolchain/bin/../lib/gcc/arm-none-eabi/4.8.4/../../../../arm-none-eabi/lib/armv7e-m/fpu/libm.a(lib_a-w_pow.o) (__ieee754_pow)
/opt/Freescale/KDS_v3/toolchain/bin/../lib/gcc/arm-none-eabi/4.8.4/../../../../arm-none-eabi/lib/armv7e-m/fpu/libm.a(lib_a-e_sqrt.o)
                              /opt/Freescale/KDS_v3/toolchain/bin/../lib/gcc/arm-none-eabi/4.8.4/../../../../arm-none-eabi/lib/armv7e-m/fpu/libm.a(lib_a-w_sqrt.o) (__ieee754_sqrt)
/opt/Freescale/KDS_v3/toolchain/bin/../lib/gcc/arm-none-eabi/4.8.4/../../../../arm-none-eabi/lib/armv7e-m/fpu/libm.a(lib_a-s_fabs.o)
                              /opt/Freescale/KDS_v3/toolchain/bin/../lib/gcc/arm-none-eabi/4.8.4/../../../../arm-none-eabi/lib/armv7e-m/fpu/libm.a(lib_a-e_pow.o) (fabs)
/opt/Freescale/KDS_v3/toolchain/bin/../lib/gcc/arm-none-eabi/4.8.4/../../../../arm-none-eabi/lib/armv7e-m/fpu/libm.a(lib_a-s_finite.o)
[...]
Memory Configuration

Name             Origin             Length             Attributes
m_interrupts     0x00000000         0x00000400         xr
m_flash_config   0x00000400         0x00000010         xr
m_text           0x00000410         0x0007fbf0         xr
m_data           0x1fff0000         0x00010000         rw
m_data_2         0x20000000         0x00010000         rw
*default*        0x00000000         0xffffffff

Linker script and memory map

LOAD /opt/Freescale/KDS_v3/toolchain/bin/../lib/gcc/arm-none-eabi/4.8.4/armv7e-m/fpu/crti.o
LOAD /opt/Freescale/KDS_v3/toolchain/bin/../lib/gcc/arm-none-eabi/4.8.4/armv7e-m/fpu/crtbegin.o
LOAD /opt/Freescale/KDS_v3/toolchain/bin/../lib/gcc/arm-none-eabi/4.8.4/../../../../arm-none-eabi/lib/armv7e-m/fpu/crt0.o
LOAD ./UART1/UART1_driver.o
LOAD ./UART0/UART0_driver.o
LOAD ./Sources/flash_swap.o
LOAD ./Sources/fsl_interrupt_manager.o
LOAD ./Sources/main.o
LOAD ./SPI0/SPI0_driver.o
LOAD ./SPI/spi.o
LOAD ./SDK/platform/utilities/fsl_debug_console.o
LOAD ./SDK/platform/utilities/print_scan.o
LOAD ./SDK/flash/C90TFS/drvsrc/source/CopyToRam.o
LOAD ./SDK/flash/C90TFS/drvsrc/source/DEFlashPartition.o
LOAD ./SDK/flash/C90TFS/drvsrc/source/DFlashGetProtection.o
LOAD ./SDK/flash/C90TFS/drvsrc/source/DFlashSetProtection.o
LOAD ./SDK/flash/C90TFS/drvsrc/source/EEEWrite.o
LOAD ./SDK/flash/C90TFS/drvsrc/source/EERAMGetProtection.o
LOAD ./SDK/flash/C90TFS/drvsrc/source/EERAMSetProtection.o
LOAD ./SDK/flash/C90TFS/drvsrc/source/FlashCheckSum.o
LOAD ./SDK/flash/C90TFS/drvsrc/source/FlashCommandSequence.o
LOAD ./SDK/flash/C90TFS/drvsrc/source/FlashEraseAllBlock.o
LOAD ./SDK/flash/C90TFS/drvsrc/source/FlashEraseAllBlockUnsecure.o
LOAD ./SDK/flash/C90TFS/drvsrc/source/FlashEraseBlock.o
LOAD ./SDK/flash/C90TFS/drvsrc/source/FlashEraseResume.o
LOAD ./SDK/flash/C90TFS/drvsrc/source/FlashEraseSector.o
LOAD ./SDK/flash/C90TFS/drvsrc/source/FlashEraseSuspend.o
LOAD ./SDK/flash/C90TFS/drvsrc/source/FlashGetSecurityState.o
LOAD ./SDK/flash/C90TFS/drvsrc/source/FlashInit.o
LOAD ./SDK/flash/C90TFS/drvsrc/source/FlashProgram.o
LOAD ./SDK/flash/C90TFS/drvsrc/source/FlashProgramCheck.o
LOAD ./SDK/flash/C90TFS/drvsrc/source/FlashProgramOnce.o
LOAD ./SDK/flash/C90TFS/drvsrc/source/FlashProgramSection.o
LOAD ./SDK/flash/C90TFS/drvsrc/source/FlashReadOnce.o
LOAD ./SDK/flash/C90TFS/drvsrc/source/FlashReadResource.o
LOAD ./SDK/flash/C90TFS/drvsrc/source/FlashSecurityBypass.o
LOAD ./SDK/flash/C90TFS/drvsrc/source/FlashVerifyAllBlock.o
LOAD ./SDK/flash/C90TFS/drvsrc/source/FlashVerifyBlock.o
LOAD ./SDK/flash/C90TFS/drvsrc/source/FlashVerifySection.o
LOAD ./SDK/flash/C90TFS/drvsrc/source/PFlashFacGetSAProtection.o
LOAD ./SDK/flash/C90TFS/drvsrc/source/PFlashFacGetXAProtection.o
LOAD ./SDK/flash/C90TFS/drvsrc/source/PFlashGetProtection.o
LOAD ./SDK/flash/C90TFS/drvsrc/source/PFlashSetProtection.o
LOAD ./SDK/flash/C90TFS/drvsrc/source/PFlashSwap.o
LOAD ./SDK/flash/C90TFS/drvsrc/source/PFlashSwapCtl.o
LOAD ./SDK/flash/C90TFS/drvsrc/source/SetEEEEnable.o
LOAD ./SDK/flash/fsl_flash_lpm_callback.o
LOAD ./SDK/board/board.o
LOAD ./SDK/board/gpio_pins.o
LOAD ./SDK/board/hardware_init.o
LOAD ./SDK/board/pin_mux.o
LOAD ./RFM69/RFM69_driver.o
LOAD ./Project_Settings/Startup_Code/startup.o
LOAD ./Project_Settings/Startup_Code/startup_MK22F51212.o
LOAD ./Project_Settings/Startup_Code/system_MK22F51212.o
LOAD ./OS/OS.o
LOAD ./I2C/i2c.o
LOAD ./GPIO/gpio.o
LOAD ./FTM/FTM_driver.o
LOAD ./Comms/Comms.o
LOAD ./Camera/camera.o
LOAD ./ACCEL/accel.o
LOAD /home/alex/KSDK_1.3.0/lib/ksdk_platform_lib/kds/K22F51212/debug/libksdk_platform.a
LOAD /opt/Freescale/KDS_v3/toolchain/bin/../lib/gcc/arm-none-eabi/4.8.4/../../../../arm-none-eabi/lib/armv7e-m/fpu/libstdc++_s.a
LOAD /opt/Freescale/KDS_v3/toolchain/bin/../lib/gcc/arm-none-eabi/4.8.4/../../../../arm-none-eabi/lib/armv7e-m/fpu/libm.a
START GROUP
LOAD /opt/Freescale/KDS_v3/toolchain/bin/../lib/gcc/arm-none-eabi/4.8.4/armv7e-m/fpu/libgcc.a
LOAD /opt/Freescale/KDS_v3/toolchain/bin/../lib/gcc/arm-none-eabi/4.8.4/../../../../arm-none-eabi/lib/armv7e-m/fpu/libg_s.a
LOAD /opt/Freescale/KDS_v3/toolchain/bin/../lib/gcc/arm-none-eabi/4.8.4/../../../../arm-none-eabi/lib/armv7e-m/fpu/libc_s.a
END GROUP
START GROUP
LOAD /opt/Freescale/KDS_v3/toolchain/bin/../lib/gcc/arm-none-eabi/4.8.4/armv7e-m/fpu/libgcc.a
LOAD /opt/Freescale/KDS_v3/toolchain/bin/../lib/gcc/arm-none-eabi/4.8.4/../../../../arm-none-eabi/lib/armv7e-m/fpu/libc_s.a
LOAD /opt/Freescale/KDS_v3/toolchain/bin/../lib/gcc/arm-none-eabi/4.8.4/../../../../arm-none-eabi/lib/armv7e-m/fpu/libnosys.a
END GROUP
START GROUP
LOAD /opt/Freescale/KDS_v3/toolchain/bin/../lib/gcc/arm-none-eabi/4.8.4/armv7e-m/fpu/libgcc.a
LOAD /opt/Freescale/KDS_v3/toolchain/bin/../lib/gcc/arm-none-eabi/4.8.4/../../../../arm-none-eabi/lib/armv7e-m/fpu/libc_s.a
LOAD /opt/Freescale/KDS_v3/toolchain/bin/../lib/gcc/arm-none-eabi/4.8.4/../../../../arm-none-eabi/lib/armv7e-m/fpu/libnosys.a
END GROUP
LOAD /opt/Freescale/KDS_v3/toolchain/bin/../lib/gcc/arm-none-eabi/4.8.4/armv7e-m/fpu/crtend.o
LOAD /opt/Freescale/KDS_v3/toolchain/bin/../lib/gcc/arm-none-eabi/4.8.4/armv7e-m/fpu/crtn.o
                0x00000400                HEAP_SIZE = DEFINED (__heap_size__)?__heap_size__:0x400
                0x00000400                STACK_SIZE = DEFINED (__stack_size__)?__stack_size__:0x400
                0x00000000                M_VECTOR_RAM_SIZE = DEFINED (__ram_vector_table__)?0x400:0x0

.interrupts     0x00000000      0x400
                0x00000000                __VECTOR_TABLE = .
                0x00000000                . = ALIGN (0x4)
 *(.isr_vector)
 .isr_vector    0x00000000      0x400 ./Project_Settings/Startup_Code/startup_MK22F51212.o
                0x00000000                __isr_vector
                0x00000400                . = ALIGN (0x4)

.flash_config   0x00000400       0x10
                0x00000400                . = ALIGN (0x4)
 *(.FlashConfig)
 .FlashConfig   0x00000400       0x10 ./Project_Settings/Startup_Code/startup_MK22F51212.o
                0x00000410                . = ALIGN (0x4)

.text           0x00000410     0x5ea0
                0x00000410                . = ALIGN (0x4)
 *(.text)
 .text          0x00000410       0x54 /opt/Freescale/KDS_v3/toolchain/bin/../lib/gcc/arm-none-eabi/4.8.4/armv7e-m/fpu/crtbegin.o
 .text          0x00000464       0x74 /opt/Freescale/KDS_v3/toolchain/bin/../lib/gcc/arm-none-eabi/4.8.4/../../../../arm-none-eabi/lib/armv7e-m/fpu/crt0.o
                0x00000464                _mainCRTStartup
                0x00000464                _start
 .text          0x000004d8       0x14 ./Project_Settings/Startup_Code/startup_MK22F51212.o
                0x000004d8                Reset_Handler
                0x000004e8                Reserved96_IRQHandler
                0x000004e8                Reserved54_IRQHandler
                0x000004e8                DebugMon_Handler
                0x000004e8                HardFault_Handler
                0x000004e8                Reserved86_IRQHandler
                0x000004e8                Reserved85_IRQHandler
                0x000004e8                SysTick_Handler
                0x000004e8                PendSV_Handler
                0x000004e8                NMI_Handler
                0x000004e8                UART0_RX_TX_IRQHandler
                0x000004e8                I2C1_IRQHandler
                0x000004e8                DMA2_IRQHandler
                0x000004e8                Reserved99_IRQHandler
                0x000004e8                PIT0_IRQHandler
                0x000004e8                LLWU_IRQHandler
                0x000004e8                Reserved84_IRQHandler
                0x000004e8                Reserved92_IRQHandler
                0x000004e8                UART2_RX_TX_IRQHandler
                0x000004e8                SWI_IRQHandler
                0x000004e8                ADC0_IRQHandler
                0x000004e8                UsageFault_Handler
                0x000004e8                I2S0_Tx_IRQHandler
                0x000004e8                SPI1_IRQHandler
                0x000004e8                DefaultISR
                0x000004e8                DMA9_IRQHandler
                0x000004e8                DMA14_IRQHandler
                0x000004e8                Reserved82_IRQHandler
                0x000004e8                CMP1_IRQHandler
                0x000004e8                Reserved71_IRQHandler
                0x000004e8                PORTD_IRQHandler
                0x000004e8                PORTB_IRQHandler
                0x000004e8                Reserved70_IRQHandler
                0x000004e8                ADC1_IRQHandler
                0x000004e8                PIT2_IRQHandler
                0x000004e8                I2S0_Rx_IRQHandler
                0x000004e8                Reserved53_IRQHandler
                0x000004e8                DMA5_IRQHandler
                0x000004e8                RTC_IRQHandler
                0x000004e8                PDB0_IRQHandler
                0x000004e8                FTM1_IRQHandler
                0x000004e8                Reserved61_IRQHandler
                0x000004e8                Reserved95_IRQHandler
                0x000004e8                PIT3_IRQHandler
                0x000004e8                RTC_Seconds_IRQHandler
                0x000004e8                MCG_IRQHandler
                0x000004e8                UART2_ERR_IRQHandler
                0x000004e8                DMA11_IRQHandler
                0x000004e8                Read_Collision_IRQHandler
                0x000004e8                Reserved98_IRQHandler
                0x000004e8                DMA7_IRQHandler
                0x000004e8                Reserved101_IRQHandler
                0x000004e8                USB0_IRQHandler
                0x000004e8                WDOG_EWM_IRQHandler
                0x000004e8                MemManage_Handler
                0x000004e8                Reserved90_IRQHandler
                0x000004e8                Reserved83_IRQHandler
                0x000004e8                SVC_Handler
                0x000004e8                DMA13_IRQHandler
                0x000004e8                DMA3_IRQHandler
                0x000004e8                Reserved100_IRQHandler
                0x000004e8                RNG_IRQHandler
                0x000004e8                DMA0_IRQHandler
                0x000004e8                Reserved97_IRQHandler
                0x000004e8                Reserved91_IRQHandler
                0x000004e8                LPUART0_IRQHandler
                0x000004e8                DMA15_IRQHandler
                0x000004e8                DAC0_IRQHandler
                0x000004e8                Reserved81_IRQHandler
                0x000004e8                Reserved94_IRQHandler
                0x000004e8                DMA4_IRQHandler
                0x000004e8                PIT1_IRQHandler
                0x000004e8                UART0_ERR_IRQHandler
                0x000004e8                DMA_Error_IRQHandler
                0x000004e8                LVD_LVW_IRQHandler
                0x000004e8                SPI0_IRQHandler
                0x000004e8                FTM0_IRQHandler
                0x000004e8                PORTA_IRQHandler
                0x000004e8                DAC1_IRQHandler
                0x000004e8                MCM_IRQHandler
                0x000004e8                DMA12_IRQHandler
                0x000004e8                FTM3_IRQHandler
                0x000004e8                PORTE_IRQHandler
                0x000004e8                FTM2_IRQHandler
                0x000004e8                BusFault_Handler
                0x000004e8                DMA8_IRQHandler
                0x000004e8                Reserved93_IRQHandler
                0x000004e8                DMA10_IRQHandler
                0x000004e8                UART1_ERR_IRQHandler
                0x000004e8                UART1_RX_TX_IRQHandler
                0x000004e8                CMP0_IRQHandler
                0x000004e8                PORTC_IRQHandler
                0x000004e8                DMA6_IRQHandler
                0x000004e8                FTF_IRQHandler
                0x000004e8                DMA1_IRQHandler
 .text          0x000004ec      0x370 /opt/Freescale/KDS_v3/toolchain/bin/../lib/gcc/arm-none-eabi/4.8.4/armv7e-m/fpu/libgcc.a(_arm_addsubdf3.o)
                0x000004ec                __aeabi_drsub
                0x000004f4                __aeabi_dsub
                0x000004f4                __subdf3
                0x000004f8                __adddf3
                0x000004f8                __aeabi_dadd
                0x00000770                __aeabi_ui2d
                0x00000770                __floatunsidf
                0x00000790                __floatsidf
                0x00000790                __aeabi_i2d
                0x000007b4                __extendsfdf2
                0x000007b4                __aeabi_f2d
                0x000007f0                __aeabi_ul2d
                0x000007f0                __floatundidf
                0x00000800                __floatdidf
                0x00000800                __aeabi_l2d
 .text          0x0000085c      0x424 /opt/Freescale/KDS_v3/toolchain/bin/../lib/gcc/arm-none-eabi/4.8.4/armv7e-m/fpu/libgcc.a(_arm_muldivdf3.o)
                0x0000085c                __aeabi_dmul
                0x0000085c                __muldf3
                0x00000ab0                __aeabi_ddiv
                0x00000ab0                __divdf3
 .text          0x00000c80      0x110 /opt/Freescale/KDS_v3/toolchain/bin/../lib/gcc/arm-none-eabi/4.8.4/armv7e-m/fpu/libgcc.a(_arm_cmpdf2.o)
                0x00000c80                __gtdf2
                0x00000c80                __gedf2
                0x00000c88                __ltdf2
                0x00000c88                __ledf2
                0x00000c90                __cmpdf2
                0x00000c90                __eqdf2
                0x00000c90                __nedf2
                0x00000d0c                __aeabi_cdrcmple
                0x00000d1c                __aeabi_cdcmple
                0x00000d1c                __aeabi_cdcmpeq
                0x00000d2c                __aeabi_dcmpeq
                0x00000d40                __aeabi_dcmplt
                0x00000d54                __aeabi_dcmple
                0x00000d68                __aeabi_dcmpge
                0x00000d7c                __aeabi_dcmpgt
 .text          0x00000d90       0x50 /opt/Freescale/KDS_v3/toolchain/bin/../lib/gcc/arm-none-eabi/4.8.4/armv7e-m/fpu/libgcc.a(_arm_fixdfsi.o)
                0x00000d90                __fixdfsi
                0x00000d90                __aeabi_d2iz
 .text          0x00000de0       0x40 /opt/Freescale/KDS_v3/toolchain/bin/../lib/gcc/arm-none-eabi/4.8.4/armv7e-m/fpu/libgcc.a(_arm_fixunsdfsi.o)
                0x00000de0                __fixunsdfsi
                0x00000de0                __aeabi_d2uiz
 .text          0x00000e20       0xa0 /opt/Freescale/KDS_v3/toolchain/bin/../lib/gcc/arm-none-eabi/4.8.4/armv7e-m/fpu/libgcc.a(_arm_truncdfsf2.o)
                0x00000e20                __aeabi_d2f
                0x00000e20                __truncdfsf2
 *(.text*)
 .text.NVIC_SystemReset
                0x00000ec0       0x28 ./Sources/main.o
 .text.error_trap
                0x00000ee8       0x1c ./Sources/main.o
                0x00000ee8                error_trap
 .text.master_init
                0x00000f04       0x3c ./Sources/main.o
                0x00000f04                master_init
 .text.sleep_handler
                0x00000f40       0x1c ./Sources/main.o
                0x00000f40                sleep_handler
 .text.main     0x00000f5c      0x25c ./Sources/main.o
                0x00000f5c                main
 .text.callback
                0x000011b8        0xc ./Sources/main.o
                0x000011b8                callback
 .text.SPI0_Init
                0x000011c4       0xe0 ./SPI0/SPI0_driver.o
                0x000011c4                SPI0_Init
 .text.SPI0_Prep
                0x000012a4       0x5c ./SPI0/SPI0_driver.o
                0x000012a4                SPI0_Prep
 .text.SPI0_RX  0x00001300       0x38 ./SPI0/SPI0_driver.o
                0x00001300                SPI0_RX
 .text.SPI0_TX  0x00001338       0x48 ./SPI0/SPI0_driver.o
                0x00001338                SPI0_TX
 .text.SPI1_Init
                0x00001380      0x108 ./SPI/spi.o
                0x00001380                SPI1_Init
 .text.SPI1_txPrep
                0x00001488       0x5c ./SPI/spi.o
                0x00001488                SPI1_txPrep
 .text.SPI1_RX  0x000014e4       0x38 ./SPI/spi.o
                0x000014e4                SPI1_RX
 .text.SPI1_TX  0x0000151c       0x48 ./SPI/spi.o
                0x0000151c                SPI1_TX
 .text.UART_HAL_EnableTransmitter
                0x00001564       0x24 ./SDK/platform/utilities/fsl_debug_console.o
 .text.UART_HAL_EnableReceiver
                0x00001588       0x24 ./SDK/platform/utilities/fsl_debug_console.o
 .text.UART_HAL_SetBitCountPerChar
                0x000015ac       0x28 ./SDK/platform/utilities/fsl_debug_console.o
 .text.LPUART_HAL_SetTransmitterCmd
                0x000015d4       0x28 ./SDK/platform/utilities/fsl_debug_console.o
 .text.LPUART_HAL_SetReceiverCmd
                0x000015fc       0x28 ./SDK/platform/utilities/fsl_debug_console.o
 .text.LPUART_HAL_SetStopBitCount
                0x00001624       0x24 ./SDK/platform/utilities/fsl_debug_console.o
 .text.SIM_HAL_EnableClock
                0x00001648       0x44 ./SDK/platform/utilities/fsl_debug_console.o
 .text.CLOCK_SYS_EnableLpuartClock
                0x0000168c       0x1c ./SDK/platform/utilities/fsl_debug_console.o
 .text.DbgConsole_Init
                0x000016a8      0x134 ./SDK/platform/utilities/fsl_debug_console.o
                0x000016a8                DbgConsole_Init
 .text._write   0x000017dc       0x58 ./SDK/platform/utilities/fsl_debug_console.o
                0x000017dc                _write
 .text._read    0x00001834       0x44 ./SDK/platform/utilities/fsl_debug_console.o
                0x00001834                _read
 .text.RelocateFunction
                0x00001878       0x28 ./SDK/flash/C90TFS/drvsrc/source/CopyToRam.o
                0x00001878                RelocateFunction
 .text.FlashCommandSequence
                0x000018a0       0x2c ./SDK/flash/C90TFS/drvsrc/source/FlashCommandSequence.o
                0x000018a0                FlashCommandSequence
 .text.FlashInit
                0x000018cc        0xc ./SDK/flash/C90TFS/drvsrc/source/FlashInit.o
                0x000018cc                FlashInit
 .text.dbg_uart_init
                0x000018d8       0x18 ./SDK/board/board.o
                0x000018d8                dbg_uart_init
 .text.hardware_init
                0x000018f0       0x18 ./SDK/board/hardware_init.o
                0x000018f0                hardware_init
 .text.PORT_HAL_SetMuxMode
                0x00001908       0x58 ./SDK/board/pin_mux.o
 .text.configure_uart_pins
                0x00001960       0x30 ./SDK/board/pin_mux.o
                0x00001960                configure_uart_pins
 .text.RFM69_TX
                0x00001990       0x30 ./RFM69/RFM69_driver.o
                0x00001990                RFM69_TX
 .text.RFM69_RX
                0x000019c0       0x28 ./RFM69/RFM69_driver.o
                0x000019c0                RFM69_RX
 .text.RFM69_Init
                0x000019e8       0x88 ./RFM69/RFM69_driver.o
                0x000019e8                RFM69_Init
 .text.RFM69_CLEAR_FIFO
                0x00001a70       0x10 ./RFM69/RFM69_driver.o
                0x00001a70                RFM69_CLEAR_FIFO
 .text.RFM69_SET_MODE
                0x00001a80       0x44 ./RFM69/RFM69_driver.o
                0x00001a80                RFM69_SET_MODE
 .text.RFM69_SEND
                0x00001ac4       0x64 ./RFM69/RFM69_driver.o
                0x00001ac4                RFM69_SEND
 .text.RFM69_RECEIVE_TIMEOUT
                0x00001b28      0x150 ./RFM69/RFM69_driver.o
                0x00001b28                RFM69_RECEIVE_TIMEOUT
 .text.init_data_bss
                0x00001c78       0xcc ./Project_Settings/Startup_Code/startup.o
                0x00001c78                init_data_bss
 .text.SystemInit
                0x00001d44      0x1d8 ./Project_Settings/Startup_Code/system_MK22F51212.o
                0x00001d44                SystemInit
 .text.NVIC_EnableIRQ
                0x00001f1c       0x30 ./OS/OS.o
 .text.MOSFET_OFF_Cam
                0x00001f4c       0x54 ./OS/OS.o
                0x00001f4c                MOSFET_OFF_Cam
 .text.MOSFET_ON_Cam
                0x00001fa0       0x54 ./OS/OS.o
                0x00001fa0                MOSFET_ON_Cam
 .text.MOSFET_OFF_RF
                0x00001ff4       0x54 ./OS/OS.o
                0x00001ff4                MOSFET_OFF_RF
 .text.MOSFET_ON_RF
                0x00002048       0x54 ./OS/OS.o
                0x00002048                MOSFET_ON_RF
 .text.disable_modules
                0x0000209c      0x104 ./OS/OS.o
                0x0000209c                disable_modules
 .text.LPTMR0_enable
                0x000021a0       0xcc ./OS/OS.o
                0x000021a0                LPTMR0_enable
 .text.LPTMR0_IRQHandler
                0x0000226c       0x28 ./OS/OS.o
                0x0000226c                LPTMR0_IRQHandler
 .text.ADC0_Init
                0x00002294       0x7c ./OS/OS.o
                0x00002294                ADC0_Init
 .text.ADC0_Convert
                0x00002310       0x3c ./OS/OS.o
                0x00002310                ADC0_Convert
 .text.ADC1_Init
                0x0000234c       0x7c ./OS/OS.o
                0x0000234c                ADC1_Init
 .text.ADC1_Convert
                0x000023c8       0x3c ./OS/OS.o
                0x000023c8                ADC1_Convert
 *fill*         0x00002404        0x4 
 .text.check_bat
                0x00002408       0xd0 ./OS/OS.o
                0x00002408                check_bat
 .text.check_solar
                0x000024d8       0x80 ./OS/OS.o
                0x000024d8                check_solar
 .text.SUNLIGHT_LED
                0x00002558       0x70 ./OS/OS.o
                0x00002558                SUNLIGHT_LED
 .text.OPERATION_LED
                0x000025c8       0x70 ./OS/OS.o
                0x000025c8                OPERATION_LED
 .text.QUICK_SOLAR_CHECK
                0x00002638       0x80 ./OS/OS.o
                0x00002638                QUICK_SOLAR_CHECK
 .text.I2C0_IRQHandler
                0x000026b8       0x34 ./I2C/i2c.o
                0x000026b8                I2C0_IRQHandler
 .text.init_I2C
                0x000026ec       0x7c ./I2C/i2c.o
                0x000026ec                init_I2C
 .text.Pause    0x00002768       0x24 ./I2C/i2c.o
                0x00002768                Pause
 .text.IIC_StartTransmission
                0x0000278c       0x64 ./I2C/i2c.o
                0x0000278c                IIC_StartTransmission
 .text.I2CWriteRegister
                0x000027f0       0xb8 ./I2C/i2c.o
                0x000027f0                I2CWriteRegister
 .text.I2CReadMultiRegisters
                0x000028a8      0x1b0 ./I2C/i2c.o
                0x000028a8                I2CReadMultiRegisters
 .text.RFM69_DIO0_Init
                0x00002a58       0x38 ./GPIO/gpio.o
                0x00002a58                RFM69_DIO0_Init
 .text.RFM69_DIO0_Read
                0x00002a90       0x24 ./GPIO/gpio.o
                0x00002a90                RFM69_DIO0_Read
 .text.FTM0_init
                0x00002ab4       0x48 ./FTM/FTM_driver.o
                0x00002ab4                FTM0_init
 .text.FTM1_init
                0x00002afc       0x48 ./FTM/FTM_driver.o
                0x00002afc                FTM1_init
 .text.cam_cfg  0x00002b44       0x3c ./Camera/camera.o
                0x00002b44                cam_cfg
 .text.camera_init
                0x00002b80       0x98 ./Camera/camera.o
                0x00002b80                camera_init
 .text.cam_reg_read
                0x00002c18       0x30 ./Camera/camera.o
                0x00002c18                cam_reg_read
 .text.fifo_len
                0x00002c48       0x40 ./Camera/camera.o
                0x00002c48                fifo_len
 .text.capture_done
                0x00002c88       0x18 ./Camera/camera.o
                0x00002c88                capture_done
 .text.capture  0x00002ca0       0x34 ./Camera/camera.o
                0x00002ca0                capture
 .text.accel_init
                0x00002cd4       0x3c ./ACCEL/accel.o
                0x00002cd4                accel_init
 .text.MPU_gyro_read
                0x00002d10       0x68 ./ACCEL/accel.o
                0x00002d10                MPU_gyro_read
 .text.check_tumble
                0x00002d78       0xd8 ./ACCEL/accel.o
                0x00002d78                check_tumble
 .text.UART_HAL_SetBaudRate
                0x00002e50       0xa0 /home/alex/KSDK_1.3.0/lib/ksdk_platform_lib/kds/K22F51212/debug/libksdk_platform.a(fsl_uart_hal.o)
                0x00002e50                UART_HAL_SetBaudRate
 .text.UART_HAL_SetParityMode
                0x00002ef0       0x40 /home/alex/KSDK_1.3.0/lib/ksdk_platform_lib/kds/K22F51212/debug/libksdk_platform.a(fsl_uart_hal.o)
                0x00002ef0                UART_HAL_SetParityMode
 .text.UART_HAL_Putchar
                0x00002f30       0x28 /home/alex/KSDK_1.3.0/lib/ksdk_platform_lib/kds/K22F51212/debug/libksdk_platform.a(fsl_uart_hal.o)
                0x00002f30                UART_HAL_Putchar
 .text.UART_HAL_Getchar
                0x00002f58       0x2c /home/alex/KSDK_1.3.0/lib/ksdk_platform_lib/kds/K22F51212/debug/libksdk_platform.a(fsl_uart_hal.o)
                0x00002f58                UART_HAL_Getchar
 .text.UART_HAL_SendDataPolling
                0x00002f84       0x44 /home/alex/KSDK_1.3.0/lib/ksdk_platform_lib/kds/K22F51212/debug/libksdk_platform.a(fsl_uart_hal.o)
                0x00002f84                UART_HAL_SendDataPolling
 .text.UART_HAL_ReceiveDataPolling
                0x00002fc8       0x78 /home/alex/KSDK_1.3.0/lib/ksdk_platform_lib/kds/K22F51212/debug/libksdk_platform.a(fsl_uart_hal.o)
                0x00002fc8                UART_HAL_ReceiveDataPolling
 .text.LPUART_HAL_Putchar
                0x00003040       0x1c /home/alex/KSDK_1.3.0/lib/ksdk_platform_lib/kds/K22F51212/debug/libksdk_platform.a(fsl_lpuart_hal.o)
 .text.LPUART_HAL_Getchar
                0x0000305c       0x20 /home/alex/KSDK_1.3.0/lib/ksdk_platform_lib/kds/K22F51212/debug/libksdk_platform.a(fsl_lpuart_hal.o)
 .text.LPUART_HAL_SetBaudRate
                0x0000307c      0x134 /home/alex/KSDK_1.3.0/lib/ksdk_platform_lib/kds/K22F51212/debug/libksdk_platform.a(fsl_lpuart_hal.o)
                0x0000307c                LPUART_HAL_SetBaudRate
 .text.LPUART_HAL_SetBitCountPerChar
                0x000031b0       0x4c /home/alex/KSDK_1.3.0/lib/ksdk_platform_lib/kds/K22F51212/debug/libksdk_platform.a(fsl_lpuart_hal.o)
                0x000031b0                LPUART_HAL_SetBitCountPerChar
 .text.LPUART_HAL_SetParityMode
                0x000031fc       0x3c /home/alex/KSDK_1.3.0/lib/ksdk_platform_lib/kds/K22F51212/debug/libksdk_platform.a(fsl_lpuart_hal.o)
                0x000031fc                LPUART_HAL_SetParityMode
 .text.LPUART_HAL_SendDataPolling
                0x00003238       0x44 /home/alex/KSDK_1.3.0/lib/ksdk_platform_lib/kds/K22F51212/debug/libksdk_platform.a(fsl_lpuart_hal.o)
                0x00003238                LPUART_HAL_SendDataPolling
 .text.LPUART_HAL_ReceiveDataPolling
                0x0000327c       0x70 /home/alex/KSDK_1.3.0/lib/ksdk_platform_lib/kds/K22F51212/debug/libksdk_platform.a(fsl_lpuart_hal.o)
                0x0000327c                LPUART_HAL_ReceiveDataPolling
 .text.SIM_HAL_EnableClock
                0x000032ec       0x44 /home/alex/KSDK_1.3.0/lib/ksdk_platform_lib/kds/K22F51212/debug/libksdk_platform.a(fsl_clock_MK22F51212.o)
 .text.CLOCK_HAL_GetLpuartSrc
                0x00003330       0x28 /home/alex/KSDK_1.3.0/lib/ksdk_platform_lib/kds/K22F51212/debug/libksdk_platform.a(fsl_clock_MK22F51212.o)
 .text.CLOCK_HAL_GetPllfllSel
                0x00003358       0x28 /home/alex/KSDK_1.3.0/lib/ksdk_platform_lib/kds/K22F51212/debug/libksdk_platform.a(fsl_clock_MK22F51212.o)
 .text.CLOCK_HAL_GetOutDiv1
                0x00003380       0x24 /home/alex/KSDK_1.3.0/lib/ksdk_platform_lib/kds/K22F51212/debug/libksdk_platform.a(fsl_clock_MK22F51212.o)
 .text.CLOCK_HAL_GetOutDiv2
                0x000033a4       0x28 /home/alex/KSDK_1.3.0/lib/ksdk_platform_lib/kds/K22F51212/debug/libksdk_platform.a(fsl_clock_MK22F51212.o)
 .text.OSC_HAL_GetExternalRefClkCmd
                0x000033cc       0x2c /home/alex/KSDK_1.3.0/lib/ksdk_platform_lib/kds/K22F51212/debug/libksdk_platform.a(fsl_clock_MK22F51212.o)
 .text.OSC_HAL_GetExternalRefClkDiv
                0x000033f8       0x20 /home/alex/KSDK_1.3.0/lib/ksdk_platform_lib/kds/K22F51212/debug/libksdk_platform.a(fsl_clock_MK22F51212.o)
 .text.CLOCK_SYS_GetSystemClockFreq
                0x00003418       0x28 /home/alex/KSDK_1.3.0/lib/ksdk_platform_lib/kds/K22F51212/debug/libksdk_platform.a(fsl_clock_MK22F51212.o)
                0x00003418                CLOCK_SYS_GetSystemClockFreq
 .text.CLOCK_SYS_GetBusClockFreq
                0x00003440       0x28 /home/alex/KSDK_1.3.0/lib/ksdk_platform_lib/kds/K22F51212/debug/libksdk_platform.a(fsl_clock_MK22F51212.o)
                0x00003440                CLOCK_SYS_GetBusClockFreq
 .text.CLOCK_SYS_GetPllFllClockFreq
                0x00003468       0x54 /home/alex/KSDK_1.3.0/lib/ksdk_platform_lib/kds/K22F51212/debug/libksdk_platform.a(fsl_clock_MK22F51212.o)
                0x00003468                CLOCK_SYS_GetPllFllClockFreq
 .text.CLOCK_SYS_GetOsc0ExternalRefClockUndivFreq
                0x000034bc       0x28 /home/alex/KSDK_1.3.0/lib/ksdk_platform_lib/kds/K22F51212/debug/libksdk_platform.a(fsl_clock_MK22F51212.o)
                0x000034bc                CLOCK_SYS_GetOsc0ExternalRefClockUndivFreq
 .text.CLOCK_SYS_GetOsc0ExternalRefClockFreq
                0x000034e4       0x24 /home/alex/KSDK_1.3.0/lib/ksdk_platform_lib/kds/K22F51212/debug/libksdk_platform.a(fsl_clock_MK22F51212.o)
                0x000034e4                CLOCK_SYS_GetOsc0ExternalRefClockFreq
 .text.CLOCK_SYS_GetLpuartFreq
                0x00003508       0x54 /home/alex/KSDK_1.3.0/lib/ksdk_platform_lib/kds/K22F51212/debug/libksdk_platform.a(fsl_clock_MK22F51212.o)
                0x00003508                CLOCK_SYS_GetLpuartFreq
 .text.CLOCK_SYS_GetUartFreq
                0x0000355c       0x34 /home/alex/KSDK_1.3.0/lib/ksdk_platform_lib/kds/K22F51212/debug/libksdk_platform.a(fsl_clock_MK22F51212.o)
                0x0000355c                CLOCK_SYS_GetUartFreq
 .text.CLOCK_SYS_EnablePortClock
                0x00003590       0x48 /home/alex/KSDK_1.3.0/lib/ksdk_platform_lib/kds/K22F51212/debug/libksdk_platform.a(fsl_clock_MK22F51212.o)
                0x00003590                CLOCK_SYS_EnablePortClock
 .text.CLOCK_SYS_EnableUartClock
                0x000035d8       0x48 /home/alex/KSDK_1.3.0/lib/ksdk_platform_lib/kds/K22F51212/debug/libksdk_platform.a(fsl_clock_MK22F51212.o)
                0x000035d8                CLOCK_SYS_EnableUartClock
 .text.CLOCK_HAL_GetClkOutStat
                0x00003620       0x24 /home/alex/KSDK_1.3.0/lib/ksdk_platform_lib/kds/K22F51212/debug/libksdk_platform.a(fsl_mcg_hal.o)
 .text.CLOCK_HAL_IsPllSelected
                0x00003644       0x30 /home/alex/KSDK_1.3.0/lib/ksdk_platform_lib/kds/K22F51212/debug/libksdk_platform.a(fsl_mcg_hal.o)
 .text.CLOCK_HAL_TestOscFreq
                0x00003674       0x50 /home/alex/KSDK_1.3.0/lib/ksdk_platform_lib/kds/K22F51212/debug/libksdk_platform.a(fsl_mcg_hal.o)
                0x00003674                CLOCK_HAL_TestOscFreq
 .text.CLOCK_HAL_GetMcgExternalClkFreq
                0x000036c4       0x28 /home/alex/KSDK_1.3.0/lib/ksdk_platform_lib/kds/K22F51212/debug/libksdk_platform.a(fsl_mcg_hal.o)
 .text.CLOCK_HAL_TestFllExternalRefFreq
                0x000036ec       0x90 /home/alex/KSDK_1.3.0/lib/ksdk_platform_lib/kds/K22F51212/debug/libksdk_platform.a(fsl_mcg_hal.o)
                0x000036ec                CLOCK_HAL_TestFllExternalRefFreq
 .text.CLOCK_HAL_GetFllRefClk
                0x0000377c       0x74 /home/alex/KSDK_1.3.0/lib/ksdk_platform_lib/kds/K22F51212/debug/libksdk_platform.a(fsl_mcg_hal.o)
                0x0000377c                CLOCK_HAL_GetFllRefClk
 .text.CLOCK_HAL_TestFllFreq
                0x000037f0       0x5c /home/alex/KSDK_1.3.0/lib/ksdk_platform_lib/kds/K22F51212/debug/libksdk_platform.a(fsl_mcg_hal.o)
                0x000037f0                CLOCK_HAL_TestFllFreq
 .text.CLOCK_HAL_GetFllClk
                0x0000384c       0x60 /home/alex/KSDK_1.3.0/lib/ksdk_platform_lib/kds/K22F51212/debug/libksdk_platform.a(fsl_mcg_hal.o)
                0x0000384c                CLOCK_HAL_GetFllClk
 .text.CLOCK_HAL_GetPll0RefFreq
                0x000038ac       0x18 /home/alex/KSDK_1.3.0/lib/ksdk_platform_lib/kds/K22F51212/debug/libksdk_platform.a(fsl_mcg_hal.o)
                0x000038ac                CLOCK_HAL_GetPll0RefFreq
 .text.CLOCK_HAL_GetPll0Clk
                0x000038c4       0x7c /home/alex/KSDK_1.3.0/lib/ksdk_platform_lib/kds/K22F51212/debug/libksdk_platform.a(fsl_mcg_hal.o)
                0x000038c4                CLOCK_HAL_GetPll0Clk
 .text.CLOCK_HAL_GetInternalRefClk
                0x00003940       0x64 /home/alex/KSDK_1.3.0/lib/ksdk_platform_lib/kds/K22F51212/debug/libksdk_platform.a(fsl_mcg_hal.o)
                0x00003940                CLOCK_HAL_GetInternalRefClk
 .text.CLOCK_HAL_GetOutClk
                0x000039a4       0x68 /home/alex/KSDK_1.3.0/lib/ksdk_platform_lib/kds/K22F51212/debug/libksdk_platform.a(fsl_mcg_hal.o)
                0x000039a4                CLOCK_HAL_GetOutClk
 *fill*         0x00003a0c        0x4 
 .text.ceil     0x00003a10      0x130 /opt/Freescale/KDS_v3/toolchain/bin/../lib/gcc/arm-none-eabi/4.8.4/../../../../arm-none-eabi/lib/armv7e-m/fpu/libm.a(lib_a-s_ceil.o)
                0x00003a10                ceil
 .text.pow      0x00003b40      0x340 /opt/Freescale/KDS_v3/toolchain/bin/../lib/gcc/arm-none-eabi/4.8.4/../../../../arm-none-eabi/lib/armv7e-m/fpu/libm.a(lib_a-w_pow.o)
                0x00003b40                pow
 .text.sqrt     0x00003e80       0xbc /opt/Freescale/KDS_v3/toolchain/bin/../lib/gcc/arm-none-eabi/4.8.4/../../../../arm-none-eabi/lib/armv7e-m/fpu/libm.a(lib_a-w_sqrt.o)
                0x00003e80                sqrt
 *fill*         0x00003f3c        0x4 
 .text.__ieee754_pow
                0x00003f40      0xae8 /opt/Freescale/KDS_v3/toolchain/bin/../lib/gcc/arm-none-eabi/4.8.4/../../../../arm-none-eabi/lib/armv7e-m/fpu/libm.a(lib_a-e_pow.o)
                0x00003f40                __ieee754_pow
 .text.__ieee754_sqrt
                0x00004a28      0x198 /opt/Freescale/KDS_v3/toolchain/bin/../lib/gcc/arm-none-eabi/4.8.4/../../../../arm-none-eabi/lib/armv7e-m/fpu/libm.a(lib_a-e_sqrt.o)
                0x00004a28                __ieee754_sqrt
 .text.fabs     0x00004bc0       0x14 /opt/Freescale/KDS_v3/toolchain/bin/../lib/gcc/arm-none-eabi/4.8.4/../../../../arm-none-eabi/lib/armv7e-m/fpu/libm.a(lib_a-s_fabs.o)
                0x00004bc0                fabs
 .text.finite   0x00004bd4       0x10 /opt/Freescale/KDS_v3/toolchain/bin/../lib/gcc/arm-none-eabi/4.8.4/../../../../arm-none-eabi/lib/armv7e-m/fpu/libm.a(lib_a-s_finite.o)
                0x00004bd4                finite
 .text.__fpclassifyd
                0x00004be4       0x54 /opt/Freescale/KDS_v3/toolchain/bin/../lib/gcc/arm-none-eabi/4.8.4/../../../../arm-none-eabi/lib/armv7e-m/fpu/libm.a(lib_a-s_fpclassify.o)
                0x00004be4                __fpclassifyd
 .text.matherr  0x00004c38        0x4 /opt/Freescale/KDS_v3/toolchain/bin/../lib/gcc/arm-none-eabi/4.8.4/../../../../arm-none-eabi/lib/armv7e-m/fpu/libm.a(lib_a-s_matherr.o)
                0x00004c38                matherr
 *fill*         0x00004c3c        0x4 
 .text.nan      0x00004c40       0x10 /opt/Freescale/KDS_v3/toolchain/bin/../lib/gcc/arm-none-eabi/4.8.4/../../../../arm-none-eabi/lib/armv7e-m/fpu/libm.a(lib_a-s_nan.o)
                0x00004c40                nan
 .text.rint     0x00004c50      0x120 /opt/Freescale/KDS_v3/toolchain/bin/../lib/gcc/arm-none-eabi/4.8.4/../../../../arm-none-eabi/lib/armv7e-m/fpu/libm.a(lib_a-s_rint.o)
                0x00004c50                rint
 .text.scalbn   0x00004d70      0x120 /opt/Freescale/KDS_v3/toolchain/bin/../lib/gcc/arm-none-eabi/4.8.4/../../../../arm-none-eabi/lib/armv7e-m/fpu/libm.a(lib_a-s_scalbn.o)
                0x00004d70                scalbn
 .text.copysign
                0x00004e90       0x24 /opt/Freescale/KDS_v3/toolchain/bin/../lib/gcc/arm-none-eabi/4.8.4/../../../../arm-none-eabi/lib/armv7e-m/fpu/libm.a(lib_a-s_copysign.o)
                0x00004e90                copysign
 .text.__assert_func
                0x00004eb4       0x38 /opt/Freescale/KDS_v3/toolchain/bin/../lib/gcc/arm-none-eabi/4.8.4/../../../../arm-none-eabi/lib/armv7e-m/fpu/libg_s.a(lib_a-assert.o)
                0x00004eb4                __assert_func
 .text.calloc   0x00004eec       0x14 /opt/Freescale/KDS_v3/toolchain/bin/../lib/gcc/arm-none-eabi/4.8.4/../../../../arm-none-eabi/lib/armv7e-m/fpu/libg_s.a(lib_a-calloc.o)
                0x00004eec                calloc
 .text.__errno  0x00004f00        0xc /opt/Freescale/KDS_v3/toolchain/bin/../lib/gcc/arm-none-eabi/4.8.4/../../../../arm-none-eabi/lib/armv7e-m/fpu/libg_s.a(lib_a-errno.o)
                0x00004f00                __errno
 .text.exit     0x00004f0c       0x28 /opt/Freescale/KDS_v3/toolchain/bin/../lib/gcc/arm-none-eabi/4.8.4/../../../../arm-none-eabi/lib/armv7e-m/fpu/libg_s.a(lib_a-exit.o)
                0x00004f0c                exit
 .text.fprintf  0x00004f34       0x24 /opt/Freescale/KDS_v3/toolchain/bin/../lib/gcc/arm-none-eabi/4.8.4/../../../../arm-none-eabi/lib/armv7e-m/fpu/libg_s.a(lib_a-fprintf.o)
                0x00004f34                fprintf
                0x00004f34                fiprintf
 .text.__libc_init_array
                0x00004f58       0x4c /opt/Freescale/KDS_v3/toolchain/bin/../lib/gcc/arm-none-eabi/4.8.4/../../../../arm-none-eabi/lib/armv7e-m/fpu/libg_s.a(lib_a-init.o)
                0x00004f58                __libc_init_array
 .text.free     0x00004fa4       0x10 /opt/Freescale/KDS_v3/toolchain/bin/../lib/gcc/arm-none-eabi/4.8.4/../../../../arm-none-eabi/lib/armv7e-m/fpu/libg_s.a(lib_a-malloc.o)
                0x00004fa4                free
 .text.memcmp   0x00004fb4       0x1e /opt/Freescale/KDS_v3/toolchain/bin/../lib/gcc/arm-none-eabi/4.8.4/../../../../arm-none-eabi/lib/armv7e-m/fpu/libg_s.a(lib_a-memcmp.o)
                0x00004fb4                memcmp
 .text.memset   0x00004fd2       0x10 /opt/Freescale/KDS_v3/toolchain/bin/../lib/gcc/arm-none-eabi/4.8.4/../../../../arm-none-eabi/lib/armv7e-m/fpu/libg_s.a(lib_a-memset.o)
                0x00004fd2                memset
 .text._calloc_r
                0x00004fe2       0x1c /opt/Freescale/KDS_v3/toolchain/bin/../lib/gcc/arm-none-eabi/4.8.4/../../../../arm-none-eabi/lib/armv7e-m/fpu/libg_s.a(lib_a-nano-callocr.o)
                0x00004fe2                _calloc_r
 *fill*         0x00004ffe        0x2 
 .text._free_r  0x00005000       0x88 /opt/Freescale/KDS_v3/toolchain/bin/../lib/gcc/arm-none-eabi/4.8.4/../../../../arm-none-eabi/lib/armv7e-m/fpu/libg_s.a(lib_a-nano-freer.o)
                0x00005000                _free_r
 .text._malloc_r
                0x00005088       0xa8 /opt/Freescale/KDS_v3/toolchain/bin/../lib/gcc/arm-none-eabi/4.8.4/../../../../arm-none-eabi/lib/armv7e-m/fpu/libg_s.a(lib_a-nano-mallocr.o)
                0x00005088                _malloc_r
 .text._sbrk_r  0x00005130       0x20 /opt/Freescale/KDS_v3/toolchain/bin/../lib/gcc/arm-none-eabi/4.8.4/../../../../arm-none-eabi/lib/armv7e-m/fpu/libg_s.a(lib_a-sbrkr.o)
                0x00005130                _sbrk_r
 .text.strlen   0x00005150       0x10 /opt/Freescale/KDS_v3/toolchain/bin/../lib/gcc/arm-none-eabi/4.8.4/../../../../arm-none-eabi/lib/armv7e-m/fpu/libg_s.a(lib_a-strlen.o)
                0x00005150                strlen
 .text.__sfputc_r
                0x00005160       0x2c /opt/Freescale/KDS_v3/toolchain/bin/../lib/gcc/arm-none-eabi/4.8.4/../../../../arm-none-eabi/lib/armv7e-m/fpu/libg_s.a(lib_a-vfprintf.o)
 .text.__sfputs_r
                0x0000518c       0x24 /opt/Freescale/KDS_v3/toolchain/bin/../lib/gcc/arm-none-eabi/4.8.4/../../../../arm-none-eabi/lib/armv7e-m/fpu/libg_s.a(lib_a-vfprintf.o)
                0x0000518c                __sfputs_r
 .text._vfprintf_r
                0x000051b0      0x208 /opt/Freescale/KDS_v3/toolchain/bin/../lib/gcc/arm-none-eabi/4.8.4/../../../../arm-none-eabi/lib/armv7e-m/fpu/libg_s.a(lib_a-vfprintf.o)
                0x000051b0                _vfiprintf_r
                0x000051b0                _vfprintf_r
 .text._printf_common
                0x000053b8       0xe4 /opt/Freescale/KDS_v3/toolchain/bin/../lib/gcc/arm-none-eabi/4.8.4/../../../../arm-none-eabi/lib/armv7e-m/fpu/libg_s.a(lib_a-vfprintf_i.o)
                0x000053b8                _printf_common
 .text._printf_i
                0x0000549c      0x228 /opt/Freescale/KDS_v3/toolchain/bin/../lib/gcc/arm-none-eabi/4.8.4/../../../../arm-none-eabi/lib/armv7e-m/fpu/libg_s.a(lib_a-vfprintf_i.o)
                0x0000549c                _printf_i
 .text.__swbuf_r
                0x000056c4       0xa8 /opt/Freescale/KDS_v3/toolchain/bin/../lib/gcc/arm-none-eabi/4.8.4/../../../../arm-none-eabi/lib/armv7e-m/fpu/libg_s.a(lib_a-wbuf.o)
                0x000056c4                __swbuf_r
 .text.__swsetup_r
                0x0000576c       0xdc /opt/Freescale/KDS_v3/toolchain/bin/../lib/gcc/arm-none-eabi/4.8.4/../../../../arm-none-eabi/lib/armv7e-m/fpu/libg_s.a(lib_a-wsetup.o)
                0x0000576c                __swsetup_r
 .text.abort    0x00005848        0xe /opt/Freescale/KDS_v3/toolchain/bin/../lib/gcc/arm-none-eabi/4.8.4/../../../../arm-none-eabi/lib/armv7e-m/fpu/libg_s.a(lib_a-abort.o)
                0x00005848                abort
 .text.__sflush_r
                0x00005856      0x106 /opt/Freescale/KDS_v3/toolchain/bin/../lib/gcc/arm-none-eabi/4.8.4/../../../../arm-none-eabi/lib/armv7e-m/fpu/libg_s.a(lib_a-fflush.o)
                0x00005856                __sflush_r
 .text._fflush_r
                0x0000595c       0x54 /opt/Freescale/KDS_v3/toolchain/bin/../lib/gcc/arm-none-eabi/4.8.4/../../../../arm-none-eabi/lib/armv7e-m/fpu/libg_s.a(lib_a-fflush.o)
                0x0000595c                _fflush_r
 .text._cleanup_r
                0x000059b0       0x32 /opt/Freescale/KDS_v3/toolchain/bin/../lib/gcc/arm-none-eabi/4.8.4/../../../../arm-none-eabi/lib/armv7e-m/fpu/libg_s.a(lib_a-findfp.o)
                0x000059b0                _cleanup_r
 *fill*         0x000059e2        0x2 
 .text.std.isra.0
                0x000059e4       0x48 /opt/Freescale/KDS_v3/toolchain/bin/../lib/gcc/arm-none-eabi/4.8.4/../../../../arm-none-eabi/lib/armv7e-m/fpu/libg_s.a(lib_a-findfp.o)
 .text.__sfmoreglue
                0x00005a2c       0x2c /opt/Freescale/KDS_v3/toolchain/bin/../lib/gcc/arm-none-eabi/4.8.4/../../../../arm-none-eabi/lib/armv7e-m/fpu/libg_s.a(lib_a-findfp.o)
                0x00005a2c                __sfmoreglue
 .text.__sinit  0x00005a58       0x60 /opt/Freescale/KDS_v3/toolchain/bin/../lib/gcc/arm-none-eabi/4.8.4/../../../../arm-none-eabi/lib/armv7e-m/fpu/libg_s.a(lib_a-findfp.o)
                0x00005a58                __sinit
 .text.__sfp    0x00005ab8       0x74 /opt/Freescale/KDS_v3/toolchain/bin/../lib/gcc/arm-none-eabi/4.8.4/../../../../arm-none-eabi/lib/armv7e-m/fpu/libg_s.a(lib_a-findfp.o)
                0x00005ab8                __sfp
 .text.__smakebuf_r
                0x00005b2c       0x9c /opt/Freescale/KDS_v3/toolchain/bin/../lib/gcc/arm-none-eabi/4.8.4/../../../../arm-none-eabi/lib/armv7e-m/fpu/libg_s.a(lib_a-makebuf.o)
                0x00005b2c                __smakebuf_r
 .text.memchr   0x00005bc8       0x1e /opt/Freescale/KDS_v3/toolchain/bin/../lib/gcc/arm-none-eabi/4.8.4/../../../../arm-none-eabi/lib/armv7e-m/fpu/libg_s.a(lib_a-memchr-stub.o)
                0x00005bc8                memchr
 .text._raise_r
                0x00005be6       0x50 /opt/Freescale/KDS_v3/toolchain/bin/../lib/gcc/arm-none-eabi/4.8.4/../../../../arm-none-eabi/lib/armv7e-m/fpu/libg_s.a(lib_a-signal.o)
                0x00005be6                _raise_r
 *fill*         0x00005c36        0x2 
 .text.raise    0x00005c38       0x10 /opt/Freescale/KDS_v3/toolchain/bin/../lib/gcc/arm-none-eabi/4.8.4/../../../../arm-none-eabi/lib/armv7e-m/fpu/libg_s.a(lib_a-signal.o)
                0x00005c38                raise
 .text._kill_r  0x00005c48       0x24 /opt/Freescale/KDS_v3/toolchain/bin/../lib/gcc/arm-none-eabi/4.8.4/../../../../arm-none-eabi/lib/armv7e-m/fpu/libg_s.a(lib_a-signalr.o)
                0x00005c48                _kill_r
 .text._getpid_r
                0x00005c6c        0x4 /opt/Freescale/KDS_v3/toolchain/bin/../lib/gcc/arm-none-eabi/4.8.4/../../../../arm-none-eabi/lib/armv7e-m/fpu/libg_s.a(lib_a-signalr.o)
                0x00005c6c                _getpid_r
 .text.__sread  0x00005c70       0x22 /opt/Freescale/KDS_v3/toolchain/bin/../lib/gcc/arm-none-eabi/4.8.4/../../../../arm-none-eabi/lib/armv7e-m/fpu/libg_s.a(lib_a-stdio.o)
                0x00005c70                __sread
 .text.__swrite
                0x00005c92       0x38 /opt/Freescale/KDS_v3/toolchain/bin/../lib/gcc/arm-none-eabi/4.8.4/../../../../arm-none-eabi/lib/armv7e-m/fpu/libg_s.a(lib_a-stdio.o)
                0x00005c92                __swrite
 .text.__sseek  0x00005cca       0x24 /opt/Freescale/KDS_v3/toolchain/bin/../lib/gcc/arm-none-eabi/4.8.4/../../../../arm-none-eabi/lib/armv7e-m/fpu/libg_s.a(lib_a-stdio.o)
                0x00005cca                __sseek
 .text.__sclose
                0x00005cee        0x8 /opt/Freescale/KDS_v3/toolchain/bin/../lib/gcc/arm-none-eabi/4.8.4/../../../../arm-none-eabi/lib/armv7e-m/fpu/libg_s.a(lib_a-stdio.o)
                0x00005cee                __sclose
 *fill*         0x00005cf6        0x2 
 .text._write_r
                0x00005cf8       0x24 /opt/Freescale/KDS_v3/toolchain/bin/../lib/gcc/arm-none-eabi/4.8.4/../../../../arm-none-eabi/lib/armv7e-m/fpu/libg_s.a(lib_a-writer.o)
                0x00005cf8                _write_r
 .text._close_r
                0x00005d1c       0x20 /opt/Freescale/KDS_v3/toolchain/bin/../lib/gcc/arm-none-eabi/4.8.4/../../../../arm-none-eabi/lib/armv7e-m/fpu/libg_s.a(lib_a-closer.o)
                0x00005d1c                _close_r
 .text._fstat_r
                0x00005d3c       0x24 /opt/Freescale/KDS_v3/toolchain/bin/../lib/gcc/arm-none-eabi/4.8.4/../../../../arm-none-eabi/lib/armv7e-m/fpu/libg_s.a(lib_a-fstatr.o)
                0x00005d3c                _fstat_r
 .text._isatty_r
                0x00005d60       0x20 /opt/Freescale/KDS_v3/toolchain/bin/../lib/gcc/arm-none-eabi/4.8.4/../../../../arm-none-eabi/lib/armv7e-m/fpu/libg_s.a(lib_a-isattyr.o)
                0x00005d60                _isatty_r
 .text._lseek_r
                0x00005d80       0x24 /opt/Freescale/KDS_v3/toolchain/bin/../lib/gcc/arm-none-eabi/4.8.4/../../../../arm-none-eabi/lib/armv7e-m/fpu/libg_s.a(lib_a-lseekr.o)
                0x00005d80                _lseek_r
 .text._read_r  0x00005da4       0x24 /opt/Freescale/KDS_v3/toolchain/bin/../lib/gcc/arm-none-eabi/4.8.4/../../../../arm-none-eabi/lib/armv7e-m/fpu/libg_s.a(lib_a-readr.o)
                0x00005da4                _read_r
 .text._close   0x00005dc8       0x10 /opt/Freescale/KDS_v3/toolchain/bin/../lib/gcc/arm-none-eabi/4.8.4/../../../../arm-none-eabi/lib/armv7e-m/fpu/libnosys.a(close.o)
                0x00005dc8                _close
 .text._fstat   0x00005dd8       0x10 /opt/Freescale/KDS_v3/toolchain/bin/../lib/gcc/arm-none-eabi/4.8.4/../../../../arm-none-eabi/lib/armv7e-m/fpu/libnosys.a(fstat.o)
                0x00005dd8                _fstat
 .text._getpid  0x00005de8       0x10 /opt/Freescale/KDS_v3/toolchain/bin/../lib/gcc/arm-none-eabi/4.8.4/../../../../arm-none-eabi/lib/armv7e-m/fpu/libnosys.a(getpid.o)
                0x00005de8                _getpid
 .text._isatty  0x00005df8       0x10 /opt/Freescale/KDS_v3/toolchain/bin/../lib/gcc/arm-none-eabi/4.8.4/../../../../arm-none-eabi/lib/armv7e-m/fpu/libnosys.a(isatty.o)
                0x00005df8                _isatty
 .text._kill    0x00005e08       0x10 /opt/Freescale/KDS_v3/toolchain/bin/../lib/gcc/arm-none-eabi/4.8.4/../../../../arm-none-eabi/lib/armv7e-m/fpu/libnosys.a(kill.o)
                0x00005e08                _kill
 .text._lseek   0x00005e18       0x10 /opt/Freescale/KDS_v3/toolchain/bin/../lib/gcc/arm-none-eabi/4.8.4/../../../../arm-none-eabi/lib/armv7e-m/fpu/libnosys.a(lseek.o)
                0x00005e18                _lseek
 .text._sbrk    0x00005e28       0x34 /opt/Freescale/KDS_v3/toolchain/bin/../lib/gcc/arm-none-eabi/4.8.4/../../../../arm-none-eabi/lib/armv7e-m/fpu/libnosys.a(sbrk.o)
                0x00005e28                _sbrk
 .text._exit    0x00005e5c        0x4 /opt/Freescale/KDS_v3/toolchain/bin/../lib/gcc/arm-none-eabi/4.8.4/../../../../arm-none-eabi/lib/armv7e-m/fpu/libnosys.a(_exit.o)
                0x00005e5c                _exit
 *(.rodata)
 .rodata        0x00005e60        0xc ./SDK/platform/utilities/fsl_debug_console.o
 .rodata        0x00005e6c       0x44 ./SDK/board/pin_mux.o
 .rodata        0x00005eb0      0x1f4 /home/alex/KSDK_1.3.0/lib/ksdk_platform_lib/kds/K22F51212/debug/libksdk_platform.a(fsl_clock_MK22F51212.o)
 *(.rodata*)
 .rodata.start_command
                0x000060a4       0x14 ./Sources/main.o
                0x000060a4                start_command
 .rodata.stop_command
                0x000060b8       0x14 ./Sources/main.o
                0x000060b8                stop_command
 .rodata.__func__.5962
                0x000060cc       0x14 ./SDK/board/pin_mux.o
 .rodata.CONFIG
                0x000060e0       0x3c ./RFM69/RFM69_driver.o
                0x000060e0                CONFIG
 .rodata.portGateTable
                0x0000611c        0x8 /home/alex/KSDK_1.3.0/lib/ksdk_platform_lib/kds/K22F51212/debug/libksdk_platform.a(fsl_clock_MK22F51212.o)
 .rodata.uartGateTable
                0x00006124        0x4 /home/alex/KSDK_1.3.0/lib/ksdk_platform_lib/kds/K22F51212/debug/libksdk_platform.a(fsl_clock_MK22F51212.o)
 .rodata.__func__.7401
                0x00006128       0x1c /home/alex/KSDK_1.3.0/lib/ksdk_platform_lib/kds/K22F51212/debug/libksdk_platform.a(fsl_clock_MK22F51212.o)
 .rodata.__func__.7479
                0x00006144       0x1c /home/alex/KSDK_1.3.0/lib/ksdk_platform_lib/kds/K22F51212/debug/libksdk_platform.a(fsl_clock_MK22F51212.o)
 .rodata.g_oscBase
                0x00006160        0x4 /home/alex/KSDK_1.3.0/lib/ksdk_platform_lib/kds/K22F51212/debug/libksdk_platform.a(fsl_clock_manager_common.o)
                0x00006160                g_oscBase
 .rodata.fllFactorTable.6086
                0x00006164       0x10 /home/alex/KSDK_1.3.0/lib/ksdk_platform_lib/kds/K22F51212/debug/libksdk_platform.a(fsl_mcg_hal.o)
 .rodata.str1.4
                0x00006174        0x4 /opt/Freescale/KDS_v3/toolchain/bin/../lib/gcc/arm-none-eabi/4.8.4/../../../../arm-none-eabi/lib/armv7e-m/fpu/libm.a(lib_a-w_pow.o)
 .rodata.str1.4
                0x00006178        0x5 /opt/Freescale/KDS_v3/toolchain/bin/../lib/gcc/arm-none-eabi/4.8.4/../../../../arm-none-eabi/lib/armv7e-m/fpu/libm.a(lib_a-w_sqrt.o)
                                  0x8 (size before relaxing)
 *fill*         0x0000617d        0x3 
 .rodata.dp_h   0x00006180       0x10 /opt/Freescale/KDS_v3/toolchain/bin/../lib/gcc/arm-none-eabi/4.8.4/../../../../arm-none-eabi/lib/armv7e-m/fpu/libm.a(lib_a-e_pow.o)
 .rodata.dp_l   0x00006190       0x10 /opt/Freescale/KDS_v3/toolchain/bin/../lib/gcc/arm-none-eabi/4.8.4/../../../../arm-none-eabi/lib/armv7e-m/fpu/libm.a(lib_a-e_pow.o)
 .rodata.bp     0x000061a0       0x10 /opt/Freescale/KDS_v3/toolchain/bin/../lib/gcc/arm-none-eabi/4.8.4/../../../../arm-none-eabi/lib/armv7e-m/fpu/libm.a(lib_a-e_pow.o)
 .rodata.str1.4
                0x00000000        0x8 /opt/Freescale/KDS_v3/toolchain/bin/../lib/gcc/arm-none-eabi/4.8.4/../../../../arm-none-eabi/lib/armv7e-m/fpu/libm.a(lib_a-e_pow.o)
                                  0x4 (size before relaxing)
 .rodata.TWO52  0x000061b0       0x10 /opt/Freescale/KDS_v3/toolchain/bin/../lib/gcc/arm-none-eabi/4.8.4/../../../../arm-none-eabi/lib/armv7e-m/fpu/libm.a(lib_a-s_rint.o)
 .rodata.str1.1
                0x000061c0       0x3c /opt/Freescale/KDS_v3/toolchain/bin/../lib/gcc/arm-none-eabi/4.8.4/../../../../arm-none-eabi/lib/armv7e-m/fpu/libg_s.a(lib_a-assert.o)
                                 0x3d (size before relaxing)
 .rodata.str1.1
                0x000061fc        0x2 /opt/Freescale/KDS_v3/toolchain/bin/../lib/gcc/arm-none-eabi/4.8.4/../../../../arm-none-eabi/lib/armv7e-m/fpu/libg_s.a(lib_a-impure.o)
 *fill*         0x000061fe        0x2 
 .rodata._global_impure_ptr
                0x00006200        0x4 /opt/Freescale/KDS_v3/toolchain/bin/../lib/gcc/arm-none-eabi/4.8.4/../../../../arm-none-eabi/lib/armv7e-m/fpu/libg_s.a(lib_a-impure.o)
                0x00006200                _global_impure_ptr
 .rodata.str1.1
                0x00006204       0x11 /opt/Freescale/KDS_v3/toolchain/bin/../lib/gcc/arm-none-eabi/4.8.4/../../../../arm-none-eabi/lib/armv7e-m/fpu/libg_s.a(lib_a-vfprintf.o)
 .rodata.str1.1
                0x00006215       0x22 /opt/Freescale/KDS_v3/toolchain/bin/../lib/gcc/arm-none-eabi/4.8.4/../../../../arm-none-eabi/lib/armv7e-m/fpu/libg_s.a(lib_a-vfprintf_i.o)
 *fill*         0x00006237        0x1 
 .rodata.__sf_fake_stdin
                0x00006238       0x20 /opt/Freescale/KDS_v3/toolchain/bin/../lib/gcc/arm-none-eabi/4.8.4/../../../../arm-none-eabi/lib/armv7e-m/fpu/libg_s.a(lib_a-findfp.o)
                0x00006238                __sf_fake_stdin
 .rodata.__sf_fake_stdout
                0x00006258       0x20 /opt/Freescale/KDS_v3/toolchain/bin/../lib/gcc/arm-none-eabi/4.8.4/../../../../arm-none-eabi/lib/armv7e-m/fpu/libg_s.a(lib_a-findfp.o)
                0x00006258                __sf_fake_stdout
 .rodata.__sf_fake_stderr
                0x00006278       0x20 /opt/Freescale/KDS_v3/toolchain/bin/../lib/gcc/arm-none-eabi/4.8.4/../../../../arm-none-eabi/lib/armv7e-m/fpu/libg_s.a(lib_a-findfp.o)
                0x00006278                __sf_fake_stderr
 *(.glue_7)
 .glue_7        0x00000000        0x0 linker stubs
 *(.glue_7t)
 .glue_7t       0x00000000        0x0 linker stubs
 *(.eh_frame)
 .eh_frame      0x00006298        0x0 /opt/Freescale/KDS_v3/toolchain/bin/../lib/gcc/arm-none-eabi/4.8.4/armv7e-m/fpu/crtbegin.o
 *(.init)
 .init          0x00006298        0x4 /opt/Freescale/KDS_v3/toolchain/bin/../lib/gcc/arm-none-eabi/4.8.4/armv7e-m/fpu/crti.o
                0x00006298                _init
 .init          0x0000629c        0x8 /opt/Freescale/KDS_v3/toolchain/bin/../lib/gcc/arm-none-eabi/4.8.4/armv7e-m/fpu/crtn.o
 *(.fini)
 .fini          0x000062a4        0x4 /opt/Freescale/KDS_v3/toolchain/bin/../lib/gcc/arm-none-eabi/4.8.4/armv7e-m/fpu/crti.o
                0x000062a4                _fini
 .fini          0x000062a8        0x8 /opt/Freescale/KDS_v3/toolchain/bin/../lib/gcc/arm-none-eabi/4.8.4/armv7e-m/fpu/crtn.o
                0x000062b0                . = ALIGN (0x4)

.vfp11_veneer   0x000062b0        0x0
 .vfp11_veneer  0x00000000        0x0 linker stubs

.v4_bx          0x000062b0        0x0
 .v4_bx         0x00000000        0x0 linker stubs

.iplt           0x000062b0        0x0
 .iplt          0x00000000        0x0 /opt/Freescale/KDS_v3/toolchain/bin/../lib/gcc/arm-none-eabi/4.8.4/armv7e-m/fpu/crtbegin.o

.ARM.extab
 *(.ARM.extab* .gnu.linkonce.armextab.*)

.ARM            0x000062b0        0x8
                0x000062b0                __exidx_start = .
 *(.ARM.exidx*)
 .ARM.exidx     0x000062b0        0x8 /opt/Freescale/KDS_v3/toolchain/bin/../lib/gcc/arm-none-eabi/4.8.4/../../../../arm-none-eabi/lib/armv7e-m/fpu/crt0.o
                0x000062b8                __exidx_end = .

.rel.dyn        0x000062b8        0x0
 .rel.iplt      0x00000000        0x0 /opt/Freescale/KDS_v3/toolchain/bin/../lib/gcc/arm-none-eabi/4.8.4/armv7e-m/fpu/crtbegin.o

.ctors          0x000062b8        0x0
                0x000062b8                __CTOR_LIST__ = .
 *crtbegin.o(.ctors)
 *crtbegin?.o(.ctors)
 *(EXCLUDE_FILE(*crtend.o *crtend?.o) .ctors)
 *(SORT(.ctors.*))
 *(.ctors)
                0x000062b8                __CTOR_END__ = .

.dtors          0x000062b8        0x0
                0x000062b8                __DTOR_LIST__ = .
 *crtbegin.o(.dtors)
 *crtbegin?.o(.dtors)
 *(EXCLUDE_FILE(*crtend.o *crtend?.o) .dtors)
 *(SORT(.dtors.*))
 *(.dtors)
                0x000062b8                __DTOR_END__ = .

.preinit_array  0x000062b8        0x0
                0x000062b8                PROVIDE (__preinit_array_start, .)
 *(.preinit_array*)
                0x000062b8                PROVIDE (__preinit_array_end, .)

.init_array     0x000062b8        0x4
                0x000062b8                PROVIDE (__init_array_start, .)
 *(SORT(.init_array.*))
 *(.init_array*)
 .init_array    0x000062b8        0x4 /opt/Freescale/KDS_v3/toolchain/bin/../lib/gcc/arm-none-eabi/4.8.4/armv7e-m/fpu/crtbegin.o
                0x000062bc                PROVIDE (__init_array_end, .)

.fini_array     0x000062bc        0x4
                0x000062bc                PROVIDE (__fini_array_start, .)
 *(SORT(.fini_array.*))
 *(.fini_array*)
 .fini_array    0x000062bc        0x4 /opt/Freescale/KDS_v3/toolchain/bin/../lib/gcc/arm-none-eabi/4.8.4/armv7e-m/fpu/crtbegin.o
                0x000062c0                PROVIDE (__fini_array_end, .)
                0x000062c0                __etext = .
                0x000062c0                __DATA_ROM = .

.interrupts_ram
                0x1fff0000        0x0
                0x1fff0000                . = ALIGN (0x4)
                0x1fff0000                __VECTOR_RAM__ = .
                0x1fff0000                __interrupts_ram_start__ = .
 *(.m_interrupts_ram)
                0x1fff0000                . = (. + M_VECTOR_RAM_SIZE)
                0x1fff0000                . = ALIGN (0x4)
                0x1fff0000                __interrupts_ram_end__ = .
                0x00000000                __VECTOR_RAM = DEFINED (__ram_vector_table__)?__VECTOR_RAM__:ORIGIN (m_interrupts)
                0x00000000                __RAM_VECTOR_TABLE_SIZE_BYTES = DEFINED (__ram_vector_table__)?(__interrupts_ram_end__ - __interrupts_ram_start__):0x0

.data           0x1fff0000      0x2e0 load address 0x000062c0
                0x1fff0000                . = ALIGN (0x4)
                0x1fff0000                __DATA_RAM = .
                0x1fff0000                __data_start__ = .
 *(.data)
 *(.data*)
 .data.JPEG_INIT
                0x1fff0000      0x180 ./Sources/main.o
                0x1fff0000                JPEG_INIT
 .data.YUV_422  0x1fff0180       0x14 ./Sources/main.o
                0x1fff0180                YUV_422
 .data.JPEG     0x1fff0194       0x14 ./Sources/main.o
                0x1fff0194                JPEG
 .data.JPEG_SMALL
                0x1fff01a8       0x50 ./Sources/main.o
                0x1fff01a8                JPEG_SMALL
 .data.JPEG_1024
                0x1fff01f8       0x50 ./Sources/main.o
                0x1fff01f8                JPEG_1024
 .data.flashSSDConfig
                0x1fff0248       0x24 ./Sources/main.o
                0x1fff0248                flashSSDConfig
 .data.g_fastInternalRefClkFreq
                0x1fff026c        0x4 /home/alex/KSDK_1.3.0/lib/ksdk_platform_lib/kds/K22F51212/debug/libksdk_platform.a(fsl_mcg_hal.o)
                0x1fff026c                g_fastInternalRefClkFreq
 .data.g_slowInternalRefClkFreq
                0x1fff0270        0x4 /home/alex/KSDK_1.3.0/lib/ksdk_platform_lib/kds/K22F51212/debug/libksdk_platform.a(fsl_mcg_hal.o)
                0x1fff0270                g_slowInternalRefClkFreq
 .data.__fdlib_version
                0x1fff0274        0x1 /opt/Freescale/KDS_v3/toolchain/bin/../lib/gcc/arm-none-eabi/4.8.4/../../../../arm-none-eabi/lib/armv7e-m/fpu/libm.a(lib_a-s_lib_ver.o)
                0x1fff0274                __fdlib_version
 *fill*         0x1fff0275        0x3 
 .data.impure_data
                0x1fff0278       0x60 /opt/Freescale/KDS_v3/toolchain/bin/../lib/gcc/arm-none-eabi/4.8.4/../../../../arm-none-eabi/lib/armv7e-m/fpu/libg_s.a(lib_a-impure.o)
 .data._impure_ptr
                0x1fff02d8        0x4 /opt/Freescale/KDS_v3/toolchain/bin/../lib/gcc/arm-none-eabi/4.8.4/../../../../arm-none-eabi/lib/armv7e-m/fpu/libg_s.a(lib_a-impure.o)
                0x1fff02d8                _impure_ptr
 *(.jcr*)
 .jcr           0x1fff02dc        0x0 /opt/Freescale/KDS_v3/toolchain/bin/../lib/gcc/arm-none-eabi/4.8.4/armv7e-m/fpu/crtbegin.o
 .jcr           0x1fff02dc        0x4 /opt/Freescale/KDS_v3/toolchain/bin/../lib/gcc/arm-none-eabi/4.8.4/armv7e-m/fpu/crtend.o
                0x1fff02e0                . = ALIGN (0x4)
                0x1fff02e0                __data_end__ = .
                0x000065a0                __DATA_END = (__DATA_ROM + (__data_end__ - __data_start__))
                0x00080000                text_end = (ORIGIN (m_text) + 0x7fbf0)
                0x00000001                ASSERT ((__DATA_END <= text_end), region m_text overflowed with text and data)

.igot.plt       0x1fff02e0        0x0 load address 0x000065a0
 .igot.plt      0x00000000        0x0 /opt/Freescale/KDS_v3/toolchain/bin/../lib/gcc/arm-none-eabi/4.8.4/armv7e-m/fpu/crtbegin.o

.bss            0x1fff02e0      0xae0 load address 0x000065a0
                0x1fff02e0                . = ALIGN (0x4)
                0x1fff02e0                __START_BSS = .
                0x1fff02e0                __bss_start__ = .
 *(.bss)
 .bss           0x1fff02e0       0x1c /opt/Freescale/KDS_v3/toolchain/bin/../lib/gcc/arm-none-eabi/4.8.4/armv7e-m/fpu/crtbegin.o
 *(.bss*)
 .bss.s_debugConsole
                0x1fff02fc       0x10 ./SDK/platform/utilities/fsl_debug_console.o
 .bss.g_xtal0ClkFreq
                0x1fff030c        0x4 /home/alex/KSDK_1.3.0/lib/ksdk_platform_lib/kds/K22F51212/debug/libksdk_platform.a(fsl_mcg_hal.o)
                0x1fff030c                g_xtal0ClkFreq
 .bss.g_xtalRtcClkFreq
                0x1fff0310        0x4 /home/alex/KSDK_1.3.0/lib/ksdk_platform_lib/kds/K22F51212/debug/libksdk_platform.a(fsl_mcg_hal.o)
                0x1fff0310                g_xtalRtcClkFreq
 .bss.__malloc_sbrk_start
                0x1fff0314        0x4 /opt/Freescale/KDS_v3/toolchain/bin/../lib/gcc/arm-none-eabi/4.8.4/../../../../arm-none-eabi/lib/armv7e-m/fpu/libg_s.a(lib_a-nano-mallocr.o)
                0x1fff0314                __malloc_sbrk_start
 .bss.__malloc_free_list
                0x1fff0318        0x4 /opt/Freescale/KDS_v3/toolchain/bin/../lib/gcc/arm-none-eabi/4.8.4/../../../../arm-none-eabi/lib/armv7e-m/fpu/libg_s.a(lib_a-nano-mallocr.o)
                0x1fff0318                __malloc_free_list
 .bss.heap_end.4246
                0x1fff031c        0x4 /opt/Freescale/KDS_v3/toolchain/bin/../lib/gcc/arm-none-eabi/4.8.4/../../../../arm-none-eabi/lib/armv7e-m/fpu/libnosys.a(sbrk.o)
 *(COMMON)
 COMMON         0x1fff0320      0xa84 ./Sources/main.o
                0x1fff0320                program_buffer
                0x1fff0b20                ramFunc
                0x1fff0c20                __ram_func
                0x1fff0d20                gCallBackCnt
                0x1fff0d24                __ram_for_callback
 COMMON         0x1fff0da4       0x18 ./I2C/i2c.o
                0x1fff0da4                MasterTransmission
                0x1fff0da8                result
 COMMON         0x1fff0dbc        0x4 /opt/Freescale/KDS_v3/toolchain/bin/../lib/gcc/arm-none-eabi/4.8.4/../../../../arm-none-eabi/lib/armv7e-m/fpu/libg_s.a(lib_a-reent.o)
                0x1fff0dbc                errno
                0x1fff0dc0                . = ALIGN (0x4)
                0x1fff0dc0                __bss_end__ = .
                0x1fff0dc0                __END_BSS = .

.heap           0x20000000      0x400
                0x20000000                . = ALIGN (0x8)
                0x20000000                __end__ = .
                0x20000000                PROVIDE (end, .)
                0x20000000                __HeapBase = .
                0x20000400                . = (. + HEAP_SIZE)
 *fill*         0x20000000      0x400 
                0x20000400                __HeapLimit = .

.stack          0x20000400      0x400
                0x20000400                . = ALIGN (0x8)
                0x20000800                . = (. + STACK_SIZE)
 *fill*         0x20000400      0x400 
                0x20010000                __StackTop = (ORIGIN (m_data_2) + 0x10000)
                0x2000fc00                __StackLimit = (__StackTop - STACK_SIZE)
                0x20010000                PROVIDE (__stack, __StackTop)

.ARM.attributes
                0x00000000       0x30
 *(.ARM.attributes)
 .ARM.attributes
                0x00000000       0x22 /opt/Freescale/KDS_v3/toolchain/bin/../lib/gcc/arm-none-eabi/4.8.4/armv7e-m/fpu/crti.o
 .ARM.attributes
                0x00000022       0x34 /opt/Freescale/KDS_v3/toolchain/bin/../lib/gcc/arm-none-eabi/4.8.4/armv7e-m/fpu/crtbegin.o
 .ARM.attributes
                0x00000056       0x20 /opt/Freescale/KDS_v3/toolchain/bin/../lib/gcc/arm-none-eabi/4.8.4/../../../../arm-none-eabi/lib/armv7e-m/fpu/crt0.o
 .ARM.attributes
                0x00000076       0x39 ./Sources/main.o
 .ARM.attributes
                0x000000af       0x39 ./SPI0/SPI0_driver.o
 .ARM.attributes
                0x000000e8       0x39 ./SPI/spi.o
 .ARM.attributes
                0x00000121       0x39 ./SDK/platform/utilities/fsl_debug_console.o
 .ARM.attributes
                0x0000015a       0x39 ./SDK/flash/C90TFS/drvsrc/source/CopyToRam.o
 .ARM.attributes
                0x00000193       0x39 ./SDK/flash/C90TFS/drvsrc/source/FlashCommandSequence.o
 .ARM.attributes
                0x000001cc       0x39 ./SDK/flash/C90TFS/drvsrc/source/FlashInit.o
 .ARM.attributes
                0x00000205       0x39 ./SDK/board/board.o
 .ARM.attributes
                0x0000023e       0x39 ./SDK/board/hardware_init.o
 .ARM.attributes
                0x00000277       0x39 ./SDK/board/pin_mux.o
 .ARM.attributes
                0x000002b0       0x39 ./RFM69/RFM69_driver.o
 .ARM.attributes
                0x000002e9       0x39 ./Project_Settings/Startup_Code/startup.o
 .ARM.attributes
                0x00000322       0x1f ./Project_Settings/Startup_Code/startup_MK22F51212.o
 .ARM.attributes
                0x00000341       0x39 ./Project_Settings/Startup_Code/system_MK22F51212.o
 .ARM.attributes
                0x0000037a       0x39 ./OS/OS.o
 .ARM.attributes
                0x000003b3       0x39 ./I2C/i2c.o
 .ARM.attributes
                0x000003ec       0x39 ./GPIO/gpio.o
 .ARM.attributes
                0x00000425       0x39 ./FTM/FTM_driver.o
 .ARM.attributes
                0x0000045e       0x39 ./Camera/camera.o
 .ARM.attributes
                0x00000497       0x39 ./ACCEL/accel.o
 .ARM.attributes
                0x000004d0       0x39 /home/alex/KSDK_1.3.0/lib/ksdk_platform_lib/kds/K22F51212/debug/libksdk_platform.a(fsl_uart_hal.o)
 .ARM.attributes
                0x00000509       0x39 /home/alex/KSDK_1.3.0/lib/ksdk_platform_lib/kds/K22F51212/debug/libksdk_platform.a(fsl_lpuart_hal.o)
 .ARM.attributes
                0x00000542       0x39 /home/alex/KSDK_1.3.0/lib/ksdk_platform_lib/kds/K22F51212/debug/libksdk_platform.a(fsl_clock_MK22F51212.o)
 .ARM.attributes
                0x0000057b       0x39 /home/alex/KSDK_1.3.0/lib/ksdk_platform_lib/kds/K22F51212/debug/libksdk_platform.a(fsl_clock_manager_common.o)
 .ARM.attributes
                0x000005b4       0x39 /home/alex/KSDK_1.3.0/lib/ksdk_platform_lib/kds/K22F51212/debug/libksdk_platform.a(fsl_mcg_hal.o)
 .ARM.attributes
                0x000005ed       0x34 /opt/Freescale/KDS_v3/toolchain/bin/../lib/gcc/arm-none-eabi/4.8.4/../../../../arm-none-eabi/lib/armv7e-m/fpu/libm.a(lib_a-s_ceil.o)
 .ARM.attributes
                0x00000621       0x34 /opt/Freescale/KDS_v3/toolchain/bin/../lib/gcc/arm-none-eabi/4.8.4/../../../../arm-none-eabi/lib/armv7e-m/fpu/libm.a(lib_a-w_pow.o)
 .ARM.attributes
                0x00000655       0x34 /opt/Freescale/KDS_v3/toolchain/bin/../lib/gcc/arm-none-eabi/4.8.4/../../../../arm-none-eabi/lib/armv7e-m/fpu/libm.a(lib_a-w_sqrt.o)
 .ARM.attributes
                0x00000689       0x34 /opt/Freescale/KDS_v3/toolchain/bin/../lib/gcc/arm-none-eabi/4.8.4/../../../../arm-none-eabi/lib/armv7e-m/fpu/libm.a(lib_a-e_pow.o)
 .ARM.attributes
                0x000006bd       0x34 /opt/Freescale/KDS_v3/toolchain/bin/../lib/gcc/arm-none-eabi/4.8.4/../../../../arm-none-eabi/lib/armv7e-m/fpu/libm.a(lib_a-e_sqrt.o)
 .ARM.attributes
                0x000006f1       0x34 /opt/Freescale/KDS_v3/toolchain/bin/../lib/gcc/arm-none-eabi/4.8.4/../../../../arm-none-eabi/lib/armv7e-m/fpu/libm.a(lib_a-s_fabs.o)
 .ARM.attributes
                0x00000725       0x34 /opt/Freescale/KDS_v3/toolchain/bin/../lib/gcc/arm-none-eabi/4.8.4/../../../../arm-none-eabi/lib/armv7e-m/fpu/libm.a(lib_a-s_finite.o)
 .ARM.attributes
                0x00000759       0x34 /opt/Freescale/KDS_v3/toolchain/bin/../lib/gcc/arm-none-eabi/4.8.4/../../../../arm-none-eabi/lib/armv7e-m/fpu/libm.a(lib_a-s_fpclassify.o)
 .ARM.attributes
                0x0000078d       0x34 /opt/Freescale/KDS_v3/toolchain/bin/../lib/gcc/arm-none-eabi/4.8.4/../../../../arm-none-eabi/lib/armv7e-m/fpu/libm.a(lib_a-s_lib_ver.o)
 .ARM.attributes
                0x000007c1       0x34 /opt/Freescale/KDS_v3/toolchain/bin/../lib/gcc/arm-none-eabi/4.8.4/../../../../arm-none-eabi/lib/armv7e-m/fpu/libm.a(lib_a-s_matherr.o)
 .ARM.attributes
                0x000007f5       0x34 /opt/Freescale/KDS_v3/toolchain/bin/../lib/gcc/arm-none-eabi/4.8.4/../../../../arm-none-eabi/lib/armv7e-m/fpu/libm.a(lib_a-s_nan.o)
 .ARM.attributes
                0x00000829       0x34 /opt/Freescale/KDS_v3/toolchain/bin/../lib/gcc/arm-none-eabi/4.8.4/../../../../arm-none-eabi/lib/armv7e-m/fpu/libm.a(lib_a-s_rint.o)
 .ARM.attributes
                0x0000085d       0x34 /opt/Freescale/KDS_v3/toolchain/bin/../lib/gcc/arm-none-eabi/4.8.4/../../../../arm-none-eabi/lib/armv7e-m/fpu/libm.a(lib_a-s_scalbn.o)
 .ARM.attributes
                0x00000891       0x34 /opt/Freescale/KDS_v3/toolchain/bin/../lib/gcc/arm-none-eabi/4.8.4/../../../../arm-none-eabi/lib/armv7e-m/fpu/libm.a(lib_a-s_copysign.o)
 .ARM.attributes
                0x000008c5       0x22 /opt/Freescale/KDS_v3/toolchain/bin/../lib/gcc/arm-none-eabi/4.8.4/armv7e-m/fpu/libgcc.a(_arm_addsubdf3.o)
 .ARM.attributes
                0x000008e7       0x22 /opt/Freescale/KDS_v3/toolchain/bin/../lib/gcc/arm-none-eabi/4.8.4/armv7e-m/fpu/libgcc.a(_arm_muldivdf3.o)
 .ARM.attributes
                0x00000909       0x22 /opt/Freescale/KDS_v3/toolchain/bin/../lib/gcc/arm-none-eabi/4.8.4/armv7e-m/fpu/libgcc.a(_arm_cmpdf2.o)
 .ARM.attributes
                0x0000092b       0x22 /opt/Freescale/KDS_v3/toolchain/bin/../lib/gcc/arm-none-eabi/4.8.4/armv7e-m/fpu/libgcc.a(_arm_fixdfsi.o)
 .ARM.attributes
                0x0000094d       0x22 /opt/Freescale/KDS_v3/toolchain/bin/../lib/gcc/arm-none-eabi/4.8.4/armv7e-m/fpu/libgcc.a(_arm_fixunsdfsi.o)
 .ARM.attributes
                0x0000096f       0x22 /opt/Freescale/KDS_v3/toolchain/bin/../lib/gcc/arm-none-eabi/4.8.4/armv7e-m/fpu/libgcc.a(_arm_truncdfsf2.o)
 .ARM.attributes
                0x00000991       0x34 /opt/Freescale/KDS_v3/toolchain/bin/../lib/gcc/arm-none-eabi/4.8.4/../../../../arm-none-eabi/lib/armv7e-m/fpu/libg_s.a(lib_a-assert.o)
 .ARM.attributes
                0x000009c5       0x34 /opt/Freescale/KDS_v3/toolchain/bin/../lib/gcc/arm-none-eabi/4.8.4/../../../../arm-none-eabi/lib/armv7e-m/fpu/libg_s.a(lib_a-calloc.o)
 .ARM.attributes
                0x000009f9       0x34 /opt/Freescale/KDS_v3/toolchain/bin/../lib/gcc/arm-none-eabi/4.8.4/../../../../arm-none-eabi/lib/armv7e-m/fpu/libg_s.a(lib_a-errno.o)
 .ARM.attributes
                0x00000a2d       0x34 /opt/Freescale/KDS_v3/toolchain/bin/../lib/gcc/arm-none-eabi/4.8.4/../../../../arm-none-eabi/lib/armv7e-m/fpu/libg_s.a(lib_a-exit.o)
 .ARM.attributes
                0x00000a61       0x34 /opt/Freescale/KDS_v3/toolchain/bin/../lib/gcc/arm-none-eabi/4.8.4/../../../../arm-none-eabi/lib/armv7e-m/fpu/libg_s.a(lib_a-fprintf.o)
 .ARM.attributes
                0x00000a95       0x34 /opt/Freescale/KDS_v3/toolchain/bin/../lib/gcc/arm-none-eabi/4.8.4/../../../../arm-none-eabi/lib/armv7e-m/fpu/libg_s.a(lib_a-impure.o)
 .ARM.attributes
                0x00000ac9       0x34 /opt/Freescale/KDS_v3/toolchain/bin/../lib/gcc/arm-none-eabi/4.8.4/../../../../arm-none-eabi/lib/armv7e-m/fpu/libg_s.a(lib_a-init.o)
 .ARM.attributes
                0x00000afd       0x34 /opt/Freescale/KDS_v3/toolchain/bin/../lib/gcc/arm-none-eabi/4.8.4/../../../../arm-none-eabi/lib/armv7e-m/fpu/libg_s.a(lib_a-malloc.o)
 .ARM.attributes
                0x00000b31       0x34 /opt/Freescale/KDS_v3/toolchain/bin/../lib/gcc/arm-none-eabi/4.8.4/../../../../arm-none-eabi/lib/armv7e-m/fpu/libg_s.a(lib_a-memcmp.o)
 .ARM.attributes
                0x00000b65       0x34 /opt/Freescale/KDS_v3/toolchain/bin/../lib/gcc/arm-none-eabi/4.8.4/../../../../arm-none-eabi/lib/armv7e-m/fpu/libg_s.a(lib_a-memset.o)
 .ARM.attributes
                0x00000b99       0x34 /opt/Freescale/KDS_v3/toolchain/bin/../lib/gcc/arm-none-eabi/4.8.4/../../../../arm-none-eabi/lib/armv7e-m/fpu/libg_s.a(lib_a-nano-callocr.o)
 .ARM.attributes
                0x00000bcd       0x34 /opt/Freescale/KDS_v3/toolchain/bin/../lib/gcc/arm-none-eabi/4.8.4/../../../../arm-none-eabi/lib/armv7e-m/fpu/libg_s.a(lib_a-nano-freer.o)
 .ARM.attributes
                0x00000c01       0x34 /opt/Freescale/KDS_v3/toolchain/bin/../lib/gcc/arm-none-eabi/4.8.4/../../../../arm-none-eabi/lib/armv7e-m/fpu/libg_s.a(lib_a-nano-mallocr.o)
 .ARM.attributes
                0x00000c35       0x34 /opt/Freescale/KDS_v3/toolchain/bin/../lib/gcc/arm-none-eabi/4.8.4/../../../../arm-none-eabi/lib/armv7e-m/fpu/libg_s.a(lib_a-sbrkr.o)
 .ARM.attributes
                0x00000c69       0x34 /opt/Freescale/KDS_v3/toolchain/bin/../lib/gcc/arm-none-eabi/4.8.4/../../../../arm-none-eabi/lib/armv7e-m/fpu/libg_s.a(lib_a-strlen.o)
 .ARM.attributes
                0x00000c9d       0x34 /opt/Freescale/KDS_v3/toolchain/bin/../lib/gcc/arm-none-eabi/4.8.4/../../../../arm-none-eabi/lib/armv7e-m/fpu/libg_s.a(lib_a-vfprintf.o)
 .ARM.attributes
                0x00000cd1       0x34 /opt/Freescale/KDS_v3/toolchain/bin/../lib/gcc/arm-none-eabi/4.8.4/../../../../arm-none-eabi/lib/armv7e-m/fpu/libg_s.a(lib_a-vfprintf_i.o)
 .ARM.attributes
                0x00000d05       0x34 /opt/Freescale/KDS_v3/toolchain/bin/../lib/gcc/arm-none-eabi/4.8.4/../../../../arm-none-eabi/lib/armv7e-m/fpu/libg_s.a(lib_a-wbuf.o)
 .ARM.attributes
                0x00000d39       0x34 /opt/Freescale/KDS_v3/toolchain/bin/../lib/gcc/arm-none-eabi/4.8.4/../../../../arm-none-eabi/lib/armv7e-m/fpu/libg_s.a(lib_a-wsetup.o)
 .ARM.attributes
                0x00000d6d       0x34 /opt/Freescale/KDS_v3/toolchain/bin/../lib/gcc/arm-none-eabi/4.8.4/../../../../arm-none-eabi/lib/armv7e-m/fpu/libg_s.a(lib_a-abort.o)
 .ARM.attributes
                0x00000da1       0x34 /opt/Freescale/KDS_v3/toolchain/bin/../lib/gcc/arm-none-eabi/4.8.4/../../../../arm-none-eabi/lib/armv7e-m/fpu/libg_s.a(lib_a-fflush.o)
 .ARM.attributes
                0x00000dd5       0x34 /opt/Freescale/KDS_v3/toolchain/bin/../lib/gcc/arm-none-eabi/4.8.4/../../../../arm-none-eabi/lib/armv7e-m/fpu/libg_s.a(lib_a-findfp.o)
 .ARM.attributes
                0x00000e09       0x34 /opt/Freescale/KDS_v3/toolchain/bin/../lib/gcc/arm-none-eabi/4.8.4/../../../../arm-none-eabi/lib/armv7e-m/fpu/libg_s.a(lib_a-makebuf.o)
 .ARM.attributes
                0x00000e3d       0x34 /opt/Freescale/KDS_v3/toolchain/bin/../lib/gcc/arm-none-eabi/4.8.4/../../../../arm-none-eabi/lib/armv7e-m/fpu/libg_s.a(lib_a-memchr-stub.o)
 .ARM.attributes
                0x00000e71       0x34 /opt/Freescale/KDS_v3/toolchain/bin/../lib/gcc/arm-none-eabi/4.8.4/../../../../arm-none-eabi/lib/armv7e-m/fpu/libg_s.a(lib_a-reent.o)
 .ARM.attributes
                0x00000ea5       0x34 /opt/Freescale/KDS_v3/toolchain/bin/../lib/gcc/arm-none-eabi/4.8.4/../../../../arm-none-eabi/lib/armv7e-m/fpu/libg_s.a(lib_a-signal.o)
 .ARM.attributes
                0x00000ed9       0x34 /opt/Freescale/KDS_v3/toolchain/bin/../lib/gcc/arm-none-eabi/4.8.4/../../../../arm-none-eabi/lib/armv7e-m/fpu/libg_s.a(lib_a-signalr.o)
 .ARM.attributes
                0x00000f0d       0x34 /opt/Freescale/KDS_v3/toolchain/bin/../lib/gcc/arm-none-eabi/4.8.4/../../../../arm-none-eabi/lib/armv7e-m/fpu/libg_s.a(lib_a-stdio.o)
 .ARM.attributes
                0x00000f41       0x34 /opt/Freescale/KDS_v3/toolchain/bin/../lib/gcc/arm-none-eabi/4.8.4/../../../../arm-none-eabi/lib/armv7e-m/fpu/libg_s.a(lib_a-writer.o)
 .ARM.attributes
                0x00000f75       0x34 /opt/Freescale/KDS_v3/toolchain/bin/../lib/gcc/arm-none-eabi/4.8.4/../../../../arm-none-eabi/lib/armv7e-m/fpu/libg_s.a(lib_a-closer.o)
 .ARM.attributes
                0x00000fa9       0x34 /opt/Freescale/KDS_v3/toolchain/bin/../lib/gcc/arm-none-eabi/4.8.4/../../../../arm-none-eabi/lib/armv7e-m/fpu/libg_s.a(lib_a-fstatr.o)
 .ARM.attributes
                0x00000fdd       0x34 /opt/Freescale/KDS_v3/toolchain/bin/../lib/gcc/arm-none-eabi/4.8.4/../../../../arm-none-eabi/lib/armv7e-m/fpu/libg_s.a(lib_a-isattyr.o)
 .ARM.attributes
                0x00001011       0x34 /opt/Freescale/KDS_v3/toolchain/bin/../lib/gcc/arm-none-eabi/4.8.4/../../../../arm-none-eabi/lib/armv7e-m/fpu/libg_s.a(lib_a-lseekr.o)
 .ARM.attributes
                0x00001045       0x34 /opt/Freescale/KDS_v3/toolchain/bin/../lib/gcc/arm-none-eabi/4.8.4/../../../../arm-none-eabi/lib/armv7e-m/fpu/libg_s.a(lib_a-readr.o)
 .ARM.attributes
                0x00001079       0x34 /opt/Freescale/KDS_v3/toolchain/bin/../lib/gcc/arm-none-eabi/4.8.4/../../../../arm-none-eabi/lib/armv7e-m/fpu/libnosys.a(close.o)
 .ARM.attributes
                0x000010ad       0x34 /opt/Freescale/KDS_v3/toolchain/bin/../lib/gcc/arm-none-eabi/4.8.4/../../../../arm-none-eabi/lib/armv7e-m/fpu/libnosys.a(fstat.o)
 .ARM.attributes
                0x000010e1       0x34 /opt/Freescale/KDS_v3/toolchain/bin/../lib/gcc/arm-none-eabi/4.8.4/../../../../arm-none-eabi/lib/armv7e-m/fpu/libnosys.a(getpid.o)
 .ARM.attributes
                0x00001115       0x34 /opt/Freescale/KDS_v3/toolchain/bin/../lib/gcc/arm-none-eabi/4.8.4/../../../../arm-none-eabi/lib/armv7e-m/fpu/libnosys.a(isatty.o)
 .ARM.attributes
                0x00001149       0x34 /opt/Freescale/KDS_v3/toolchain/bin/../lib/gcc/arm-none-eabi/4.8.4/../../../../arm-none-eabi/lib/armv7e-m/fpu/libnosys.a(kill.o)
 .ARM.attributes
                0x0000117d       0x34 /opt/Freescale/KDS_v3/toolchain/bin/../lib/gcc/arm-none-eabi/4.8.4/../../../../arm-none-eabi/lib/armv7e-m/fpu/libnosys.a(lseek.o)
 .ARM.attributes
                0x000011b1       0x34 /opt/Freescale/KDS_v3/toolchain/bin/../lib/gcc/arm-none-eabi/4.8.4/../../../../arm-none-eabi/lib/armv7e-m/fpu/libnosys.a(sbrk.o)
 .ARM.attributes
                0x000011e5       0x34 /opt/Freescale/KDS_v3/toolchain/bin/../lib/gcc/arm-none-eabi/4.8.4/../../../../arm-none-eabi/lib/armv7e-m/fpu/libnosys.a(_exit.o)
 .ARM.attributes
                0x00001219       0x34 /opt/Freescale/KDS_v3/toolchain/bin/../lib/gcc/arm-none-eabi/4.8.4/armv7e-m/fpu/crtend.o
 .ARM.attributes
                0x0000124d       0x22 /opt/Freescale/KDS_v3/toolchain/bin/../lib/gcc/arm-none-eabi/4.8.4/armv7e-m/fpu/crtn.o
                0x00000001                ASSERT ((__StackLimit >= __HeapLimit), region m_data_2 overflowed with stack and heap)
OUTPUT(FLash.elf elf32-littlearm)

.debug_info     0x00000000     0xac65
 .debug_info    0x00000000      0x790 ./Sources/main.o
 .debug_info    0x00000790      0x544 ./SPI0/SPI0_driver.o
 .debug_info    0x00000cd4      0x56c ./SPI/spi.o
 .debug_info    0x00001240      0xf63 ./SDK/platform/utilities/fsl_debug_console.o
 .debug_info    0x000021a3      0x16c ./SDK/flash/C90TFS/drvsrc/source/CopyToRam.o
 .debug_info    0x0000230f      0x1c1 ./SDK/flash/C90TFS/drvsrc/source/FlashCommandSequence.o
 .debug_info    0x000024d0      0x185 ./SDK/flash/C90TFS/drvsrc/source/FlashInit.o
 .debug_info    0x00002655      0xa1a ./SDK/board/board.o
 .debug_info    0x0000306f      0x114 ./SDK/board/hardware_init.o
 .debug_info    0x00003183      0x3e9 ./SDK/board/pin_mux.o
 .debug_info    0x0000356c      0x38e ./RFM69/RFM69_driver.o
 .debug_info    0x000038fa      0x3a7 ./Project_Settings/Startup_Code/startup.o
 .debug_info    0x00003ca1       0x84 ./Project_Settings/Startup_Code/startup_MK22F51212.o
 .debug_info    0x00003d25      0xab8 ./Project_Settings/Startup_Code/system_MK22F51212.o
 .debug_info    0x000047dd      0xe6b ./OS/OS.o
 .debug_info    0x00005648      0x582 ./I2C/i2c.o
 .debug_info    0x00005bca      0x46d ./GPIO/gpio.o
 .debug_info    0x00006037      0x49b ./FTM/FTM_driver.o
 .debug_info    0x000064d2      0x35a ./Camera/camera.o
 .debug_info    0x0000682c      0x20f ./ACCEL/accel.o
 .debug_info    0x00006a3b      0xf84 /home/alex/KSDK_1.3.0/lib/ksdk_platform_lib/kds/K22F51212/debug/libksdk_platform.a(fsl_uart_hal.o)
 .debug_info    0x000079bf      0xa13 /home/alex/KSDK_1.3.0/lib/ksdk_platform_lib/kds/K22F51212/debug/libksdk_platform.a(fsl_lpuart_hal.o)
 .debug_info    0x000083d2     0x1808 /home/alex/KSDK_1.3.0/lib/ksdk_platform_lib/kds/K22F51212/debug/libksdk_platform.a(fsl_clock_MK22F51212.o)
 .debug_info    0x00009bda      0x42f /home/alex/KSDK_1.3.0/lib/ksdk_platform_lib/kds/K22F51212/debug/libksdk_platform.a(fsl_clock_manager_common.o)
 .debug_info    0x0000a009      0xc5c /home/alex/KSDK_1.3.0/lib/ksdk_platform_lib/kds/K22F51212/debug/libksdk_platform.a(fsl_mcg_hal.o)

.debug_abbrev   0x00000000     0x24f7
 .debug_abbrev  0x00000000      0x1fa ./Sources/main.o
 .debug_abbrev  0x000001fa      0x153 ./SPI0/SPI0_driver.o
 .debug_abbrev  0x0000034d      0x189 ./SPI/spi.o
 .debug_abbrev  0x000004d6      0x2b1 ./SDK/platform/utilities/fsl_debug_console.o
 .debug_abbrev  0x00000787       0xc0 ./SDK/flash/C90TFS/drvsrc/source/CopyToRam.o
 .debug_abbrev  0x00000847       0xc5 ./SDK/flash/C90TFS/drvsrc/source/FlashCommandSequence.o
 .debug_abbrev  0x0000090c       0xab ./SDK/flash/C90TFS/drvsrc/source/FlashInit.o
 .debug_abbrev  0x000009b7      0x225 ./SDK/board/board.o
 .debug_abbrev  0x00000bdc       0x8d ./SDK/board/hardware_init.o
 .debug_abbrev  0x00000c69      0x121 ./SDK/board/pin_mux.o
 .debug_abbrev  0x00000d8a      0x1b0 ./RFM69/RFM69_driver.o
 .debug_abbrev  0x00000f3a       0xfa ./Project_Settings/Startup_Code/startup.o
 .debug_abbrev  0x00001034       0x14 ./Project_Settings/Startup_Code/startup_MK22F51212.o
 .debug_abbrev  0x00001048      0x141 ./Project_Settings/Startup_Code/system_MK22F51212.o
 .debug_abbrev  0x00001189      0x292 ./OS/OS.o
 .debug_abbrev  0x0000141b      0x19c ./I2C/i2c.o
 .debug_abbrev  0x000015b7      0x148 ./GPIO/gpio.o
 .debug_abbrev  0x000016ff      0x12e ./FTM/FTM_driver.o
 .debug_abbrev  0x0000182d      0x184 ./Camera/camera.o
 .debug_abbrev  0x000019b1      0x10b ./ACCEL/accel.o
 .debug_abbrev  0x00001abc      0x225 /home/alex/KSDK_1.3.0/lib/ksdk_platform_lib/kds/K22F51212/debug/libksdk_platform.a(fsl_uart_hal.o)
 .debug_abbrev  0x00001ce1      0x1f2 /home/alex/KSDK_1.3.0/lib/ksdk_platform_lib/kds/K22F51212/debug/libksdk_platform.a(fsl_lpuart_hal.o)
 .debug_abbrev  0x00001ed3      0x2f3 /home/alex/KSDK_1.3.0/lib/ksdk_platform_lib/kds/K22F51212/debug/libksdk_platform.a(fsl_clock_MK22F51212.o)
 .debug_abbrev  0x000021c6       0xec /home/alex/KSDK_1.3.0/lib/ksdk_platform_lib/kds/K22F51212/debug/libksdk_platform.a(fsl_clock_manager_common.o)
 .debug_abbrev  0x000022b2      0x245 /home/alex/KSDK_1.3.0/lib/ksdk_platform_lib/kds/K22F51212/debug/libksdk_platform.a(fsl_mcg_hal.o)

.debug_aranges  0x00000000      0xb18
 .debug_aranges
                0x00000000       0x48 ./Sources/main.o
 .debug_aranges
                0x00000048       0x38 ./SPI0/SPI0_driver.o
 .debug_aranges
                0x00000080       0x40 ./SPI/spi.o
 .debug_aranges
                0x000000c0       0xb0 ./SDK/platform/utilities/fsl_debug_console.o
 .debug_aranges
                0x00000170       0x20 ./SDK/flash/C90TFS/drvsrc/source/CopyToRam.o
 .debug_aranges
                0x00000190       0x20 ./SDK/flash/C90TFS/drvsrc/source/FlashCommandSequence.o
 .debug_aranges
                0x000001b0       0x20 ./SDK/flash/C90TFS/drvsrc/source/FlashInit.o
 .debug_aranges
                0x000001d0       0x60 ./SDK/board/board.o
 .debug_aranges
                0x00000230       0x20 ./SDK/board/hardware_init.o
 .debug_aranges
                0x00000250       0x68 ./SDK/board/pin_mux.o
 .debug_aranges
                0x000002b8       0x68 ./RFM69/RFM69_driver.o
 .debug_aranges
                0x00000320       0x20 ./Project_Settings/Startup_Code/startup.o
 .debug_aranges
                0x00000340       0x20 ./Project_Settings/Startup_Code/startup_MK22F51212.o
 .debug_aranges
                0x00000360       0x28 ./Project_Settings/Startup_Code/system_MK22F51212.o
 .debug_aranges
                0x00000388       0xd8 ./OS/OS.o
 .debug_aranges
                0x00000460       0x50 ./I2C/i2c.o
 .debug_aranges
                0x000004b0       0x50 ./GPIO/gpio.o
 .debug_aranges
                0x00000500       0x50 ./FTM/FTM_driver.o
 .debug_aranges
                0x00000550       0x50 ./Camera/camera.o
 .debug_aranges
                0x000005a0       0x40 ./ACCEL/accel.o
 .debug_aranges
                0x000005e0      0x138 /home/alex/KSDK_1.3.0/lib/ksdk_platform_lib/kds/K22F51212/debug/libksdk_platform.a(fsl_uart_hal.o)
 .debug_aranges
                0x00000718       0xd8 /home/alex/KSDK_1.3.0/lib/ksdk_platform_lib/kds/K22F51212/debug/libksdk_platform.a(fsl_lpuart_hal.o)
 .debug_aranges
                0x000007f0      0x218 /home/alex/KSDK_1.3.0/lib/ksdk_platform_lib/kds/K22F51212/debug/libksdk_platform.a(fsl_clock_MK22F51212.o)
 .debug_aranges
                0x00000a08       0x18 /home/alex/KSDK_1.3.0/lib/ksdk_platform_lib/kds/K22F51212/debug/libksdk_platform.a(fsl_clock_manager_common.o)
 .debug_aranges
                0x00000a20       0xf8 /home/alex/KSDK_1.3.0/lib/ksdk_platform_lib/kds/K22F51212/debug/libksdk_platform.a(fsl_mcg_hal.o)

.debug_ranges   0x00000000      0x970
 .debug_ranges  0x00000000       0x38 ./Sources/main.o
 .debug_ranges  0x00000038       0x28 ./SPI0/SPI0_driver.o
 .debug_ranges  0x00000060       0x30 ./SPI/spi.o
 .debug_ranges  0x00000090       0xa0 ./SDK/platform/utilities/fsl_debug_console.o
 .debug_ranges  0x00000130       0x10 ./SDK/flash/C90TFS/drvsrc/source/CopyToRam.o
 .debug_ranges  0x00000140       0x10 ./SDK/flash/C90TFS/drvsrc/source/FlashCommandSequence.o
 .debug_ranges  0x00000150       0x10 ./SDK/flash/C90TFS/drvsrc/source/FlashInit.o
 .debug_ranges  0x00000160       0x50 ./SDK/board/board.o
 .debug_ranges  0x000001b0       0x10 ./SDK/board/hardware_init.o
 .debug_ranges  0x000001c0       0x58 ./SDK/board/pin_mux.o
 .debug_ranges  0x00000218       0x58 ./RFM69/RFM69_driver.o
 .debug_ranges  0x00000270       0x10 ./Project_Settings/Startup_Code/startup.o
 .debug_ranges  0x00000280       0x18 ./Project_Settings/Startup_Code/system_MK22F51212.o
 .debug_ranges  0x00000298       0xc8 ./OS/OS.o
 .debug_ranges  0x00000360       0x40 ./I2C/i2c.o
 .debug_ranges  0x000003a0       0x40 ./GPIO/gpio.o
 .debug_ranges  0x000003e0       0x40 ./FTM/FTM_driver.o
 .debug_ranges  0x00000420       0x40 ./Camera/camera.o
 .debug_ranges  0x00000460       0x30 ./ACCEL/accel.o
 .debug_ranges  0x00000490      0x128 /home/alex/KSDK_1.3.0/lib/ksdk_platform_lib/kds/K22F51212/debug/libksdk_platform.a(fsl_uart_hal.o)
 .debug_ranges  0x000005b8       0xc8 /home/alex/KSDK_1.3.0/lib/ksdk_platform_lib/kds/K22F51212/debug/libksdk_platform.a(fsl_lpuart_hal.o)
 .debug_ranges  0x00000680      0x208 /home/alex/KSDK_1.3.0/lib/ksdk_platform_lib/kds/K22F51212/debug/libksdk_platform.a(fsl_clock_MK22F51212.o)
 .debug_ranges  0x00000888       0xe8 /home/alex/KSDK_1.3.0/lib/ksdk_platform_lib/kds/K22F51212/debug/libksdk_platform.a(fsl_mcg_hal.o)

.debug_macro    0x00000000     0x4395
 .debug_macro   0x00000000      0x351 ./Sources/main.o
 .debug_macro   0x00000351      0x166 ./Sources/main.o
 .debug_macro   0x000004b7      0x2a6 ./Sources/main.o
 .debug_macro   0x0000075d       0x10 ./Sources/main.o
 .debug_macro   0x0000076d       0xde ./Sources/main.o
 .debug_macro   0x0000084b       0x7c ./Sources/main.o
 .debug_macro   0x000008c7       0x16 ./Sources/main.o
 .debug_macro   0x000008dd       0x28 ./Sources/main.o
 .debug_macro   0x00000905       0x40 ./Sources/main.o
 .debug_macro   0x00000945       0xb2 ./Sources/main.o
 .debug_macro   0x000009f7      0x1b7 ./SPI0/SPI0_driver.o
 .debug_macro   0x00000bae      0x167 ./SPI/spi.o
 .debug_macro   0x00000d15      0x2d6 ./SDK/platform/utilities/fsl_debug_console.o
 .debug_macro   0x00000feb       0x58 ./SDK/platform/utilities/fsl_debug_console.o
 .debug_macro   0x00001043       0x3a ./SDK/platform/utilities/fsl_debug_console.o
 .debug_macro   0x0000107d       0x11 ./SDK/platform/utilities/fsl_debug_console.o
 .debug_macro   0x0000108e       0x10 ./SDK/platform/utilities/fsl_debug_console.o
 .debug_macro   0x0000109e      0x1b0 ./SDK/flash/C90TFS/drvsrc/source/CopyToRam.o
 .debug_macro   0x0000124e      0x13a ./SDK/flash/C90TFS/drvsrc/source/CopyToRam.o
 .debug_macro   0x00001388      0x1b0 ./SDK/flash/C90TFS/drvsrc/source/FlashCommandSequence.o
 .debug_macro   0x00001538      0x1b0 ./SDK/flash/C90TFS/drvsrc/source/FlashInit.o
 .debug_macro   0x000016e8      0x287 ./SDK/board/board.o
 .debug_macro   0x0000196f      0x26d ./SDK/board/hardware_init.o
 .debug_macro   0x00001bdc      0x18d ./SDK/board/pin_mux.o
 .debug_macro   0x00001d69      0x22c ./RFM69/RFM69_driver.o
 .debug_macro   0x00001f95     0x17b8 ./RFM69/RFM69_driver.o
 .debug_macro   0x0000374d      0x171 ./Project_Settings/Startup_Code/startup.o
 .debug_macro   0x000038be      0x162 ./Project_Settings/Startup_Code/system_MK22F51212.o
 .debug_macro   0x00003a20      0x1ce ./OS/OS.o
 .debug_macro   0x00003bee      0x176 ./I2C/i2c.o
 .debug_macro   0x00003d64       0x3a ./I2C/i2c.o
 .debug_macro   0x00003d9e      0x167 ./GPIO/gpio.o
 .debug_macro   0x00003f05      0x17b ./FTM/FTM_driver.o
 .debug_macro   0x00004080      0x183 ./Camera/camera.o
 .debug_macro   0x00004203      0x192 ./ACCEL/accel.o

.debug_line     0x00000000     0x8353
 .debug_line    0x00000000      0xa06 ./Sources/main.o
 .debug_line    0x00000a06      0x448 ./SPI0/SPI0_driver.o
 .debug_line    0x00000e4e      0x420 ./SPI/spi.o
 .debug_line    0x0000126e      0x888 ./SDK/platform/utilities/fsl_debug_console.o
 .debug_line    0x00001af6      0x4a2 ./SDK/flash/C90TFS/drvsrc/source/CopyToRam.o
 .debug_line    0x00001f98      0x49a ./SDK/flash/C90TFS/drvsrc/source/FlashCommandSequence.o
 .debug_line    0x00002432      0x483 ./SDK/flash/C90TFS/drvsrc/source/FlashInit.o
 .debug_line    0x000028b5      0x742 ./SDK/board/board.o
 .debug_line    0x00002ff7      0x674 ./SDK/board/hardware_init.o
 .debug_line    0x0000366b      0x515 ./SDK/board/pin_mux.o
 .debug_line    0x00003b80      0x6c3 ./RFM69/RFM69_driver.o
 .debug_line    0x00004243      0x400 ./Project_Settings/Startup_Code/startup.o
 .debug_line    0x00004643       0x6d ./Project_Settings/Startup_Code/startup_MK22F51212.o
 .debug_line    0x000046b0      0x470 ./Project_Settings/Startup_Code/system_MK22F51212.o
 .debug_line    0x00004b20      0x6ef ./OS/OS.o
 .debug_line    0x0000520f      0x591 ./I2C/i2c.o
 .debug_line    0x000057a0      0x41a ./GPIO/gpio.o
 .debug_line    0x00005bba      0x466 ./FTM/FTM_driver.o
 .debug_line    0x00006020      0x4b2 ./Camera/camera.o
 .debug_line    0x000064d2      0x443 ./ACCEL/accel.o
 .debug_line    0x00006915      0x662 /home/alex/KSDK_1.3.0/lib/ksdk_platform_lib/kds/K22F51212/debug/libksdk_platform.a(fsl_uart_hal.o)
 .debug_line    0x00006f77      0x487 /home/alex/KSDK_1.3.0/lib/ksdk_platform_lib/kds/K22F51212/debug/libksdk_platform.a(fsl_lpuart_hal.o)
 .debug_line    0x000073fe      0x8ea /home/alex/KSDK_1.3.0/lib/ksdk_platform_lib/kds/K22F51212/debug/libksdk_platform.a(fsl_clock_MK22F51212.o)
 .debug_line    0x00007ce8      0x1bc /home/alex/KSDK_1.3.0/lib/ksdk_platform_lib/kds/K22F51212/debug/libksdk_platform.a(fsl_clock_manager_common.o)
 .debug_line    0x00007ea4      0x4af /home/alex/KSDK_1.3.0/lib/ksdk_platform_lib/kds/K22F51212/debug/libksdk_platform.a(fsl_mcg_hal.o)

.debug_str      0x00000000   0x125bfb
 .debug_str     0x00000000   0x11b750 ./Sources/main.o
                             0x11ba43 (size before relaxing)
 .debug_str     0x0011b750      0x1b7 ./SPI0/SPI0_driver.o
                             0x1166fa (size before relaxing)
 .debug_str     0x0011b907       0x45 ./SPI/spi.o
                             0x115cfb (size before relaxing)
 .debug_str     0x0011b94c     0x1026 ./SDK/platform/utilities/fsl_debug_console.o
                             0x1189e5 (size before relaxing)
 .debug_str     0x0011c972       0x5f ./SDK/flash/C90TFS/drvsrc/source/CopyToRam.o
                             0x117bda (size before relaxing)
 .debug_str     0x0011c9d1       0x62 ./SDK/flash/C90TFS/drvsrc/source/FlashCommandSequence.o
                             0x117c5d (size before relaxing)
 .debug_str     0x0011ca33       0x38 ./SDK/flash/C90TFS/drvsrc/source/FlashInit.o
                             0x117c27 (size before relaxing)
 .debug_str     0x0011ca6b      0x8d3 ./SDK/board/board.o
                             0x117856 (size before relaxing)
 .debug_str     0x0011d33e       0x2b ./SDK/board/hardware_init.o
                             0x116e5a (size before relaxing)
 .debug_str     0x0011d369       0xca ./SDK/board/pin_mux.o
                             0x115e02 (size before relaxing)
 .debug_str     0x0011d433     0x575d ./RFM69/RFM69_driver.o
                             0x11cddd (size before relaxing)
 .debug_str     0x00122b90      0x100 ./Project_Settings/Startup_Code/startup.o